2025-08-20T16:00:14.6467939Z Current runner version: '2.327.1'
2025-08-20T16:00:14.6489872Z ##[group]Runner Image Provisioner
2025-08-20T16:00:14.6490651Z Hosted Compute Agent
2025-08-20T16:00:14.6491149Z Version: 20250818.377
2025-08-20T16:00:14.6491824Z Commit: 3c593e9f75fe0b87e893bca80d6e12ba089c61fc
2025-08-20T16:00:14.6492538Z Build Date: 2025-08-18T14:52:18Z
2025-08-20T16:00:14.6493081Z ##[endgroup]
2025-08-20T16:00:14.6493645Z ##[group]Operating System
2025-08-20T16:00:14.6494163Z Ubuntu
2025-08-20T16:00:14.6494632Z 24.04.2
2025-08-20T16:00:14.6495086Z LTS
2025-08-20T16:00:14.6495590Z ##[endgroup]
2025-08-20T16:00:14.6496035Z ##[group]Runner Image
2025-08-20T16:00:14.6496597Z Image: ubuntu-24.04
2025-08-20T16:00:14.6497351Z Version: 20250810.1.0
2025-08-20T16:00:14.6498319Z Included Software: https://github.com/actions/runner-images/blob/ubuntu24/20250810.1/images/ubuntu/Ubuntu2404-Readme.md
2025-08-20T16:00:14.6499878Z Image Release: https://github.com/actions/runner-images/releases/tag/ubuntu24%2F20250810.1
2025-08-20T16:00:14.6500855Z ##[endgroup]
2025-08-20T16:00:14.6501971Z ##[group]GITHUB_TOKEN Permissions
2025-08-20T16:00:14.6503704Z Contents: read
2025-08-20T16:00:14.6504189Z Metadata: read
2025-08-20T16:00:14.6504823Z Packages: read
2025-08-20T16:00:14.6505280Z ##[endgroup]
2025-08-20T16:00:14.6507914Z Secret source: Actions
2025-08-20T16:00:14.6508697Z Prepare workflow directory
2025-08-20T16:00:14.7028775Z Prepare all required actions
2025-08-20T16:00:14.7066531Z Getting action download info
2025-08-20T16:00:15.1353424Z Download action repository 'actions/checkout@v4' (SHA:08eba0b27e820071cde6df949e0beb9ba4906955)
2025-08-20T16:00:15.9227293Z Download action repository 'actions/setup-node@v4' (SHA:49933ea5288caeca8642d1e84afbd3f7d6820020)
2025-08-20T16:00:16.0075692Z Download action repository 'codecov/codecov-action@v4' (SHA:b9fd7d16f6d7d1b5d2bec1a2887e65ceed900238)
2025-08-20T16:00:16.8322449Z Complete job name: Integration Tests
2025-08-20T16:00:16.9027895Z ##[group]Run actions/checkout@v4
2025-08-20T16:00:16.9029146Z with:
2025-08-20T16:00:16.9029889Z   repository: arigsela/chores-tracker
2025-08-20T16:00:16.9031100Z   token: ***
2025-08-20T16:00:16.9031780Z   ssh-strict: true
2025-08-20T16:00:16.9032496Z   ssh-user: git
2025-08-20T16:00:16.9033238Z   persist-credentials: true
2025-08-20T16:00:16.9034082Z   clean: true
2025-08-20T16:00:16.9034821Z   sparse-checkout-cone-mode: true
2025-08-20T16:00:16.9035725Z   fetch-depth: 1
2025-08-20T16:00:16.9036441Z   fetch-tags: false
2025-08-20T16:00:16.9037511Z   show-progress: true
2025-08-20T16:00:16.9038289Z   lfs: false
2025-08-20T16:00:16.9038958Z   submodules: false
2025-08-20T16:00:16.9039708Z   set-safe-directory: true
2025-08-20T16:00:16.9040799Z env:
2025-08-20T16:00:16.9041438Z   NODE_VERSION: 20
2025-08-20T16:00:16.9042200Z   WORKING_DIRECTORY: ./frontend
2025-08-20T16:00:16.9043095Z ##[endgroup]
2025-08-20T16:00:17.0131562Z Syncing repository: arigsela/chores-tracker
2025-08-20T16:00:17.0135778Z ##[group]Getting Git version info
2025-08-20T16:00:17.0137693Z Working directory is '/home/runner/work/chores-tracker/chores-tracker'
2025-08-20T16:00:17.0140068Z [command]/usr/bin/git version
2025-08-20T16:00:17.0146540Z git version 2.50.1
2025-08-20T16:00:17.0173053Z ##[endgroup]
2025-08-20T16:00:17.0188621Z Temporarily overriding HOME='/home/runner/work/_temp/690279c7-578f-4b18-ac92-9abb246550ad' before making global git config changes
2025-08-20T16:00:17.0193447Z Adding repository directory to the temporary git global config as a safe directory
2025-08-20T16:00:17.0197751Z [command]/usr/bin/git config --global --add safe.directory /home/runner/work/chores-tracker/chores-tracker
2025-08-20T16:00:17.0228293Z Deleting the contents of '/home/runner/work/chores-tracker/chores-tracker'
2025-08-20T16:00:17.0231910Z ##[group]Initializing the repository
2025-08-20T16:00:17.0235838Z [command]/usr/bin/git init /home/runner/work/chores-tracker/chores-tracker
2025-08-20T16:00:17.0286853Z hint: Using 'master' as the name for the initial branch. This default branch name
2025-08-20T16:00:17.0290203Z hint: is subject to change. To configure the initial branch name to use in all
2025-08-20T16:00:17.0293324Z hint: of your new repositories, which will suppress this warning, call:
2025-08-20T16:00:17.0295649Z hint:
2025-08-20T16:00:17.0297399Z hint: 	git config --global init.defaultBranch <name>
2025-08-20T16:00:17.0299326Z hint:
2025-08-20T16:00:17.0301247Z hint: Names commonly chosen instead of 'master' are 'main', 'trunk' and
2025-08-20T16:00:17.0304379Z hint: 'development'. The just-created branch can be renamed via this command:
2025-08-20T16:00:17.0306739Z hint:
2025-08-20T16:00:17.0308074Z hint: 	git branch -m <name>
2025-08-20T16:00:17.0309098Z hint:
2025-08-20T16:00:17.0310310Z hint: Disable this message with "git config set advice.defaultBranchName false"
2025-08-20T16:00:17.0312437Z Initialized empty Git repository in /home/runner/work/chores-tracker/chores-tracker/.git/
2025-08-20T16:00:17.0317934Z [command]/usr/bin/git remote add origin https://github.com/arigsela/chores-tracker
2025-08-20T16:00:17.0335020Z ##[endgroup]
2025-08-20T16:00:17.0337619Z ##[group]Disabling automatic garbage collection
2025-08-20T16:00:17.0339750Z [command]/usr/bin/git config --local gc.auto 0
2025-08-20T16:00:17.0367982Z ##[endgroup]
2025-08-20T16:00:17.0370177Z ##[group]Setting up auth
2025-08-20T16:00:17.0375204Z [command]/usr/bin/git config --local --name-only --get-regexp core\.sshCommand
2025-08-20T16:00:17.0407006Z [command]/usr/bin/git submodule foreach --recursive sh -c "git config --local --name-only --get-regexp 'core\.sshCommand' && git config --local --unset-all 'core.sshCommand' || :"
2025-08-20T16:00:17.0658058Z [command]/usr/bin/git config --local --name-only --get-regexp http\.https\:\/\/github\.com\/\.extraheader
2025-08-20T16:00:17.0685394Z [command]/usr/bin/git submodule foreach --recursive sh -c "git config --local --name-only --get-regexp 'http\.https\:\/\/github\.com\/\.extraheader' && git config --local --unset-all 'http.https://github.com/.extraheader' || :"
2025-08-20T16:00:17.0899503Z [command]/usr/bin/git config --local http.https://github.com/.extraheader AUTHORIZATION: basic ***
2025-08-20T16:00:17.0938854Z ##[endgroup]
2025-08-20T16:00:17.0940122Z ##[group]Fetching the repository
2025-08-20T16:00:17.0946893Z [command]/usr/bin/git -c protocol.version=2 fetch --no-tags --prune --no-recurse-submodules --depth=1 origin +7425ee200e7d63255eb28ae2bdb1ab891363f95a:refs/remotes/pull/41/merge
2025-08-20T16:00:17.8756566Z From https://github.com/arigsela/chores-tracker
2025-08-20T16:00:17.8757526Z  * [new ref]         7425ee200e7d63255eb28ae2bdb1ab891363f95a -> pull/41/merge
2025-08-20T16:00:17.8780152Z ##[endgroup]
2025-08-20T16:00:17.8780605Z ##[group]Determining the checkout info
2025-08-20T16:00:17.8782238Z ##[endgroup]
2025-08-20T16:00:17.8786931Z [command]/usr/bin/git sparse-checkout disable
2025-08-20T16:00:17.8822385Z [command]/usr/bin/git config --local --unset-all extensions.worktreeConfig
2025-08-20T16:00:17.8848485Z ##[group]Checking out the ref
2025-08-20T16:00:17.8851945Z [command]/usr/bin/git checkout --progress --force refs/remotes/pull/41/merge
2025-08-20T16:00:17.9198670Z Note: switching to 'refs/remotes/pull/41/merge'.
2025-08-20T16:00:17.9199418Z 
2025-08-20T16:00:17.9199872Z You are in 'detached HEAD' state. You can look around, make experimental
2025-08-20T16:00:17.9200881Z changes and commit them, and you can discard any commits you make in this
2025-08-20T16:00:17.9201700Z state without impacting any branches by switching back to a branch.
2025-08-20T16:00:17.9202126Z 
2025-08-20T16:00:17.9202325Z If you want to create a new branch to retain commits you create, you may
2025-08-20T16:00:17.9202770Z do so (now or later) by using -c with the switch command. Example:
2025-08-20T16:00:17.9203031Z 
2025-08-20T16:00:17.9203148Z   git switch -c <new-branch-name>
2025-08-20T16:00:17.9203340Z 
2025-08-20T16:00:17.9203456Z Or undo this operation with:
2025-08-20T16:00:17.9203623Z 
2025-08-20T16:00:17.9203733Z   git switch -
2025-08-20T16:00:17.9203994Z 
2025-08-20T16:00:17.9204251Z Turn off this advice by setting config variable advice.detachedHead to false
2025-08-20T16:00:17.9205116Z 
2025-08-20T16:00:17.9205783Z HEAD is now at 7425ee2 Merge 3268993e5e3a6425fe1e99d2f688d9eec86bf235 into bbe44a1c2a2f15d52c13cc436ed7e6f923d23874
2025-08-20T16:00:17.9213843Z ##[endgroup]
2025-08-20T16:00:17.9243954Z [command]/usr/bin/git log -1 --format=%H
2025-08-20T16:00:17.9265954Z 7425ee200e7d63255eb28ae2bdb1ab891363f95a
2025-08-20T16:00:17.9501544Z ##[group]Run actions/setup-node@v4
2025-08-20T16:00:17.9501852Z with:
2025-08-20T16:00:17.9502061Z   node-version: 20
2025-08-20T16:00:17.9502284Z   cache: npm
2025-08-20T16:00:17.9502560Z   cache-dependency-path: ./frontend/package-lock.json
2025-08-20T16:00:17.9502911Z   always-auth: false
2025-08-20T16:00:17.9503147Z   check-latest: false
2025-08-20T16:00:17.9503517Z   token: ***
2025-08-20T16:00:17.9503720Z env:
2025-08-20T16:00:17.9503918Z   NODE_VERSION: 20
2025-08-20T16:00:17.9504155Z   WORKING_DIRECTORY: ./frontend
2025-08-20T16:00:17.9504405Z ##[endgroup]
2025-08-20T16:00:18.1197263Z Found in cache @ /opt/hostedtoolcache/node/20.19.4/x64
2025-08-20T16:00:18.1202761Z ##[group]Environment details
2025-08-20T16:00:18.4322732Z node: v20.19.4
2025-08-20T16:00:18.4323148Z npm: 10.8.2
2025-08-20T16:00:18.4323469Z yarn: 1.22.22
2025-08-20T16:00:18.4325656Z ##[endgroup]
2025-08-20T16:00:18.4347953Z [command]/opt/hostedtoolcache/node/20.19.4/x64/bin/npm config get cache
2025-08-20T16:00:18.5414769Z /home/runner/.npm
2025-08-20T16:00:18.7909371Z Cache hit for: node-cache-Linux-x64-npm-cc577964850e6fb2ca58f53a9498f9cf9ee61d28f33daa34757e4b4e05a94924
2025-08-20T16:00:20.0793467Z Received 8388608 of 80610629 (10.4%), 8.0 MBs/sec
2025-08-20T16:00:20.7497812Z Received 80610629 of 80610629 (100.0%), 46.0 MBs/sec
2025-08-20T16:00:20.7498689Z Cache Size: ~77 MB (80610629 B)
2025-08-20T16:00:20.7525488Z [command]/usr/bin/tar -xf /home/runner/work/_temp/d7c67cb3-78dc-407b-b9df-9dbc4b62158a/cache.tzst -P -C /home/runner/work/chores-tracker/chores-tracker --use-compress-program unzstd
2025-08-20T16:00:21.0014809Z Cache restored successfully
2025-08-20T16:00:21.0174862Z Cache restored from key: node-cache-Linux-x64-npm-cc577964850e6fb2ca58f53a9498f9cf9ee61d28f33daa34757e4b4e05a94924
2025-08-20T16:00:21.0335301Z ##[group]Run npm ci
2025-08-20T16:00:21.0335590Z [36;1mnpm ci[0m
2025-08-20T16:00:21.0403029Z shell: /usr/bin/bash -e {0}
2025-08-20T16:00:21.0403281Z env:
2025-08-20T16:00:21.0403451Z   NODE_VERSION: 20
2025-08-20T16:00:21.0403667Z   WORKING_DIRECTORY: ./frontend
2025-08-20T16:00:21.0403902Z ##[endgroup]
2025-08-20T16:00:24.9132735Z npm warn deprecated inflight@1.0.6: This module is not supported, and leaks memory. Do not use it. Check out lru-cache if you want a good and tested way to coalesce async requests by a key value, which is much more comprehensive and powerful.
2025-08-20T16:00:25.0794815Z npm warn deprecated @humanwhocodes/config-array@0.13.0: Use @eslint/config-array instead
2025-08-20T16:00:25.0966839Z npm warn deprecated rimraf@3.0.2: Rimraf versions prior to v4 are no longer supported
2025-08-20T16:00:25.1143002Z npm warn deprecated abab@2.0.6: Use your platform's native atob() and btoa() methods instead
2025-08-20T16:00:25.2199504Z npm warn deprecated @humanwhocodes/object-schema@2.0.3: Use @eslint/object-schema instead
2025-08-20T16:00:25.2231466Z npm warn deprecated glob@7.2.3: Glob versions prior to v9 are no longer supported
2025-08-20T16:00:25.2239131Z npm warn deprecated glob@7.2.3: Glob versions prior to v9 are no longer supported
2025-08-20T16:00:25.2243350Z npm warn deprecated glob@7.2.3: Glob versions prior to v9 are no longer supported
2025-08-20T16:00:25.2254952Z npm warn deprecated glob@7.2.3: Glob versions prior to v9 are no longer supported
2025-08-20T16:00:25.2257950Z npm warn deprecated glob@7.2.3: Glob versions prior to v9 are no longer supported
2025-08-20T16:00:25.2285528Z npm warn deprecated glob@7.2.3: Glob versions prior to v9 are no longer supported
2025-08-20T16:00:25.2287833Z npm warn deprecated glob@7.2.3: Glob versions prior to v9 are no longer supported
2025-08-20T16:00:25.3010144Z npm warn deprecated domexception@4.0.0: Use your platform's native DOMException instead
2025-08-20T16:00:25.7410957Z npm warn deprecated @testing-library/jest-native@5.4.3: DEPRECATED: This package is no longer maintained.
2025-08-20T16:00:25.7412431Z npm warn deprecated Please use the built-in Jest matchers available in @testing-library/react-native v12.4+.
2025-08-20T16:00:25.7413251Z npm warn deprecated
2025-08-20T16:00:25.7414438Z npm warn deprecated See migration guide: https://callstack.github.io/react-native-testing-library/docs/migration/jest-matchers
2025-08-20T16:00:27.4472643Z npm warn deprecated eslint@8.57.1: This version is no longer supported. Please see https://eslint.org/version-support for other options.
2025-08-20T16:00:30.2073656Z 
2025-08-20T16:00:30.2074402Z added 1151 packages, and audited 1152 packages in 9s
2025-08-20T16:00:30.2074841Z 
2025-08-20T16:00:30.2075112Z 193 packages are looking for funding
2025-08-20T16:00:30.2075608Z   run `npm fund` for details
2025-08-20T16:00:30.2087267Z 
2025-08-20T16:00:30.2087640Z found 0 vulnerabilities
2025-08-20T16:00:30.2689406Z ##[group]Run echo "🔗 Running integration tests..."
2025-08-20T16:00:30.2689805Z [36;1mecho "🔗 Running integration tests..."[0m
2025-08-20T16:00:30.2690234Z [36;1mnpm run test:integration -- --coverage --watchAll=false --passWithNoTests[0m
2025-08-20T16:00:30.2730120Z shell: /usr/bin/bash -e {0}
2025-08-20T16:00:30.2730353Z env:
2025-08-20T16:00:30.2730518Z   NODE_VERSION: 20
2025-08-20T16:00:30.2730708Z   WORKING_DIRECTORY: ./frontend
2025-08-20T16:00:30.2730918Z   CI: true
2025-08-20T16:00:30.2731081Z ##[endgroup]
2025-08-20T16:00:30.2788617Z 🔗 Running integration tests...
2025-08-20T16:00:30.3813137Z 
2025-08-20T16:00:30.3813592Z > frontend@1.0.0 test:integration
2025-08-20T16:00:30.3814391Z > jest --testPathPattern='integration' --passWithNoTests --coverage --watchAll=false --passWithNoTests
2025-08-20T16:00:30.3814882Z 
2025-08-20T16:00:40.0229551Z FAIL src/__tests__/integration/approvalWorkflow.test.tsx (8.291 s)
2025-08-20T16:00:40.0232352Z   ● Approval Workflow Integration Tests › Activity Feed Integration › should display approval activity in feed
2025-08-20T16:00:40.0238150Z 
2025-08-20T16:00:40.0238616Z     expect(element).toHaveTextContent()
2025-08-20T16:00:40.0238836Z 
2025-08-20T16:00:40.0239003Z     Expected element to have text content:
2025-08-20T16:00:40.0239340Z       Clean bedroom approved by Parent
2025-08-20T16:00:40.0239778Z     Received:
2025-08-20T16:00:40.0240213Z       Clean bedroom approved by Parent$10.00
2025-08-20T16:00:40.0240560Z 
2025-08-20T16:00:40.0241010Z     [0m [90m 423 |[39m
2025-08-20T16:00:40.0241685Z      [90m 424 |[39m       [90m// Verify activity details[39m
2025-08-20T16:00:40.0243276Z     [31m[1m>[22m[39m[90m 425 |[39m       expect(getByTestId([32m'activity-1'[39m))[33m.[39mtoHaveTextContent([32m'Clean bedroom approved by Parent'[39m)[33m;[39m
2025-08-20T16:00:40.0244665Z      [90m     |[39m                                         [31m[1m^[22m[39m
2025-08-20T16:00:40.0245907Z      [90m 426 |[39m       expect(getByTestId([32m'activity-1'[39m))[33m.[39mtoHaveTextContent([32m'$10.00'[39m)[33m;[39m
2025-08-20T16:00:40.0246799Z      [90m 427 |[39m       
2025-08-20T16:00:40.0248288Z      [90m 428 |[39m       expect(getByTestId([32m'activity-2'[39m))[33m.[39mtoHaveTextContent([32m'Make bed completed by Child'[39m)[33m;[39m[0m
2025-08-20T16:00:40.0249106Z 
2025-08-20T16:00:40.0249683Z       at Object.toHaveTextContent (src/__tests__/integration/approvalWorkflow.test.tsx:425:41)
2025-08-20T16:00:40.0250849Z       at asyncGeneratorStep (node_modules/@babel/runtime/helpers/asyncToGenerator.js:3:17)
2025-08-20T16:00:40.0251824Z       at _next (node_modules/@babel/runtime/helpers/asyncToGenerator.js:17:9)
2025-08-20T16:00:40.0252316Z 
2025-08-20T16:00:40.5198615Z FAIL src/__tests__/integration/authFlow.test.tsx (8.892 s)
2025-08-20T16:00:40.5201821Z   ● Authentication Flow Integration Tests › Authentication State Transitions › should transition to home screen after successful parent login
2025-08-20T16:00:40.5203172Z 
2025-08-20T16:00:40.5203483Z     Unable to find an element with testID: login-screen
2025-08-20T16:00:40.5203847Z 
2025-08-20T16:00:40.5204110Z     [36m<View>[39m
2025-08-20T16:00:40.5204524Z       [36m<View>[39m
2025-08-20T16:00:40.5204900Z         [36m<Text>[39m
2025-08-20T16:00:40.5205349Z           [0mChores Tracker[0m
2025-08-20T16:00:40.5205778Z         [36m</Text>[39m
2025-08-20T16:00:40.5206173Z       [36m</View>[39m
2025-08-20T16:00:40.5206564Z       [36m<View>[39m
2025-08-20T16:00:40.5206926Z         [36m<View[39m
2025-08-20T16:00:40.5207638Z           [33mtestID[39m=[32m"home-screen"[39m
2025-08-20T16:00:40.5208143Z         [36m>[39m
2025-08-20T16:00:40.5208528Z           [36m<Text[39m
2025-08-20T16:00:40.5209068Z             [33mtestID[39m=[32m"welcome-message"[39m
2025-08-20T16:00:40.5209569Z           [36m>[39m
2025-08-20T16:00:40.5209958Z             [0mWelcome, [0m
2025-08-20T16:00:40.5210466Z             [0mtestparent[0m
2025-08-20T16:00:40.5211205Z             [0m![0m
2025-08-20T16:00:40.5211635Z           [36m</Text>[39m
2025-08-20T16:00:40.5212039Z           [36m<Text[39m
2025-08-20T16:00:40.5212546Z             [33mtestID[39m=[32m"user-role"[39m
2025-08-20T16:00:40.5213052Z           [36m>[39m
2025-08-20T16:00:40.5213432Z             [0mRole: [0m
2025-08-20T16:00:40.5213828Z             [0munknown[0m
2025-08-20T16:00:40.5214219Z           [36m</Text>[39m
2025-08-20T16:00:40.5214601Z           [36m<View[39m
2025-08-20T16:00:40.5215190Z             [33maccessible[39m=[32m{true}[39m
2025-08-20T16:00:40.5215768Z             [33mtestID[39m=[32m"logout-button"[39m
2025-08-20T16:00:40.5216295Z           [36m>[39m
2025-08-20T16:00:40.5216675Z             [36m<Text>[39m
2025-08-20T16:00:40.5217339Z               [0mLogout[0m
2025-08-20T16:00:40.5218022Z             [36m</Text>[39m
2025-08-20T16:00:40.5218430Z           [36m</View>[39m
2025-08-20T16:00:40.5218842Z           [36m<View[39m
2025-08-20T16:00:40.5219407Z             [33maccessible[39m=[32m{true}[39m
2025-08-20T16:00:40.5220063Z             [33mtestID[39m=[32m"navigate-chores"[39m
2025-08-20T16:00:40.5220795Z           [36m>[39m
2025-08-20T16:00:40.5221219Z             [36m<Text>[39m
2025-08-20T16:00:40.5221688Z               [0mGo to Chores[0m
2025-08-20T16:00:40.5222130Z             [36m</Text>[39m
2025-08-20T16:00:40.5222454Z           [36m</View>[39m
2025-08-20T16:00:40.5222704Z         [36m</View>[39m
2025-08-20T16:00:40.5222935Z       [36m</View>[39m
2025-08-20T16:00:40.5223160Z       [36m<View>[39m
2025-08-20T16:00:40.5223375Z         [36m<View[39m
2025-08-20T16:00:40.5223659Z           [33maccessible[39m=[32m{true}[39m
2025-08-20T16:00:40.5223934Z         [36m>[39m
2025-08-20T16:00:40.5224148Z           [36m<Text>[39m
2025-08-20T16:00:40.5224581Z             [0m🏠[0m
2025-08-20T16:00:40.5224815Z           [36m</Text>[39m
2025-08-20T16:00:40.5225070Z           [36m<Text>[39m
2025-08-20T16:00:40.5225310Z             [0mHome[0m
2025-08-20T16:00:40.5225546Z           [36m</Text>[39m
2025-08-20T16:00:40.5225776Z         [36m</View>[39m
2025-08-20T16:00:40.5226004Z         [36m<View[39m
2025-08-20T16:00:40.5226290Z           [33maccessible[39m=[32m{true}[39m
2025-08-20T16:00:40.5226562Z         [36m>[39m
2025-08-20T16:00:40.5226774Z           [36m<Text>[39m
2025-08-20T16:00:40.5227001Z             [0m✅[0m
2025-08-20T16:00:40.5227497Z           [36m</Text>[39m
2025-08-20T16:00:40.5227736Z           [36m<Text>[39m
2025-08-20T16:00:40.5227968Z             [0mChores[0m
2025-08-20T16:00:40.5228195Z           [36m</Text>[39m
2025-08-20T16:00:40.5228427Z         [36m</View>[39m
2025-08-20T16:00:40.5228712Z         [36m<View[39m
2025-08-20T16:00:40.5229023Z           [33maccessible[39m=[32m{true}[39m
2025-08-20T16:00:40.5229296Z         [36m>[39m
2025-08-20T16:00:40.5229497Z           [36m<Text>[39m
2025-08-20T16:00:40.5229913Z             [0m💰[0m
2025-08-20T16:00:40.5230145Z           [36m</Text>[39m
2025-08-20T16:00:40.5230377Z           [36m<Text>[39m
2025-08-20T16:00:40.5230599Z             [0mBalance[0m
2025-08-20T16:00:40.5230825Z           [36m</Text>[39m
2025-08-20T16:00:40.5231052Z         [36m</View>[39m
2025-08-20T16:00:40.5231275Z         [36m<View[39m
2025-08-20T16:00:40.5231546Z           [33maccessible[39m=[32m{true}[39m
2025-08-20T16:00:40.5231812Z         [36m>[39m
2025-08-20T16:00:40.5232018Z           [36m<Text>[39m
2025-08-20T16:00:40.5232242Z             [0m👤[0m
2025-08-20T16:00:40.5232456Z           [36m</Text>[39m
2025-08-20T16:00:40.5232684Z           [36m<Text>[39m
2025-08-20T16:00:40.5232911Z             [0mProfile[0m
2025-08-20T16:00:40.5233139Z           [36m</Text>[39m
2025-08-20T16:00:40.5233378Z         [36m</View>[39m
2025-08-20T16:00:40.5233596Z       [36m</View>[39m
2025-08-20T16:00:40.5233808Z     [36m</View>[39m
2025-08-20T16:00:40.5233932Z 
2025-08-20T16:00:40.5234043Z     [0m [90m 258 |[39m
2025-08-20T16:00:40.5234517Z      [90m 259 |[39m       [90m// Start at login[39m
2025-08-20T16:00:40.5235116Z     [31m[1m>[22m[39m[90m 260 |[39m       expect(getByTestId([32m'login-screen'[39m))[33m.[39mtoBeTruthy()[33m;[39m
2025-08-20T16:00:40.5235622Z      [90m     |[39m              [31m[1m^[22m[39m
2025-08-20T16:00:40.5235893Z      [90m 261 |[39m
2025-08-20T16:00:40.5236190Z      [90m 262 |[39m       [90m// Perform mock login[39m
2025-08-20T16:00:40.5236655Z      [90m 263 |[39m       [36mawait[39m act([36masync[39m () [33m=>[39m {[0m
2025-08-20T16:00:40.5236895Z 
2025-08-20T16:00:40.5237378Z       at Object.getByTestId (src/__tests__/integration/authFlow.test.tsx:260:14)
2025-08-20T16:00:40.5237970Z       at asyncGeneratorStep (node_modules/@babel/runtime/helpers/asyncToGenerator.js:3:17)
2025-08-20T16:00:40.5238493Z       at _next (node_modules/@babel/runtime/helpers/asyncToGenerator.js:17:9)
2025-08-20T16:00:40.5238955Z       at node_modules/@babel/runtime/helpers/asyncToGenerator.js:22:7
2025-08-20T16:00:40.5239458Z       at Object.<anonymous> (node_modules/@babel/runtime/helpers/asyncToGenerator.js:14:12)
2025-08-20T16:00:40.5239773Z 
2025-08-20T16:00:40.5240312Z   ● Authentication Flow Integration Tests › Authentication State Transitions › should show parent-specific tabs after parent login
2025-08-20T16:00:40.5240766Z 
2025-08-20T16:00:40.5240943Z     Unable to find an element with testID: mock-login-success
2025-08-20T16:00:40.5241174Z 
2025-08-20T16:00:40.5241274Z     [36m<View>[39m
2025-08-20T16:00:40.5241493Z       [36m<View>[39m
2025-08-20T16:00:40.5241711Z         [36m<Text>[39m
2025-08-20T16:00:40.5241967Z           [0mChores Tracker[0m
2025-08-20T16:00:40.5242214Z         [36m</Text>[39m
2025-08-20T16:00:40.5242456Z       [36m</View>[39m
2025-08-20T16:00:40.5242668Z       [36m<View>[39m
2025-08-20T16:00:40.5242881Z         [36m<View[39m
2025-08-20T16:00:40.5243172Z           [33mtestID[39m=[32m"home-screen"[39m
2025-08-20T16:00:40.5243454Z         [36m>[39m
2025-08-20T16:00:40.5243660Z           [36m<Text[39m
2025-08-20T16:00:40.5243965Z             [33mtestID[39m=[32m"welcome-message"[39m
2025-08-20T16:00:40.5244250Z           [36m>[39m
2025-08-20T16:00:40.5244472Z             [0mWelcome, [0m
2025-08-20T16:00:40.5244732Z             [0mtestparent[0m
2025-08-20T16:00:40.5244965Z             [0m![0m
2025-08-20T16:00:40.5245180Z           [36m</Text>[39m
2025-08-20T16:00:40.5245409Z           [36m<Text[39m
2025-08-20T16:00:40.5245684Z             [33mtestID[39m=[32m"user-role"[39m
2025-08-20T16:00:40.5245955Z           [36m>[39m
2025-08-20T16:00:40.5246167Z             [0mRole: [0m
2025-08-20T16:00:40.5246393Z             [0munknown[0m
2025-08-20T16:00:40.5246612Z           [36m</Text>[39m
2025-08-20T16:00:40.5246833Z           [36m<View[39m
2025-08-20T16:00:40.5247337Z             [33maccessible[39m=[32m{true}[39m
2025-08-20T16:00:40.5248053Z             [33mtestID[39m=[32m"logout-button"[39m
2025-08-20T16:00:40.5248536Z           [36m>[39m
2025-08-20T16:00:40.5248799Z             [36m<Text>[39m
2025-08-20T16:00:40.5249045Z               [0mLogout[0m
2025-08-20T16:00:40.5249284Z             [36m</Text>[39m
2025-08-20T16:00:40.5249518Z           [36m</View>[39m
2025-08-20T16:00:40.5249734Z           [36m<View[39m
2025-08-20T16:00:40.5250015Z             [33maccessible[39m=[32m{true}[39m
2025-08-20T16:00:40.5250367Z             [33mtestID[39m=[32m"navigate-chores"[39m
2025-08-20T16:00:40.5250649Z           [36m>[39m
2025-08-20T16:00:40.5250859Z             [36m<Text>[39m
2025-08-20T16:00:40.5251119Z               [0mGo to Chores[0m
2025-08-20T16:00:40.5251376Z             [36m</Text>[39m
2025-08-20T16:00:40.5251612Z           [36m</View>[39m
2025-08-20T16:00:40.5251937Z         [36m</View>[39m
2025-08-20T16:00:40.5252196Z       [36m</View>[39m
2025-08-20T16:00:40.5252467Z       [36m<View>[39m
2025-08-20T16:00:40.5252710Z         [36m<View[39m
2025-08-20T16:00:40.5253121Z           [33maccessible[39m=[32m{true}[39m
2025-08-20T16:00:40.5253402Z         [36m>[39m
2025-08-20T16:00:40.5253607Z           [36m<Text>[39m
2025-08-20T16:00:40.5253841Z             [0m🏠[0m
2025-08-20T16:00:40.5254056Z           [36m</Text>[39m
2025-08-20T16:00:40.5254281Z           [36m<Text>[39m
2025-08-20T16:00:40.5254495Z             [0mHome[0m
2025-08-20T16:00:40.5254715Z           [36m</Text>[39m
2025-08-20T16:00:40.5254938Z         [36m</View>[39m
2025-08-20T16:00:40.5255156Z         [36m<View[39m
2025-08-20T16:00:40.5255418Z           [33maccessible[39m=[32m{true}[39m
2025-08-20T16:00:40.5255680Z         [36m>[39m
2025-08-20T16:00:40.5255887Z           [36m<Text>[39m
2025-08-20T16:00:40.5256107Z             [0m✅[0m
2025-08-20T16:00:40.5256314Z           [36m</Text>[39m
2025-08-20T16:00:40.5256538Z           [36m<Text>[39m
2025-08-20T16:00:40.5256762Z             [0mChores[0m
2025-08-20T16:00:40.5256991Z           [36m</Text>[39m
2025-08-20T16:00:40.5257483Z         [36m</View>[39m
2025-08-20T16:00:40.5257710Z         [36m<View[39m
2025-08-20T16:00:40.5257978Z           [33maccessible[39m=[32m{true}[39m
2025-08-20T16:00:40.5258236Z         [36m>[39m
2025-08-20T16:00:40.5258437Z           [36m<Text>[39m
2025-08-20T16:00:40.5258661Z             [0m💰[0m
2025-08-20T16:00:40.5258876Z           [36m</Text>[39m
2025-08-20T16:00:40.5259103Z           [36m<Text>[39m
2025-08-20T16:00:40.5259321Z             [0mBalance[0m
2025-08-20T16:00:40.5259545Z           [36m</Text>[39m
2025-08-20T16:00:40.5259769Z         [36m</View>[39m
2025-08-20T16:00:40.5259990Z         [36m<View[39m
2025-08-20T16:00:40.5260253Z           [33maccessible[39m=[32m{true}[39m
2025-08-20T16:00:40.5260516Z         [36m>[39m
2025-08-20T16:00:40.5260722Z           [36m<Text>[39m
2025-08-20T16:00:40.5260944Z             [0m👤[0m
2025-08-20T16:00:40.5261149Z           [36m</Text>[39m
2025-08-20T16:00:40.5261379Z           [36m<Text>[39m
2025-08-20T16:00:40.5261613Z             [0mProfile[0m
2025-08-20T16:00:40.5261842Z           [36m</Text>[39m
2025-08-20T16:00:40.5262066Z         [36m</View>[39m
2025-08-20T16:00:40.5262282Z       [36m</View>[39m
2025-08-20T16:00:40.5262495Z     [36m</View>[39m
2025-08-20T16:00:40.5262611Z 
2025-08-20T16:00:40.5262801Z     [0m [90m 293 |[39m       [90m// Perform login[39m
2025-08-20T16:00:40.5263242Z      [90m 294 |[39m       [36mawait[39m act([36masync[39m () [33m=>[39m {
2025-08-20T16:00:40.5263880Z     [31m[1m>[22m[39m[90m 295 |[39m         fireEvent[33m.[39mpress(getByTestId([32m'mock-login-success'[39m))[33m;[39m
2025-08-20T16:00:40.5264419Z      [90m     |[39m                         [31m[1m^[22m[39m
2025-08-20T16:00:40.5264754Z      [90m 296 |[39m       })[33m;[39m
2025-08-20T16:00:40.5265011Z      [90m 297 |[39m
2025-08-20T16:00:40.5265338Z      [90m 298 |[39m       [36mawait[39m waitFor(() [33m=>[39m {[0m
2025-08-20T16:00:40.5265688Z 
2025-08-20T16:00:40.5265906Z       at getByTestId (src/__tests__/integration/authFlow.test.tsx:295:25)
2025-08-20T16:00:40.5266424Z       at asyncGeneratorStep (node_modules/@babel/runtime/helpers/asyncToGenerator.js:3:17)
2025-08-20T16:00:40.5266942Z       at _next (node_modules/@babel/runtime/helpers/asyncToGenerator.js:17:9)
2025-08-20T16:00:40.5267621Z       at node_modules/@babel/runtime/helpers/asyncToGenerator.js:22:7
2025-08-20T16:00:40.5268044Z       at node_modules/@babel/runtime/helpers/asyncToGenerator.js:14:12
2025-08-20T16:00:40.5268496Z       at callback (node_modules/@testing-library/react-native/src/act.ts:31:24)
2025-08-20T16:00:40.5269102Z       at Object.<anonymous>.process.env.NODE_ENV.exports.act (node_modules/react/cjs/react.development.js:790:22)
2025-08-20T16:00:40.5269730Z       at actImplementation (node_modules/@testing-library/react-native/src/act.ts:30:25)
2025-08-20T16:00:40.5270249Z       at Object.<anonymous> (src/__tests__/integration/authFlow.test.tsx:294:16)
2025-08-20T16:00:40.5270901Z       at asyncGeneratorStep (node_modules/@babel/runtime/helpers/asyncToGenerator.js:3:17)
2025-08-20T16:00:40.5271419Z       at _next (node_modules/@babel/runtime/helpers/asyncToGenerator.js:17:9)
2025-08-20T16:00:40.5271850Z       at node_modules/@babel/runtime/helpers/asyncToGenerator.js:22:7
2025-08-20T16:00:40.5272337Z       at Object.<anonymous> (node_modules/@babel/runtime/helpers/asyncToGenerator.js:14:12)
2025-08-20T16:00:40.5272645Z 
2025-08-20T16:00:40.5273185Z   ● Authentication Flow Integration Tests › Authentication State Transitions › should show child-specific interface after child login
2025-08-20T16:00:40.5273638Z 
2025-08-20T16:00:40.5273813Z     Unable to find an element with testID: mock-login-success
2025-08-20T16:00:40.5274033Z 
2025-08-20T16:00:40.5274138Z     [36m<View>[39m
2025-08-20T16:00:40.5274356Z       [36m<View>[39m
2025-08-20T16:00:40.5274569Z         [36m<Text>[39m
2025-08-20T16:00:40.5274824Z           [0mChores Tracker[0m
2025-08-20T16:00:40.5275083Z         [36m</Text>[39m
2025-08-20T16:00:40.5275315Z       [36m</View>[39m
2025-08-20T16:00:40.5275525Z       [36m<View>[39m
2025-08-20T16:00:40.5275737Z         [36m<View[39m
2025-08-20T16:00:40.5276016Z           [33mtestID[39m=[32m"home-screen"[39m
2025-08-20T16:00:40.5276288Z         [36m>[39m
2025-08-20T16:00:40.5276488Z           [36m<Text[39m
2025-08-20T16:00:40.5276790Z             [33mtestID[39m=[32m"welcome-message"[39m
2025-08-20T16:00:40.5277227Z           [36m>[39m
2025-08-20T16:00:40.5277457Z             [0mWelcome, [0m
2025-08-20T16:00:40.5277717Z             [0mtestparent[0m
2025-08-20T16:00:40.5277956Z             [0m![0m
2025-08-20T16:00:40.5278171Z           [36m</Text>[39m
2025-08-20T16:00:40.5278398Z           [36m<Text[39m
2025-08-20T16:00:40.5278686Z             [33mtestID[39m=[32m"user-role"[39m
2025-08-20T16:00:40.5278951Z           [36m>[39m
2025-08-20T16:00:40.5279164Z             [0mRole: [0m
2025-08-20T16:00:40.5279402Z             [0munknown[0m
2025-08-20T16:00:40.5279636Z           [36m</Text>[39m
2025-08-20T16:00:40.5279861Z           [36m<View[39m
2025-08-20T16:00:40.5280143Z             [33maccessible[39m=[32m{true}[39m
2025-08-20T16:00:40.5280491Z             [33mtestID[39m=[32m"logout-button"[39m
2025-08-20T16:00:40.5280769Z           [36m>[39m
2025-08-20T16:00:40.5280979Z             [36m<Text>[39m
2025-08-20T16:00:40.5281219Z               [0mLogout[0m
2025-08-20T16:00:40.5281457Z             [36m</Text>[39m
2025-08-20T16:00:40.5281700Z           [36m</View>[39m
2025-08-20T16:00:40.5281920Z           [36m<View[39m
2025-08-20T16:00:40.5282197Z             [33maccessible[39m=[32m{true}[39m
2025-08-20T16:00:40.5282547Z             [33mtestID[39m=[32m"navigate-chores"[39m
2025-08-20T16:00:40.5282826Z           [36m>[39m
2025-08-20T16:00:40.5283031Z             [36m<Text>[39m
2025-08-20T16:00:40.5283290Z               [0mGo to Chores[0m
2025-08-20T16:00:40.5283707Z             [36m</Text>[39m
2025-08-20T16:00:40.5283940Z           [36m</View>[39m
2025-08-20T16:00:40.5284168Z         [36m</View>[39m
2025-08-20T16:00:40.5284385Z       [36m</View>[39m
2025-08-20T16:00:40.5284600Z       [36m<View>[39m
2025-08-20T16:00:40.5284811Z         [36m<View[39m
2025-08-20T16:00:40.5285086Z           [33maccessible[39m=[32m{true}[39m
2025-08-20T16:00:40.5285344Z         [36m>[39m
2025-08-20T16:00:40.5285551Z           [36m<Text>[39m
2025-08-20T16:00:40.5285778Z             [0m🏠[0m
2025-08-20T16:00:40.5285988Z           [36m</Text>[39m
2025-08-20T16:00:40.5286228Z           [36m<Text>[39m
2025-08-20T16:00:40.5286454Z             [0mHome[0m
2025-08-20T16:00:40.5286672Z           [36m</Text>[39m
2025-08-20T16:00:40.5286901Z         [36m</View>[39m
2025-08-20T16:00:40.5287229Z         [36m<View[39m
2025-08-20T16:00:40.5287499Z           [33maccessible[39m=[32m{true}[39m
2025-08-20T16:00:40.5287759Z         [36m>[39m
2025-08-20T16:00:40.5287976Z           [36m<Text>[39m
2025-08-20T16:00:40.5288198Z             [0m✅[0m
2025-08-20T16:00:40.5288532Z           [36m</Text>[39m
2025-08-20T16:00:40.5288762Z           [36m<Text>[39m
2025-08-20T16:00:40.5288987Z             [0mChores[0m
2025-08-20T16:00:40.5289211Z           [36m</Text>[39m
2025-08-20T16:00:40.5289436Z         [36m</View>[39m
2025-08-20T16:00:40.5289652Z         [36m<View[39m
2025-08-20T16:00:40.5289918Z           [33maccessible[39m=[32m{true}[39m
2025-08-20T16:00:40.5290182Z         [36m>[39m
2025-08-20T16:00:40.5290392Z           [36m<Text>[39m
2025-08-20T16:00:40.5290606Z             [0m💰[0m
2025-08-20T16:00:40.5290817Z           [36m</Text>[39m
2025-08-20T16:00:40.5291043Z           [36m<Text>[39m
2025-08-20T16:00:40.5291268Z             [0mBalance[0m
2025-08-20T16:00:40.5291495Z           [36m</Text>[39m
2025-08-20T16:00:40.5291712Z         [36m</View>[39m
2025-08-20T16:00:40.5291929Z         [36m<View[39m
2025-08-20T16:00:40.5292193Z           [33maccessible[39m=[32m{true}[39m
2025-08-20T16:00:40.5292465Z         [36m>[39m
2025-08-20T16:00:40.5292673Z           [36m<Text>[39m
2025-08-20T16:00:40.5292893Z             [0m👤[0m
2025-08-20T16:00:40.5293106Z           [36m</Text>[39m
2025-08-20T16:00:40.5293328Z           [36m<Text>[39m
2025-08-20T16:00:40.5293548Z             [0mProfile[0m
2025-08-20T16:00:40.5293787Z           [36m</Text>[39m
2025-08-20T16:00:40.5294010Z         [36m</View>[39m
2025-08-20T16:00:40.5294226Z       [36m</View>[39m
2025-08-20T16:00:40.5294437Z     [36m</View>[39m
2025-08-20T16:00:40.5294551Z 
2025-08-20T16:00:40.5294735Z     [0m [90m 324 |[39m       [90m// Perform login[39m
2025-08-20T16:00:40.5295168Z      [90m 325 |[39m       [36mawait[39m act([36masync[39m () [33m=>[39m {
2025-08-20T16:00:40.5295801Z     [31m[1m>[22m[39m[90m 326 |[39m         fireEvent[33m.[39mpress(getByTestId([32m'mock-login-success'[39m))[33m;[39m
2025-08-20T16:00:40.5296334Z      [90m     |[39m                         [31m[1m^[22m[39m
2025-08-20T16:00:40.5296677Z      [90m 327 |[39m       })[33m;[39m
2025-08-20T16:00:40.5296932Z      [90m 328 |[39m
2025-08-20T16:00:40.5297363Z      [90m 329 |[39m       [36mawait[39m waitFor(() [33m=>[39m {[0m
2025-08-20T16:00:40.5297575Z 
2025-08-20T16:00:40.5297776Z       at getByTestId (src/__tests__/integration/authFlow.test.tsx:326:25)
2025-08-20T16:00:40.5298321Z       at asyncGeneratorStep (node_modules/@babel/runtime/helpers/asyncToGenerator.js:3:17)
2025-08-20T16:00:40.5298839Z       at _next (node_modules/@babel/runtime/helpers/asyncToGenerator.js:17:9)
2025-08-20T16:00:40.5299275Z       at node_modules/@babel/runtime/helpers/asyncToGenerator.js:22:7
2025-08-20T16:00:40.5299694Z       at node_modules/@babel/runtime/helpers/asyncToGenerator.js:14:12
2025-08-20T16:00:40.5300146Z       at callback (node_modules/@testing-library/react-native/src/act.ts:31:24)
2025-08-20T16:00:40.5300741Z       at Object.<anonymous>.process.env.NODE_ENV.exports.act (node_modules/react/cjs/react.development.js:790:22)
2025-08-20T16:00:40.5301496Z       at actImplementation (node_modules/@testing-library/react-native/src/act.ts:30:25)
2025-08-20T16:00:40.5302017Z       at Object.<anonymous> (src/__tests__/integration/authFlow.test.tsx:325:16)
2025-08-20T16:00:40.5302542Z       at asyncGeneratorStep (node_modules/@babel/runtime/helpers/asyncToGenerator.js:3:17)
2025-08-20T16:00:40.5303050Z       at _next (node_modules/@babel/runtime/helpers/asyncToGenerator.js:17:9)
2025-08-20T16:00:40.5303482Z       at node_modules/@babel/runtime/helpers/asyncToGenerator.js:22:7
2025-08-20T16:00:40.5303968Z       at Object.<anonymous> (node_modules/@babel/runtime/helpers/asyncToGenerator.js:14:12)
2025-08-20T16:00:40.5304272Z 
2025-08-20T16:00:40.5304730Z   ● Authentication Flow Integration Tests › Login Error Handling Integration › should handle login failures gracefully
2025-08-20T16:00:40.5305135Z 
2025-08-20T16:00:40.5305300Z     Unable to find an element with testID: mock-login-error
2025-08-20T16:00:40.5305524Z 
2025-08-20T16:00:40.5305629Z     [36m<View>[39m
2025-08-20T16:00:40.5305953Z       [36m<View>[39m
2025-08-20T16:00:40.5306175Z         [36m<Text>[39m
2025-08-20T16:00:40.5306431Z           [0mChores Tracker[0m
2025-08-20T16:00:40.5306677Z         [36m</Text>[39m
2025-08-20T16:00:40.5306898Z       [36m</View>[39m
2025-08-20T16:00:40.5307209Z       [36m<View>[39m
2025-08-20T16:00:40.5307424Z         [36m<View[39m
2025-08-20T16:00:40.5307702Z           [33mtestID[39m=[32m"home-screen"[39m
2025-08-20T16:00:40.5307977Z         [36m>[39m
2025-08-20T16:00:40.5308178Z           [36m<Text[39m
2025-08-20T16:00:40.5308479Z             [33mtestID[39m=[32m"welcome-message"[39m
2025-08-20T16:00:40.5308760Z           [36m>[39m
2025-08-20T16:00:40.5308983Z             [0mWelcome, [0m
2025-08-20T16:00:40.5309248Z             [0mtestparent[0m
2025-08-20T16:00:40.5309482Z             [0m![0m
2025-08-20T16:00:40.5309694Z           [36m</Text>[39m
2025-08-20T16:00:40.5309929Z           [36m<Text[39m
2025-08-20T16:00:40.5310208Z             [33mtestID[39m=[32m"user-role"[39m
2025-08-20T16:00:40.5310484Z           [36m>[39m
2025-08-20T16:00:40.5310697Z             [0mRole: [0m
2025-08-20T16:00:40.5310927Z             [0munknown[0m
2025-08-20T16:00:40.5311159Z           [36m</Text>[39m
2025-08-20T16:00:40.5311375Z           [36m<View[39m
2025-08-20T16:00:40.5311654Z             [33maccessible[39m=[32m{true}[39m
2025-08-20T16:00:40.5312001Z             [33mtestID[39m=[32m"logout-button"[39m
2025-08-20T16:00:40.5312278Z           [36m>[39m
2025-08-20T16:00:40.5312485Z             [36m<Text>[39m
2025-08-20T16:00:40.5312724Z               [0mLogout[0m
2025-08-20T16:00:40.5312960Z             [36m</Text>[39m
2025-08-20T16:00:40.5313193Z           [36m</View>[39m
2025-08-20T16:00:40.5313410Z           [36m<View[39m
2025-08-20T16:00:40.5313682Z             [33maccessible[39m=[32m{true}[39m
2025-08-20T16:00:40.5314024Z             [33mtestID[39m=[32m"navigate-chores"[39m
2025-08-20T16:00:40.5314313Z           [36m>[39m
2025-08-20T16:00:40.5314521Z             [36m<Text>[39m
2025-08-20T16:00:40.5314782Z               [0mGo to Chores[0m
2025-08-20T16:00:40.5315035Z             [36m</Text>[39m
2025-08-20T16:00:40.5315267Z           [36m</View>[39m
2025-08-20T16:00:40.5315481Z         [36m</View>[39m
2025-08-20T16:00:40.5315700Z       [36m</View>[39m
2025-08-20T16:00:40.5315913Z       [36m<View>[39m
2025-08-20T16:00:40.5316125Z         [36m<View[39m
2025-08-20T16:00:40.5316390Z           [33maccessible[39m=[32m{true}[39m
2025-08-20T16:00:40.5316650Z         [36m>[39m
2025-08-20T16:00:40.5316864Z           [36m<Text>[39m
2025-08-20T16:00:40.5317190Z             [0m🏠[0m
2025-08-20T16:00:40.5317404Z           [36m</Text>[39m
2025-08-20T16:00:40.5317622Z           [36m<Text>[39m
2025-08-20T16:00:40.5317842Z             [0mHome[0m
2025-08-20T16:00:40.5318064Z           [36m</Text>[39m
2025-08-20T16:00:40.5318433Z         [36m</View>[39m
2025-08-20T16:00:40.5318647Z         [36m<View[39m
2025-08-20T16:00:40.5318924Z           [33maccessible[39m=[32m{true}[39m
2025-08-20T16:00:40.5319189Z         [36m>[39m
2025-08-20T16:00:40.5319395Z           [36m<Text>[39m
2025-08-20T16:00:40.5319610Z             [0m✅[0m
2025-08-20T16:00:40.5319821Z           [36m</Text>[39m
2025-08-20T16:00:40.5320042Z           [36m<Text>[39m
2025-08-20T16:00:40.5320266Z             [0mChores[0m
2025-08-20T16:00:40.5320484Z           [36m</Text>[39m
2025-08-20T16:00:40.5320706Z         [36m</View>[39m
2025-08-20T16:00:40.5320923Z         [36m<View[39m
2025-08-20T16:00:40.5321192Z           [33maccessible[39m=[32m{true}[39m
2025-08-20T16:00:40.5321444Z         [36m>[39m
2025-08-20T16:00:40.5321647Z           [36m<Text>[39m
2025-08-20T16:00:40.5321866Z             [0m💰[0m
2025-08-20T16:00:40.5322079Z           [36m</Text>[39m
2025-08-20T16:00:40.5322297Z           [36m<Text>[39m
2025-08-20T16:00:40.5322529Z             [0mBalance[0m
2025-08-20T16:00:40.5322756Z           [36m</Text>[39m
2025-08-20T16:00:40.5323101Z         [36m</View>[39m
2025-08-20T16:00:40.5323324Z         [36m<View[39m
2025-08-20T16:00:40.5323594Z           [33maccessible[39m=[32m{true}[39m
2025-08-20T16:00:40.5323853Z         [36m>[39m
2025-08-20T16:00:40.5324065Z           [36m<Text>[39m
2025-08-20T16:00:40.5324289Z             [0m👤[0m
2025-08-20T16:00:40.5324495Z           [36m</Text>[39m
2025-08-20T16:00:40.5324716Z           [36m<Text>[39m
2025-08-20T16:00:40.5324941Z             [0mProfile[0m
2025-08-20T16:00:40.5325167Z           [36m</Text>[39m
2025-08-20T16:00:40.5325382Z         [36m</View>[39m
2025-08-20T16:00:40.5325597Z       [36m</View>[39m
2025-08-20T16:00:40.5325806Z     [36m</View>[39m
2025-08-20T16:00:40.5325913Z 
2025-08-20T16:00:40.5326131Z     [0m [90m 352 |[39m       [90m// Attempt login with error[39m
2025-08-20T16:00:40.5326572Z      [90m 353 |[39m       [36mawait[39m act([36masync[39m () [33m=>[39m {
2025-08-20T16:00:40.5327321Z     [31m[1m>[22m[39m[90m 354 |[39m         fireEvent[33m.[39mpress(getByTestId([32m'mock-login-error'[39m))[33m;[39m
2025-08-20T16:00:40.5327858Z      [90m     |[39m                         [31m[1m^[22m[39m
2025-08-20T16:00:40.5328192Z      [90m 355 |[39m       })[33m;[39m
2025-08-20T16:00:40.5328445Z      [90m 356 |[39m
2025-08-20T16:00:40.5328768Z      [90m 357 |[39m       [90m// Should remain on login screen[39m[0m
2025-08-20T16:00:40.5328993Z 
2025-08-20T16:00:40.5329199Z       at getByTestId (src/__tests__/integration/authFlow.test.tsx:354:25)
2025-08-20T16:00:40.5329724Z       at asyncGeneratorStep (node_modules/@babel/runtime/helpers/asyncToGenerator.js:3:17)
2025-08-20T16:00:40.5330247Z       at _next (node_modules/@babel/runtime/helpers/asyncToGenerator.js:17:9)
2025-08-20T16:00:40.5330689Z       at node_modules/@babel/runtime/helpers/asyncToGenerator.js:22:7
2025-08-20T16:00:40.5331113Z       at node_modules/@babel/runtime/helpers/asyncToGenerator.js:14:12
2025-08-20T16:00:40.5331568Z       at callback (node_modules/@testing-library/react-native/src/act.ts:31:24)
2025-08-20T16:00:40.5332166Z       at Object.<anonymous>.process.env.NODE_ENV.exports.act (node_modules/react/cjs/react.development.js:790:22)
2025-08-20T16:00:40.5332795Z       at actImplementation (node_modules/@testing-library/react-native/src/act.ts:30:25)
2025-08-20T16:00:40.5333313Z       at Object.<anonymous> (src/__tests__/integration/authFlow.test.tsx:353:16)
2025-08-20T16:00:40.5333839Z       at asyncGeneratorStep (node_modules/@babel/runtime/helpers/asyncToGenerator.js:3:17)
2025-08-20T16:00:40.5334342Z       at _next (node_modules/@babel/runtime/helpers/asyncToGenerator.js:17:9)
2025-08-20T16:00:40.5334782Z       at node_modules/@babel/runtime/helpers/asyncToGenerator.js:22:7
2025-08-20T16:00:40.5335272Z       at Object.<anonymous> (node_modules/@babel/runtime/helpers/asyncToGenerator.js:14:12)
2025-08-20T16:00:40.5335572Z 
2025-08-20T16:00:40.5336174Z   ● Authentication Flow Integration Tests › Login Error Handling Integration › should handle network errors during login
2025-08-20T16:00:40.5336586Z 
2025-08-20T16:00:40.5336758Z     Unable to find an element with testID: mock-login-error
2025-08-20T16:00:40.5336970Z 
2025-08-20T16:00:40.5337177Z     [36m<View>[39m
2025-08-20T16:00:40.5337392Z       [36m<View>[39m
2025-08-20T16:00:40.5337610Z         [36m<Text>[39m
2025-08-20T16:00:40.5337869Z           [0mChores Tracker[0m
2025-08-20T16:00:40.5338116Z         [36m</Text>[39m
2025-08-20T16:00:40.5338332Z       [36m</View>[39m
2025-08-20T16:00:40.5338548Z       [36m<View>[39m
2025-08-20T16:00:40.5338758Z         [36m<View[39m
2025-08-20T16:00:40.5339038Z           [33mtestID[39m=[32m"home-screen"[39m
2025-08-20T16:00:40.5339305Z         [36m>[39m
2025-08-20T16:00:40.5339513Z           [36m<Text[39m
2025-08-20T16:00:40.5339813Z             [33mtestID[39m=[32m"welcome-message"[39m
2025-08-20T16:00:40.5340097Z           [36m>[39m
2025-08-20T16:00:40.5340319Z             [0mWelcome, [0m
2025-08-20T16:00:40.5340725Z             [0mtestparent[0m
2025-08-20T16:00:40.5340972Z             [0m![0m
2025-08-20T16:00:40.5341186Z           [36m</Text>[39m
2025-08-20T16:00:40.5341413Z           [36m<Text[39m
2025-08-20T16:00:40.5341687Z             [33mtestID[39m=[32m"user-role"[39m
2025-08-20T16:00:40.5341955Z           [36m>[39m
2025-08-20T16:00:40.5342174Z             [0mRole: [0m
2025-08-20T16:00:40.5342402Z             [0munknown[0m
2025-08-20T16:00:40.5342622Z           [36m</Text>[39m
2025-08-20T16:00:40.5342844Z           [36m<View[39m
2025-08-20T16:00:40.5343124Z             [33maccessible[39m=[32m{true}[39m
2025-08-20T16:00:40.5343466Z             [33mtestID[39m=[32m"logout-button"[39m
2025-08-20T16:00:40.5343736Z           [36m>[39m
2025-08-20T16:00:40.5343948Z             [36m<Text>[39m
2025-08-20T16:00:40.5344184Z               [0mLogout[0m
2025-08-20T16:00:40.5344416Z             [36m</Text>[39m
2025-08-20T16:00:40.5344655Z           [36m</View>[39m
2025-08-20T16:00:40.5344883Z           [36m<View[39m
2025-08-20T16:00:40.5345160Z             [33maccessible[39m=[32m{true}[39m
2025-08-20T16:00:40.5345503Z             [33mtestID[39m=[32m"navigate-chores"[39m
2025-08-20T16:00:40.5345777Z           [36m>[39m
2025-08-20T16:00:40.5345990Z             [36m<Text>[39m
2025-08-20T16:00:40.5346251Z               [0mGo to Chores[0m
2025-08-20T16:00:40.5346504Z             [36m</Text>[39m
2025-08-20T16:00:40.5346734Z           [36m</View>[39m
2025-08-20T16:00:40.5346956Z         [36m</View>[39m
2025-08-20T16:00:40.5347283Z       [36m</View>[39m
2025-08-20T16:00:40.5347497Z       [36m<View>[39m
2025-08-20T16:00:40.5347706Z         [36m<View[39m
2025-08-20T16:00:40.5347969Z           [33maccessible[39m=[32m{true}[39m
2025-08-20T16:00:40.5348233Z         [36m>[39m
2025-08-20T16:00:40.5348440Z           [36m<Text>[39m
2025-08-20T16:00:40.5348665Z             [0m🏠[0m
2025-08-20T16:00:40.5348877Z           [36m</Text>[39m
2025-08-20T16:00:40.5349109Z           [36m<Text>[39m
2025-08-20T16:00:40.5349332Z             [0mHome[0m
2025-08-20T16:00:40.5349551Z           [36m</Text>[39m
2025-08-20T16:00:40.5349772Z         [36m</View>[39m
2025-08-20T16:00:40.5369356Z         [36m<View[39m
2025-08-20T16:00:40.5369852Z           [33maccessible[39m=[32m{true}[39m
2025-08-20T16:00:40.5370156Z         [36m>[39m
2025-08-20T16:00:40.5370386Z           [36m<Text>[39m
2025-08-20T16:00:40.5370636Z             [0m✅[0m
2025-08-20T16:00:40.5370871Z           [36m</Text>[39m
2025-08-20T16:00:40.5371123Z           [36m<Text>[39m
2025-08-20T16:00:40.5371358Z             [0mChores[0m
2025-08-20T16:00:40.5371592Z           [36m</Text>[39m
2025-08-20T16:00:40.5371836Z         [36m</View>[39m
2025-08-20T16:00:40.5372074Z         [36m<View[39m
2025-08-20T16:00:40.5372358Z           [33maccessible[39m=[32m{true}[39m
2025-08-20T16:00:40.5372636Z         [36m>[39m
2025-08-20T16:00:40.5373055Z           [36m<Text>[39m
2025-08-20T16:00:40.5373309Z             [0m💰[0m
2025-08-20T16:00:40.5373533Z           [36m</Text>[39m
2025-08-20T16:00:40.5373773Z           [36m<Text>[39m
2025-08-20T16:00:40.5374005Z             [0mBalance[0m
2025-08-20T16:00:40.5374241Z           [36m</Text>[39m
2025-08-20T16:00:40.5374471Z         [36m</View>[39m
2025-08-20T16:00:40.5374706Z         [36m<View[39m
2025-08-20T16:00:40.5375000Z           [33maccessible[39m=[32m{true}[39m
2025-08-20T16:00:40.5375292Z         [36m>[39m
2025-08-20T16:00:40.5375505Z           [36m<Text>[39m
2025-08-20T16:00:40.5375735Z             [0m👤[0m
2025-08-20T16:00:40.5375958Z           [36m</Text>[39m
2025-08-20T16:00:40.5376188Z           [36m<Text>[39m
2025-08-20T16:00:40.5376418Z             [0mProfile[0m
2025-08-20T16:00:40.5376642Z           [36m</Text>[39m
2025-08-20T16:00:40.5376868Z         [36m</View>[39m
2025-08-20T16:00:40.5377305Z       [36m</View>[39m
2025-08-20T16:00:40.5377544Z     [36m</View>[39m
2025-08-20T16:00:40.5377667Z 
2025-08-20T16:00:40.5377901Z     [0m [90m 370 |[39m
2025-08-20T16:00:40.5378295Z      [90m 371 |[39m       [36mawait[39m act([36masync[39m () [33m=>[39m {
2025-08-20T16:00:40.5378941Z     [31m[1m>[22m[39m[90m 372 |[39m         fireEvent[33m.[39mpress(getByTestId([32m'mock-login-error'[39m))[33m;[39m
2025-08-20T16:00:40.5379491Z      [90m     |[39m                         [31m[1m^[22m[39m
2025-08-20T16:00:40.5379830Z      [90m 373 |[39m       })[33m;[39m
2025-08-20T16:00:40.5380084Z      [90m 374 |[39m
2025-08-20T16:00:40.5380426Z      [90m 375 |[39m       [90m// Should remain on login screen[39m[0m
2025-08-20T16:00:40.5380661Z 
2025-08-20T16:00:40.5380877Z       at getByTestId (src/__tests__/integration/authFlow.test.tsx:372:25)
2025-08-20T16:00:40.5381453Z       at asyncGeneratorStep (node_modules/@babel/runtime/helpers/asyncToGenerator.js:3:17)
2025-08-20T16:00:40.5381986Z       at _next (node_modules/@babel/runtime/helpers/asyncToGenerator.js:17:9)
2025-08-20T16:00:40.5382455Z       at node_modules/@babel/runtime/helpers/asyncToGenerator.js:22:7
2025-08-20T16:00:40.5382892Z       at node_modules/@babel/runtime/helpers/asyncToGenerator.js:14:12
2025-08-20T16:00:40.5383354Z       at callback (node_modules/@testing-library/react-native/src/act.ts:31:24)
2025-08-20T16:00:40.5383967Z       at Object.<anonymous>.process.env.NODE_ENV.exports.act (node_modules/react/cjs/react.development.js:790:22)
2025-08-20T16:00:40.5384612Z       at actImplementation (node_modules/@testing-library/react-native/src/act.ts:30:25)
2025-08-20T16:00:40.5385141Z       at Object.<anonymous> (src/__tests__/integration/authFlow.test.tsx:371:16)
2025-08-20T16:00:40.5385672Z       at asyncGeneratorStep (node_modules/@babel/runtime/helpers/asyncToGenerator.js:3:17)
2025-08-20T16:00:40.5386192Z       at _next (node_modules/@babel/runtime/helpers/asyncToGenerator.js:17:9)
2025-08-20T16:00:40.5386635Z       at node_modules/@babel/runtime/helpers/asyncToGenerator.js:22:7
2025-08-20T16:00:40.5387305Z       at Object.<anonymous> (node_modules/@babel/runtime/helpers/asyncToGenerator.js:14:12)
2025-08-20T16:00:40.5387613Z 
2025-08-20T16:00:40.5388085Z   ● Authentication Flow Integration Tests › Logout Integration Flow › should complete logout flow and return to login
2025-08-20T16:00:40.5388487Z 
2025-08-20T16:00:40.5388667Z     Unable to find an element with testID: mock-login-success
2025-08-20T16:00:40.5388891Z 
2025-08-20T16:00:40.5388999Z     [36m<View>[39m
2025-08-20T16:00:40.5389216Z       [36m<View>[39m
2025-08-20T16:00:40.5389440Z         [36m<Text>[39m
2025-08-20T16:00:40.5389698Z           [0mChores Tracker[0m
2025-08-20T16:00:40.5389948Z         [36m</Text>[39m
2025-08-20T16:00:40.5390180Z       [36m</View>[39m
2025-08-20T16:00:40.5390402Z       [36m<View>[39m
2025-08-20T16:00:40.5390620Z         [36m<View[39m
2025-08-20T16:00:40.5390896Z           [33mtestID[39m=[32m"home-screen"[39m
2025-08-20T16:00:40.5391168Z         [36m>[39m
2025-08-20T16:00:40.5391516Z           [36m<Text[39m
2025-08-20T16:00:40.5391827Z             [33mtestID[39m=[32m"welcome-message"[39m
2025-08-20T16:00:40.5392114Z           [36m>[39m
2025-08-20T16:00:40.5392331Z             [0mWelcome, [0m
2025-08-20T16:00:40.5392596Z             [0mtestparent[0m
2025-08-20T16:00:40.5392830Z             [0m![0m
2025-08-20T16:00:40.5393047Z           [36m</Text>[39m
2025-08-20T16:00:40.5393274Z           [36m<Text[39m
2025-08-20T16:00:40.5393563Z             [33mtestID[39m=[32m"user-role"[39m
2025-08-20T16:00:40.5393838Z           [36m>[39m
2025-08-20T16:00:40.5394062Z             [0mRole: [0m
2025-08-20T16:00:40.5394297Z             [0munknown[0m
2025-08-20T16:00:40.5394522Z           [36m</Text>[39m
2025-08-20T16:00:40.5394748Z           [36m<View[39m
2025-08-20T16:00:40.5395030Z             [33maccessible[39m=[32m{true}[39m
2025-08-20T16:00:40.5395372Z             [33mtestID[39m=[32m"logout-button"[39m
2025-08-20T16:00:40.5395654Z           [36m>[39m
2025-08-20T16:00:40.5395872Z             [36m<Text>[39m
2025-08-20T16:00:40.5396232Z               [0mLogout[0m
2025-08-20T16:00:40.5396480Z             [36m</Text>[39m
2025-08-20T16:00:40.5396715Z           [36m</View>[39m
2025-08-20T16:00:40.5396942Z           [36m<View[39m
2025-08-20T16:00:40.5397450Z             [33maccessible[39m=[32m{true}[39m
2025-08-20T16:00:40.5397808Z             [33mtestID[39m=[32m"navigate-chores"[39m
2025-08-20T16:00:40.5398084Z           [36m>[39m
2025-08-20T16:00:40.5398329Z             [36m<Text>[39m
2025-08-20T16:00:40.5398593Z               [0mGo to Chores[0m
2025-08-20T16:00:40.5398851Z             [36m</Text>[39m
2025-08-20T16:00:40.5399085Z           [36m</View>[39m
2025-08-20T16:00:40.5399312Z         [36m</View>[39m
2025-08-20T16:00:40.5399535Z       [36m</View>[39m
2025-08-20T16:00:40.5399752Z       [36m<View>[39m
2025-08-20T16:00:40.5399961Z         [36m<View[39m
2025-08-20T16:00:40.5400473Z           [33maccessible[39m=[32m{true}[39m
2025-08-20T16:00:40.5400907Z         [36m>[39m
2025-08-20T16:00:40.5401130Z           [36m<Text>[39m
2025-08-20T16:00:40.5401367Z             [0m🏠[0m
2025-08-20T16:00:40.5401578Z           [36m</Text>[39m
2025-08-20T16:00:40.5401805Z           [36m<Text>[39m
2025-08-20T16:00:40.5402032Z             [0mHome[0m
2025-08-20T16:00:40.5402257Z           [36m</Text>[39m
2025-08-20T16:00:40.5402479Z         [36m</View>[39m
2025-08-20T16:00:40.5402701Z         [36m<View[39m
2025-08-20T16:00:40.5402976Z           [33maccessible[39m=[32m{true}[39m
2025-08-20T16:00:40.5403239Z         [36m>[39m
2025-08-20T16:00:40.5403440Z           [36m<Text>[39m
2025-08-20T16:00:40.5403661Z             [0m✅[0m
2025-08-20T16:00:40.5403875Z           [36m</Text>[39m
2025-08-20T16:00:40.5404098Z           [36m<Text>[39m
2025-08-20T16:00:40.5404315Z             [0mChores[0m
2025-08-20T16:00:40.5404541Z           [36m</Text>[39m
2025-08-20T16:00:40.5404765Z         [36m</View>[39m
2025-08-20T16:00:40.5404990Z         [36m<View[39m
2025-08-20T16:00:40.5405257Z           [33maccessible[39m=[32m{true}[39m
2025-08-20T16:00:40.5405515Z         [36m>[39m
2025-08-20T16:00:40.5405721Z           [36m<Text>[39m
2025-08-20T16:00:40.5405941Z             [0m💰[0m
2025-08-20T16:00:40.5406149Z           [36m</Text>[39m
2025-08-20T16:00:40.5406370Z           [36m<Text>[39m
2025-08-20T16:00:40.5406589Z             [0mBalance[0m
2025-08-20T16:00:40.5406813Z           [36m</Text>[39m
2025-08-20T16:00:40.5407212Z         [36m</View>[39m
2025-08-20T16:00:40.5407469Z         [36m<View[39m
2025-08-20T16:00:40.5407752Z           [33maccessible[39m=[32m{true}[39m
2025-08-20T16:00:40.5408029Z         [36m>[39m
2025-08-20T16:00:40.5408236Z           [36m<Text>[39m
2025-08-20T16:00:40.5408467Z             [0m👤[0m
2025-08-20T16:00:40.5408685Z           [36m</Text>[39m
2025-08-20T16:00:40.5408917Z           [36m<Text>[39m
2025-08-20T16:00:40.5409149Z             [0mProfile[0m
2025-08-20T16:00:40.5409538Z           [36m</Text>[39m
2025-08-20T16:00:40.5409765Z         [36m</View>[39m
2025-08-20T16:00:40.5409988Z       [36m</View>[39m
2025-08-20T16:00:40.5410202Z     [36m</View>[39m
2025-08-20T16:00:40.5410315Z 
2025-08-20T16:00:40.5410495Z     [0m [90m 394 |[39m       [90m// Login first[39m
2025-08-20T16:00:40.5410922Z      [90m 395 |[39m       [36mawait[39m act([36masync[39m () [33m=>[39m {
2025-08-20T16:00:40.5411557Z     [31m[1m>[22m[39m[90m 396 |[39m         fireEvent[33m.[39mpress(getByTestId([32m'mock-login-success'[39m))[33m;[39m
2025-08-20T16:00:40.5412094Z      [90m     |[39m                         [31m[1m^[22m[39m
2025-08-20T16:00:40.5412420Z      [90m 397 |[39m       })[33m;[39m
2025-08-20T16:00:40.5412675Z      [90m 398 |[39m
2025-08-20T16:00:40.5412996Z      [90m 399 |[39m       [36mawait[39m waitFor(() [33m=>[39m {[0m
2025-08-20T16:00:40.5413207Z 
2025-08-20T16:00:40.5413406Z       at getByTestId (src/__tests__/integration/authFlow.test.tsx:396:25)
2025-08-20T16:00:40.5414043Z       at asyncGeneratorStep (node_modules/@babel/runtime/helpers/asyncToGenerator.js:3:17)
2025-08-20T16:00:40.5414569Z       at _next (node_modules/@babel/runtime/helpers/asyncToGenerator.js:17:9)
2025-08-20T16:00:40.5415008Z       at node_modules/@babel/runtime/helpers/asyncToGenerator.js:22:7
2025-08-20T16:00:40.5415435Z       at node_modules/@babel/runtime/helpers/asyncToGenerator.js:14:12
2025-08-20T16:00:40.5415890Z       at callback (node_modules/@testing-library/react-native/src/act.ts:31:24)
2025-08-20T16:00:40.5416496Z       at Object.<anonymous>.process.env.NODE_ENV.exports.act (node_modules/react/cjs/react.development.js:790:22)
2025-08-20T16:00:40.5417310Z       at actImplementation (node_modules/@testing-library/react-native/src/act.ts:30:25)
2025-08-20T16:00:40.5417837Z       at Object.<anonymous> (src/__tests__/integration/authFlow.test.tsx:395:16)
2025-08-20T16:00:40.5418361Z       at asyncGeneratorStep (node_modules/@babel/runtime/helpers/asyncToGenerator.js:3:17)
2025-08-20T16:00:40.5418884Z       at _next (node_modules/@babel/runtime/helpers/asyncToGenerator.js:17:9)
2025-08-20T16:00:40.5419323Z       at node_modules/@babel/runtime/helpers/asyncToGenerator.js:22:7
2025-08-20T16:00:40.5419813Z       at Object.<anonymous> (node_modules/@babel/runtime/helpers/asyncToGenerator.js:14:12)
2025-08-20T16:00:40.5420109Z 
2025-08-20T16:00:40.5420538Z   ● Authentication Flow Integration Tests › Logout Integration Flow › should handle logout errors gracefully
2025-08-20T16:00:40.5420910Z 
2025-08-20T16:00:40.5421089Z     Unable to find an element with testID: mock-login-success
2025-08-20T16:00:40.5421311Z 
2025-08-20T16:00:40.5421414Z     [36m<View>[39m
2025-08-20T16:00:40.5421631Z       [36m<View>[39m
2025-08-20T16:00:40.5421851Z         [36m<Text>[39m
2025-08-20T16:00:40.5422110Z           [0mChores Tracker[0m
2025-08-20T16:00:40.5422355Z         [36m</Text>[39m
2025-08-20T16:00:40.5422578Z       [36m</View>[39m
2025-08-20T16:00:40.5422808Z       [36m<View>[39m
2025-08-20T16:00:40.5423029Z         [36m<View[39m
2025-08-20T16:00:40.5423305Z           [33mtestID[39m=[32m"home-screen"[39m
2025-08-20T16:00:40.5423577Z         [36m>[39m
2025-08-20T16:00:40.5423785Z           [36m<Text[39m
2025-08-20T16:00:40.5424083Z             [33mtestID[39m=[32m"welcome-message"[39m
2025-08-20T16:00:40.5424360Z           [36m>[39m
2025-08-20T16:00:40.5424579Z             [0mWelcome, [0m
2025-08-20T16:00:40.5424841Z             [0mtestparent[0m
2025-08-20T16:00:40.5425072Z             [0m![0m
2025-08-20T16:00:40.5425281Z           [36m</Text>[39m
2025-08-20T16:00:40.5425506Z           [36m<Text[39m
2025-08-20T16:00:40.5425786Z             [33mtestID[39m=[32m"user-role"[39m
2025-08-20T16:00:40.5426054Z           [36m>[39m
2025-08-20T16:00:40.5426263Z             [0mRole: [0m
2025-08-20T16:00:40.5426490Z             [0munknown[0m
2025-08-20T16:00:40.5426714Z           [36m</Text>[39m
2025-08-20T16:00:40.5427291Z           [36m<View[39m
2025-08-20T16:00:40.5427598Z             [33maccessible[39m=[32m{true}[39m
2025-08-20T16:00:40.5427946Z             [33mtestID[39m=[32m"logout-button"[39m
2025-08-20T16:00:40.5428231Z           [36m>[39m
2025-08-20T16:00:40.5428451Z             [36m<Text>[39m
2025-08-20T16:00:40.5428686Z               [0mLogout[0m
2025-08-20T16:00:40.5428917Z             [36m</Text>[39m
2025-08-20T16:00:40.5429152Z           [36m</View>[39m
2025-08-20T16:00:40.5429380Z           [36m<View[39m
2025-08-20T16:00:40.5429655Z             [33maccessible[39m=[32m{true}[39m
2025-08-20T16:00:40.5429997Z             [33mtestID[39m=[32m"navigate-chores"[39m
2025-08-20T16:00:40.5430281Z           [36m>[39m
2025-08-20T16:00:40.5430495Z             [36m<Text>[39m
2025-08-20T16:00:40.5430761Z               [0mGo to Chores[0m
2025-08-20T16:00:40.5431025Z             [36m</Text>[39m
2025-08-20T16:00:40.5431259Z           [36m</View>[39m
2025-08-20T16:00:40.5431497Z         [36m</View>[39m
2025-08-20T16:00:40.5431719Z       [36m</View>[39m
2025-08-20T16:00:40.5432049Z       [36m<View>[39m
2025-08-20T16:00:40.5432275Z         [36m<View[39m
2025-08-20T16:00:40.5432548Z           [33maccessible[39m=[32m{true}[39m
2025-08-20T16:00:40.5432815Z         [36m>[39m
2025-08-20T16:00:40.5433020Z           [36m<Text>[39m
2025-08-20T16:00:40.5433258Z             [0m🏠[0m
2025-08-20T16:00:40.5433481Z           [36m</Text>[39m
2025-08-20T16:00:40.5433712Z           [36m<Text>[39m
2025-08-20T16:00:40.5433935Z             [0mHome[0m
2025-08-20T16:00:40.5434155Z           [36m</Text>[39m
2025-08-20T16:00:40.5434380Z         [36m</View>[39m
2025-08-20T16:00:40.5434604Z         [36m<View[39m
2025-08-20T16:00:40.5434868Z           [33maccessible[39m=[32m{true}[39m
2025-08-20T16:00:40.5435128Z         [36m>[39m
2025-08-20T16:00:40.5435338Z           [36m<Text>[39m
2025-08-20T16:00:40.5435556Z             [0m✅[0m
2025-08-20T16:00:40.5435771Z           [36m</Text>[39m
2025-08-20T16:00:40.5436002Z           [36m<Text>[39m
2025-08-20T16:00:40.5436232Z             [0mChores[0m
2025-08-20T16:00:40.5436454Z           [36m</Text>[39m
2025-08-20T16:00:40.5436678Z         [36m</View>[39m
2025-08-20T16:00:40.5436890Z         [36m<View[39m
2025-08-20T16:00:40.5437372Z           [33maccessible[39m=[32m{true}[39m
2025-08-20T16:00:40.5437638Z         [36m>[39m
2025-08-20T16:00:40.5437843Z           [36m<Text>[39m
2025-08-20T16:00:40.5438062Z             [0m💰[0m
2025-08-20T16:00:40.5438277Z           [36m</Text>[39m
2025-08-20T16:00:40.5438497Z           [36m<Text>[39m
2025-08-20T16:00:40.5438719Z             [0mBalance[0m
2025-08-20T16:00:40.5438936Z           [36m</Text>[39m
2025-08-20T16:00:40.5439159Z         [36m</View>[39m
2025-08-20T16:00:40.5439376Z         [36m<View[39m
2025-08-20T16:00:40.5439645Z           [33maccessible[39m=[32m{true}[39m
2025-08-20T16:00:40.5439903Z         [36m>[39m
2025-08-20T16:00:40.5440109Z           [36m<Text>[39m
2025-08-20T16:00:40.5440337Z             [0m👤[0m
2025-08-20T16:00:40.5440560Z           [36m</Text>[39m
2025-08-20T16:00:40.5440783Z           [36m<Text>[39m
2025-08-20T16:00:40.5441009Z             [0mProfile[0m
2025-08-20T16:00:40.5441234Z           [36m</Text>[39m
2025-08-20T16:00:40.5441461Z         [36m</View>[39m
2025-08-20T16:00:40.5441682Z       [36m</View>[39m
2025-08-20T16:00:40.5441889Z     [36m</View>[39m
2025-08-20T16:00:40.5442017Z 
2025-08-20T16:00:40.5442199Z     [0m [90m 431 |[39m       [90m// Login first[39m
2025-08-20T16:00:40.5442629Z      [90m 432 |[39m       [36mawait[39m act([36masync[39m () [33m=>[39m {
2025-08-20T16:00:40.5443270Z     [31m[1m>[22m[39m[90m 433 |[39m         fireEvent[33m.[39mpress(getByTestId([32m'mock-login-success'[39m))[33m;[39m
2025-08-20T16:00:40.5443807Z      [90m     |[39m                         [31m[1m^[22m[39m
2025-08-20T16:00:40.5444132Z      [90m 434 |[39m       })[33m;[39m
2025-08-20T16:00:40.5444524Z      [90m 435 |[39m
2025-08-20T16:00:40.5444854Z      [90m 436 |[39m       [36mawait[39m waitFor(() [33m=>[39m {[0m
2025-08-20T16:00:40.5445067Z 
2025-08-20T16:00:40.5445272Z       at getByTestId (src/__tests__/integration/authFlow.test.tsx:433:25)
2025-08-20T16:00:40.5445793Z       at asyncGeneratorStep (node_modules/@babel/runtime/helpers/asyncToGenerator.js:3:17)
2025-08-20T16:00:40.5446309Z       at _next (node_modules/@babel/runtime/helpers/asyncToGenerator.js:17:9)
2025-08-20T16:00:40.5446752Z       at node_modules/@babel/runtime/helpers/asyncToGenerator.js:22:7
2025-08-20T16:00:40.5447385Z       at node_modules/@babel/runtime/helpers/asyncToGenerator.js:14:12
2025-08-20T16:00:40.5447854Z       at callback (node_modules/@testing-library/react-native/src/act.ts:31:24)
2025-08-20T16:00:40.5448463Z       at Object.<anonymous>.process.env.NODE_ENV.exports.act (node_modules/react/cjs/react.development.js:790:22)
2025-08-20T16:00:40.5449091Z       at actImplementation (node_modules/@testing-library/react-native/src/act.ts:30:25)
2025-08-20T16:00:40.5449744Z       at Object.<anonymous> (src/__tests__/integration/authFlow.test.tsx:432:16)
2025-08-20T16:00:40.5450280Z       at asyncGeneratorStep (node_modules/@babel/runtime/helpers/asyncToGenerator.js:3:17)
2025-08-20T16:00:40.5450791Z       at _next (node_modules/@babel/runtime/helpers/asyncToGenerator.js:17:9)
2025-08-20T16:00:40.5451229Z       at node_modules/@babel/runtime/helpers/asyncToGenerator.js:22:7
2025-08-20T16:00:40.5451720Z       at Object.<anonymous> (node_modules/@babel/runtime/helpers/asyncToGenerator.js:14:12)
2025-08-20T16:00:40.5452027Z 
2025-08-20T16:00:40.5452482Z   ● Authentication Flow Integration Tests › Session Persistence Integration › should handle corrupted session data
2025-08-20T16:00:40.5452879Z 
2025-08-20T16:00:40.5453032Z     Unable to find an element with testID: login-screen
2025-08-20T16:00:40.5453240Z 
2025-08-20T16:00:40.5453339Z     [36m<View>[39m
2025-08-20T16:00:40.5453554Z       [36m<View>[39m
2025-08-20T16:00:40.5453784Z         [36m<Text>[39m
2025-08-20T16:00:40.5454043Z           [0mChores Tracker[0m
2025-08-20T16:00:40.5454290Z         [36m</Text>[39m
2025-08-20T16:00:40.5454516Z       [36m</View>[39m
2025-08-20T16:00:40.5454732Z       [36m<View>[39m
2025-08-20T16:00:40.5454936Z         [36m<View[39m
2025-08-20T16:00:40.5455209Z           [33mtestID[39m=[32m"home-screen"[39m
2025-08-20T16:00:40.5455481Z         [36m>[39m
2025-08-20T16:00:40.5455686Z           [36m<Text[39m
2025-08-20T16:00:40.5455982Z             [33mtestID[39m=[32m"welcome-message"[39m
2025-08-20T16:00:40.5456262Z           [36m>[39m
2025-08-20T16:00:40.5456478Z             [0mWelcome, [0m
2025-08-20T16:00:40.5456740Z             [0mtestparent[0m
2025-08-20T16:00:40.5456969Z             [0m![0m
2025-08-20T16:00:40.5457292Z           [36m</Text>[39m
2025-08-20T16:00:40.5457516Z           [36m<Text[39m
2025-08-20T16:00:40.5457792Z             [33mtestID[39m=[32m"user-role"[39m
2025-08-20T16:00:40.5458063Z           [36m>[39m
2025-08-20T16:00:40.5458282Z             [0mRole: [0m
2025-08-20T16:00:40.5458512Z             [0munknown[0m
2025-08-20T16:00:40.5458738Z           [36m</Text>[39m
2025-08-20T16:00:40.5458961Z           [36m<View[39m
2025-08-20T16:00:40.5459233Z             [33maccessible[39m=[32m{true}[39m
2025-08-20T16:00:40.5459576Z             [33mtestID[39m=[32m"logout-button"[39m
2025-08-20T16:00:40.5459855Z           [36m>[39m
2025-08-20T16:00:40.5460070Z             [36m<Text>[39m
2025-08-20T16:00:40.5460302Z               [0mLogout[0m
2025-08-20T16:00:40.5460535Z             [36m</Text>[39m
2025-08-20T16:00:40.5460767Z           [36m</View>[39m
2025-08-20T16:00:40.5460989Z           [36m<View[39m
2025-08-20T16:00:40.5461259Z             [33maccessible[39m=[32m{true}[39m
2025-08-20T16:00:40.5461609Z             [33mtestID[39m=[32m"navigate-chores"[39m
2025-08-20T16:00:40.5461891Z           [36m>[39m
2025-08-20T16:00:40.5462106Z             [36m<Text>[39m
2025-08-20T16:00:40.5462495Z               [0mGo to Chores[0m
2025-08-20T16:00:40.5462750Z             [36m</Text>[39m
2025-08-20T16:00:40.5462990Z           [36m</View>[39m
2025-08-20T16:00:40.5463219Z         [36m</View>[39m
2025-08-20T16:00:40.5463437Z       [36m</View>[39m
2025-08-20T16:00:40.5463650Z       [36m<View>[39m
2025-08-20T16:00:40.5463860Z         [36m<View[39m
2025-08-20T16:00:40.5464134Z           [33maccessible[39m=[32m{true}[39m
2025-08-20T16:00:40.5464403Z         [36m>[39m
2025-08-20T16:00:40.5464607Z           [36m<Text>[39m
2025-08-20T16:00:40.5464837Z             [0m🏠[0m
2025-08-20T16:00:40.5465052Z           [36m</Text>[39m
2025-08-20T16:00:40.5465276Z           [36m<Text>[39m
2025-08-20T16:00:40.5465495Z             [0mHome[0m
2025-08-20T16:00:40.5465715Z           [36m</Text>[39m
2025-08-20T16:00:40.5465944Z         [36m</View>[39m
2025-08-20T16:00:40.5466159Z         [36m<View[39m
2025-08-20T16:00:40.5466422Z           [33maccessible[39m=[32m{true}[39m
2025-08-20T16:00:40.5466692Z         [36m>[39m
2025-08-20T16:00:40.5467110Z           [36m<Text>[39m
2025-08-20T16:00:40.5467352Z             [0m✅[0m
2025-08-20T16:00:40.5467563Z           [36m</Text>[39m
2025-08-20T16:00:40.5467787Z           [36m<Text>[39m
2025-08-20T16:00:40.5468010Z             [0mChores[0m
2025-08-20T16:00:40.5468233Z           [36m</Text>[39m
2025-08-20T16:00:40.5468451Z         [36m</View>[39m
2025-08-20T16:00:40.5468666Z         [36m<View[39m
2025-08-20T16:00:40.5468927Z           [33maccessible[39m=[32m{true}[39m
2025-08-20T16:00:40.5469186Z         [36m>[39m
2025-08-20T16:00:40.5469385Z           [36m<Text>[39m
2025-08-20T16:00:40.5469603Z             [0m💰[0m
2025-08-20T16:00:40.5469819Z           [36m</Text>[39m
2025-08-20T16:00:40.5470044Z           [36m<Text>[39m
2025-08-20T16:00:40.5470266Z             [0mBalance[0m
2025-08-20T16:00:40.5470490Z           [36m</Text>[39m
2025-08-20T16:00:40.5470711Z         [36m</View>[39m
2025-08-20T16:00:40.5470939Z         [36m<View[39m
2025-08-20T16:00:40.5471208Z           [33maccessible[39m=[32m{true}[39m
2025-08-20T16:00:40.5471468Z         [36m>[39m
2025-08-20T16:00:40.5471672Z           [36m<Text>[39m
2025-08-20T16:00:40.5471892Z             [0m👤[0m
2025-08-20T16:00:40.5472103Z           [36m</Text>[39m
2025-08-20T16:00:40.5472323Z           [36m<Text>[39m
2025-08-20T16:00:40.5472546Z             [0mProfile[0m
2025-08-20T16:00:40.5472771Z           [36m</Text>[39m
2025-08-20T16:00:40.5472992Z         [36m</View>[39m
2025-08-20T16:00:40.5473206Z       [36m</View>[39m
2025-08-20T16:00:40.5473415Z     [36m</View>[39m
2025-08-20T16:00:40.5473529Z 
2025-08-20T16:00:40.5473635Z     [0m [90m 486 |[39m
2025-08-20T16:00:40.5473981Z      [90m 487 |[39m       [90m// Should fallback to login screen[39m
2025-08-20T16:00:40.5474452Z     [31m[1m>[22m[39m[90m 488 |[39m       [36mawait[39m waitFor(() [33m=>[39m {
2025-08-20T16:00:40.5474870Z      [90m     |[39m                    [31m[1m^[22m[39m
2025-08-20T16:00:40.5475423Z      [90m 489 |[39m         expect(getByTestId([32m'login-screen'[39m))[33m.[39mtoBeTruthy()[33m;[39m
2025-08-20T16:00:40.5476076Z      [90m 490 |[39m         expect(queryByTestId([32m'home-screen'[39m))[33m.[39mtoBeNull()[33m;[39m
2025-08-20T16:00:40.5476527Z      [90m 491 |[39m       })[33m;[39m[0m
2025-08-20T16:00:40.5476694Z 
2025-08-20T16:00:40.5476924Z       at Object.<anonymous> (src/__tests__/integration/authFlow.test.tsx:488:20)
2025-08-20T16:00:40.5477566Z       at asyncGeneratorStep (node_modules/@babel/runtime/helpers/asyncToGenerator.js:3:17)
2025-08-20T16:00:40.5478089Z       at _next (node_modules/@babel/runtime/helpers/asyncToGenerator.js:17:9)
2025-08-20T16:00:40.5478542Z       at node_modules/@babel/runtime/helpers/asyncToGenerator.js:22:7
2025-08-20T16:00:40.5479038Z       at Object.<anonymous> (node_modules/@babel/runtime/helpers/asyncToGenerator.js:14:12)
2025-08-20T16:00:40.5479463Z 
2025-08-20T16:00:40.5480012Z   ● Authentication Flow Integration Tests › Cross-Screen Navigation Integration › should navigate between screens after authentication
2025-08-20T16:00:40.5480473Z 
2025-08-20T16:00:40.5480654Z     Unable to find an element with testID: mock-login-success
2025-08-20T16:00:40.5480881Z 
2025-08-20T16:00:40.5480984Z     [36m<View>[39m
2025-08-20T16:00:40.5481204Z       [36m<View>[39m
2025-08-20T16:00:40.5481427Z         [36m<Text>[39m
2025-08-20T16:00:40.5481685Z           [0mChores Tracker[0m
2025-08-20T16:00:40.5481935Z         [36m</Text>[39m
2025-08-20T16:00:40.5482161Z       [36m</View>[39m
2025-08-20T16:00:40.5482377Z       [36m<View>[39m
2025-08-20T16:00:40.5482592Z         [36m<View[39m
2025-08-20T16:00:40.5482868Z           [33mtestID[39m=[32m"home-screen"[39m
2025-08-20T16:00:40.5483145Z         [36m>[39m
2025-08-20T16:00:40.5483356Z           [36m<Text[39m
2025-08-20T16:00:40.5483662Z             [33mtestID[39m=[32m"welcome-message"[39m
2025-08-20T16:00:40.5483960Z           [36m>[39m
2025-08-20T16:00:40.5484292Z             [0mWelcome, [0m
2025-08-20T16:00:40.5484571Z             [0mtestparent[0m
2025-08-20T16:00:40.5484808Z             [0m![0m
2025-08-20T16:00:40.5485026Z           [36m</Text>[39m
2025-08-20T16:00:40.5485257Z           [36m<Text[39m
2025-08-20T16:00:40.5485537Z             [33mtestID[39m=[32m"user-role"[39m
2025-08-20T16:00:40.5485810Z           [36m>[39m
2025-08-20T16:00:40.5486026Z             [0mRole: [0m
2025-08-20T16:00:40.5486250Z             [0munknown[0m
2025-08-20T16:00:40.5486479Z           [36m</Text>[39m
2025-08-20T16:00:40.5486705Z           [36m<View[39m
2025-08-20T16:00:40.5486983Z             [33maccessible[39m=[32m{true}[39m
2025-08-20T16:00:40.5487433Z             [33mtestID[39m=[32m"logout-button"[39m
2025-08-20T16:00:40.5487715Z           [36m>[39m
2025-08-20T16:00:40.5487934Z             [36m<Text>[39m
2025-08-20T16:00:40.5488173Z               [0mLogout[0m
2025-08-20T16:00:40.5488409Z             [36m</Text>[39m
2025-08-20T16:00:40.5488652Z           [36m</View>[39m
2025-08-20T16:00:40.5488880Z           [36m<View[39m
2025-08-20T16:00:40.5489159Z             [33maccessible[39m=[32m{true}[39m
2025-08-20T16:00:40.5489503Z             [33mtestID[39m=[32m"navigate-chores"[39m
2025-08-20T16:00:40.5489787Z           [36m>[39m
2025-08-20T16:00:40.5490001Z             [36m<Text>[39m
2025-08-20T16:00:40.5490262Z               [0mGo to Chores[0m
2025-08-20T16:00:40.5490518Z             [36m</Text>[39m
2025-08-20T16:00:40.5490754Z           [36m</View>[39m
2025-08-20T16:00:40.5490986Z         [36m</View>[39m
2025-08-20T16:00:40.5491210Z       [36m</View>[39m
2025-08-20T16:00:40.5491423Z       [36m<View>[39m
2025-08-20T16:00:40.5491634Z         [36m<View[39m
2025-08-20T16:00:40.5491906Z           [33maccessible[39m=[32m{true}[39m
2025-08-20T16:00:40.5492173Z         [36m>[39m
2025-08-20T16:00:40.5492379Z           [36m<Text>[39m
2025-08-20T16:00:40.5492608Z             [0m🏠[0m
2025-08-20T16:00:40.5492823Z           [36m</Text>[39m
2025-08-20T16:00:40.5493058Z           [36m<Text>[39m
2025-08-20T16:00:40.5493283Z             [0mHome[0m
2025-08-20T16:00:40.5493501Z           [36m</Text>[39m
2025-08-20T16:00:40.5493727Z         [36m</View>[39m
2025-08-20T16:00:40.5493947Z         [36m<View[39m
2025-08-20T16:00:40.5494214Z           [33maccessible[39m=[32m{true}[39m
2025-08-20T16:00:40.5494480Z         [36m>[39m
2025-08-20T16:00:40.5494689Z           [36m<Text>[39m
2025-08-20T16:00:40.5494910Z             [0m✅[0m
2025-08-20T16:00:40.5495131Z           [36m</Text>[39m
2025-08-20T16:00:40.5495358Z           [36m<Text>[39m
2025-08-20T16:00:40.5495584Z             [0mChores[0m
2025-08-20T16:00:40.5495810Z           [36m</Text>[39m
2025-08-20T16:00:40.5496033Z         [36m</View>[39m
2025-08-20T16:00:40.5496248Z         [36m<View[39m
2025-08-20T16:00:40.5496521Z           [33maccessible[39m=[32m{true}[39m
2025-08-20T16:00:40.5496921Z         [36m>[39m
2025-08-20T16:00:40.5497234Z           [36m<Text>[39m
2025-08-20T16:00:40.5497466Z             [0m💰[0m
2025-08-20T16:00:40.5497679Z           [36m</Text>[39m
2025-08-20T16:00:40.5497901Z           [36m<Text>[39m
2025-08-20T16:00:40.5498129Z             [0mBalance[0m
2025-08-20T16:00:40.5498385Z           [36m</Text>[39m
2025-08-20T16:00:40.5498604Z         [36m</View>[39m
2025-08-20T16:00:40.5498825Z         [36m<View[39m
2025-08-20T16:00:40.5499094Z           [33maccessible[39m=[32m{true}[39m
2025-08-20T16:00:40.5499359Z         [36m>[39m
2025-08-20T16:00:40.5499560Z           [36m<Text>[39m
2025-08-20T16:00:40.5499779Z             [0m👤[0m
2025-08-20T16:00:40.5499998Z           [36m</Text>[39m
2025-08-20T16:00:40.5500223Z           [36m<Text>[39m
2025-08-20T16:00:40.5500450Z             [0mProfile[0m
2025-08-20T16:00:40.5500679Z           [36m</Text>[39m
2025-08-20T16:00:40.5500904Z         [36m</View>[39m
2025-08-20T16:00:40.5501130Z       [36m</View>[39m
2025-08-20T16:00:40.5501337Z     [36m</View>[39m
2025-08-20T16:00:40.5501575Z 
2025-08-20T16:00:40.5501742Z     [0m [90m 508 |[39m       [90m// Login[39m
2025-08-20T16:00:40.5502162Z      [90m 509 |[39m       [36mawait[39m act([36masync[39m () [33m=>[39m {
2025-08-20T16:00:40.5502809Z     [31m[1m>[22m[39m[90m 510 |[39m         fireEvent[33m.[39mpress(getByTestId([32m'mock-login-success'[39m))[33m;[39m
2025-08-20T16:00:40.5503354Z      [90m     |[39m                         [31m[1m^[22m[39m
2025-08-20T16:00:40.5503682Z      [90m 511 |[39m       })[33m;[39m
2025-08-20T16:00:40.5503938Z      [90m 512 |[39m
2025-08-20T16:00:40.5504263Z      [90m 513 |[39m       [36mawait[39m waitFor(() [33m=>[39m {[0m
2025-08-20T16:00:40.5504473Z 
2025-08-20T16:00:40.5504683Z       at getByTestId (src/__tests__/integration/authFlow.test.tsx:510:25)
2025-08-20T16:00:40.5505209Z       at asyncGeneratorStep (node_modules/@babel/runtime/helpers/asyncToGenerator.js:3:17)
2025-08-20T16:00:40.5505736Z       at _next (node_modules/@babel/runtime/helpers/asyncToGenerator.js:17:9)
2025-08-20T16:00:40.5506180Z       at node_modules/@babel/runtime/helpers/asyncToGenerator.js:22:7
2025-08-20T16:00:40.5506605Z       at node_modules/@babel/runtime/helpers/asyncToGenerator.js:14:12
2025-08-20T16:00:40.5507169Z       at callback (node_modules/@testing-library/react-native/src/act.ts:31:24)
2025-08-20T16:00:40.5507783Z       at Object.<anonymous>.process.env.NODE_ENV.exports.act (node_modules/react/cjs/react.development.js:790:22)
2025-08-20T16:00:40.5508419Z       at actImplementation (node_modules/@testing-library/react-native/src/act.ts:30:25)
2025-08-20T16:00:40.5508938Z       at Object.<anonymous> (src/__tests__/integration/authFlow.test.tsx:509:16)
2025-08-20T16:00:40.5509468Z       at asyncGeneratorStep (node_modules/@babel/runtime/helpers/asyncToGenerator.js:3:17)
2025-08-20T16:00:40.5509984Z       at _next (node_modules/@babel/runtime/helpers/asyncToGenerator.js:17:9)
2025-08-20T16:00:40.5510427Z       at node_modules/@babel/runtime/helpers/asyncToGenerator.js:22:7
2025-08-20T16:00:40.5510922Z       at Object.<anonymous> (node_modules/@babel/runtime/helpers/asyncToGenerator.js:14:12)
2025-08-20T16:00:40.5511225Z 
2025-08-20T16:00:40.5511771Z   ● Authentication Flow Integration Tests › Cross-Screen Navigation Integration › should maintain authentication state across navigation
2025-08-20T16:00:40.5512239Z 
2025-08-20T16:00:40.5512417Z     Unable to find an element with testID: mock-login-success
2025-08-20T16:00:40.5512645Z 
2025-08-20T16:00:40.5512749Z     [36m<View>[39m
2025-08-20T16:00:40.5512967Z       [36m<View>[39m
2025-08-20T16:00:40.5513188Z         [36m<Text>[39m
2025-08-20T16:00:40.5513439Z           [0mChores Tracker[0m
2025-08-20T16:00:40.5513691Z         [36m</Text>[39m
2025-08-20T16:00:40.5513918Z       [36m</View>[39m
2025-08-20T16:00:40.5514135Z       [36m<View>[39m
2025-08-20T16:00:40.5514344Z         [36m<View[39m
2025-08-20T16:00:40.5514755Z           [33mtestID[39m=[32m"home-screen"[39m
2025-08-20T16:00:40.5515039Z         [36m>[39m
2025-08-20T16:00:40.5515249Z           [36m<Text[39m
2025-08-20T16:00:40.5515551Z             [33mtestID[39m=[32m"welcome-message"[39m
2025-08-20T16:00:40.5515833Z           [36m>[39m
2025-08-20T16:00:40.5516057Z             [0mWelcome, [0m
2025-08-20T16:00:40.5516321Z             [0mtestparent[0m
2025-08-20T16:00:40.5516555Z             [0m![0m
2025-08-20T16:00:40.5516767Z           [36m</Text>[39m
2025-08-20T16:00:40.5516997Z           [36m<Text[39m
2025-08-20T16:00:40.5517422Z             [33mtestID[39m=[32m"user-role"[39m
2025-08-20T16:00:40.5517695Z           [36m>[39m
2025-08-20T16:00:40.5517903Z             [0mRole: [0m
2025-08-20T16:00:40.5518131Z             [0munknown[0m
2025-08-20T16:00:40.5518367Z           [36m</Text>[39m
2025-08-20T16:00:40.5518596Z           [36m<View[39m
2025-08-20T16:00:40.5518870Z             [33maccessible[39m=[32m{true}[39m
2025-08-20T16:00:40.5519217Z             [33mtestID[39m=[32m"logout-button"[39m
2025-08-20T16:00:40.5519614Z           [36m>[39m
2025-08-20T16:00:40.5519839Z             [36m<Text>[39m
2025-08-20T16:00:40.5520073Z               [0mLogout[0m
2025-08-20T16:00:40.5520309Z             [36m</Text>[39m
2025-08-20T16:00:40.5520544Z           [36m</View>[39m
2025-08-20T16:00:40.5520768Z           [36m<View[39m
2025-08-20T16:00:40.5521042Z             [33maccessible[39m=[32m{true}[39m
2025-08-20T16:00:40.5521381Z             [33mtestID[39m=[32m"navigate-chores"[39m
2025-08-20T16:00:40.5521666Z           [36m>[39m
2025-08-20T16:00:40.5521879Z             [36m<Text>[39m
2025-08-20T16:00:40.5522139Z               [0mGo to Chores[0m
2025-08-20T16:00:40.5522390Z             [36m</Text>[39m
2025-08-20T16:00:40.5522627Z           [36m</View>[39m
2025-08-20T16:00:40.5522854Z         [36m</View>[39m
2025-08-20T16:00:40.5523074Z       [36m</View>[39m
2025-08-20T16:00:40.5523282Z       [36m<View>[39m
2025-08-20T16:00:40.5523498Z         [36m<View[39m
2025-08-20T16:00:40.5523771Z           [33maccessible[39m=[32m{true}[39m
2025-08-20T16:00:40.5524035Z         [36m>[39m
2025-08-20T16:00:40.5524239Z           [36m<Text>[39m
2025-08-20T16:00:40.5524466Z             [0m🏠[0m
2025-08-20T16:00:40.5524685Z           [36m</Text>[39m
2025-08-20T16:00:40.5524912Z           [36m<Text>[39m
2025-08-20T16:00:40.5525133Z             [0mHome[0m
2025-08-20T16:00:40.5525358Z           [36m</Text>[39m
2025-08-20T16:00:40.5525583Z         [36m</View>[39m
2025-08-20T16:00:40.5525804Z         [36m<View[39m
2025-08-20T16:00:40.5526070Z           [33maccessible[39m=[32m{true}[39m
2025-08-20T16:00:40.5526335Z         [36m>[39m
2025-08-20T16:00:40.5526542Z           [36m<Text>[39m
2025-08-20T16:00:40.5526764Z             [0m✅[0m
2025-08-20T16:00:40.5526972Z           [36m</Text>[39m
2025-08-20T16:00:40.5527308Z           [36m<Text>[39m
2025-08-20T16:00:40.5527532Z             [0mChores[0m
2025-08-20T16:00:40.5527764Z           [36m</Text>[39m
2025-08-20T16:00:40.5527997Z         [36m</View>[39m
2025-08-20T16:00:40.5528212Z         [36m<View[39m
2025-08-20T16:00:40.5528476Z           [33maccessible[39m=[32m{true}[39m
2025-08-20T16:00:40.5528737Z         [36m>[39m
2025-08-20T16:00:40.5528953Z           [36m<Text>[39m
2025-08-20T16:00:40.5529173Z             [0m💰[0m
2025-08-20T16:00:40.5529397Z           [36m</Text>[39m
2025-08-20T16:00:40.5529634Z           [36m<Text>[39m
2025-08-20T16:00:40.5529862Z             [0mBalance[0m
2025-08-20T16:00:40.5530089Z           [36m</Text>[39m
2025-08-20T16:00:40.5530314Z         [36m</View>[39m
2025-08-20T16:00:40.5530538Z         [36m<View[39m
2025-08-20T16:00:40.5530802Z           [33maccessible[39m=[32m{true}[39m
2025-08-20T16:00:40.5531059Z         [36m>[39m
2025-08-20T16:00:40.5531265Z           [36m<Text>[39m
2025-08-20T16:00:40.5531489Z             [0m👤[0m
2025-08-20T16:00:40.5531702Z           [36m</Text>[39m
2025-08-20T16:00:40.5532050Z           [36m<Text>[39m
2025-08-20T16:00:40.5532281Z             [0mProfile[0m
2025-08-20T16:00:40.5532510Z           [36m</Text>[39m
2025-08-20T16:00:40.5532736Z         [36m</View>[39m
2025-08-20T16:00:40.5533001Z       [36m</View>[39m
2025-08-20T16:00:40.5533220Z     [36m</View>[39m
2025-08-20T16:00:40.5533337Z 
2025-08-20T16:00:40.5533499Z     [0m [90m 552 |[39m       [90m// Login[39m
2025-08-20T16:00:40.5533914Z      [90m 553 |[39m       [36mawait[39m act([36masync[39m () [33m=>[39m {
2025-08-20T16:00:40.5534557Z     [31m[1m>[22m[39m[90m 554 |[39m         fireEvent[33m.[39mpress(getByTestId([32m'mock-login-success'[39m))[33m;[39m
2025-08-20T16:00:40.5535095Z      [90m     |[39m                         [31m[1m^[22m[39m
2025-08-20T16:00:40.5535423Z      [90m 555 |[39m       })[33m;[39m
2025-08-20T16:00:40.5535683Z      [90m 556 |[39m
2025-08-20T16:00:40.5536008Z      [90m 557 |[39m       [36mawait[39m waitFor(() [33m=>[39m {[0m
2025-08-20T16:00:40.5536222Z 
2025-08-20T16:00:40.5536557Z       at getByTestId (src/__tests__/integration/authFlow.test.tsx:554:25)
2025-08-20T16:00:40.5537184Z       at asyncGeneratorStep (node_modules/@babel/runtime/helpers/asyncToGenerator.js:3:17)
2025-08-20T16:00:40.5537711Z       at _next (node_modules/@babel/runtime/helpers/asyncToGenerator.js:17:9)
2025-08-20T16:00:40.5538157Z       at node_modules/@babel/runtime/helpers/asyncToGenerator.js:22:7
2025-08-20T16:00:40.5538585Z       at node_modules/@babel/runtime/helpers/asyncToGenerator.js:14:12
2025-08-20T16:00:40.5539044Z       at callback (node_modules/@testing-library/react-native/src/act.ts:31:24)
2025-08-20T16:00:40.5539651Z       at Object.<anonymous>.process.env.NODE_ENV.exports.act (node_modules/react/cjs/react.development.js:790:22)
2025-08-20T16:00:40.5540280Z       at actImplementation (node_modules/@testing-library/react-native/src/act.ts:30:25)
2025-08-20T16:00:40.5540803Z       at Object.<anonymous> (src/__tests__/integration/authFlow.test.tsx:553:16)
2025-08-20T16:00:40.5541341Z       at asyncGeneratorStep (node_modules/@babel/runtime/helpers/asyncToGenerator.js:3:17)
2025-08-20T16:00:40.5541860Z       at _next (node_modules/@babel/runtime/helpers/asyncToGenerator.js:17:9)
2025-08-20T16:00:40.5542304Z       at node_modules/@babel/runtime/helpers/asyncToGenerator.js:22:7
2025-08-20T16:00:40.5542795Z       at Object.<anonymous> (node_modules/@babel/runtime/helpers/asyncToGenerator.js:14:12)
2025-08-20T16:00:40.5543109Z 
2025-08-20T16:00:43.7710808Z FAIL src/__tests__/integration/choreManagement.test.tsx (12.101 s)
2025-08-20T16:00:43.7712291Z   ● Chore Management Workflow Integration Tests › Parent Chore Creation Workflow › should complete full chore creation workflow
2025-08-20T16:00:43.7712759Z 
2025-08-20T16:00:43.7712948Z     expect(jest.fn()).toHaveBeenCalledWith(...expected)
2025-08-20T16:00:43.7713325Z 
2025-08-20T16:00:43.7713505Z     Expected: "Success", "Chore created successfully!"
2025-08-20T16:00:43.7713719Z 
2025-08-20T16:00:43.7713833Z     Number of calls: 0
2025-08-20T16:00:43.7713967Z 
2025-08-20T16:00:43.7714161Z     [0m [90m 364 |[39m       })[33m;[39m
2025-08-20T16:00:43.7714445Z      [90m 365 |[39m
2025-08-20T16:00:43.7715177Z     [31m[1m>[22m[39m[90m 366 |[39m       expect(mockAlert)[33m.[39mtoHaveBeenCalledWith([32m'Success'[39m[33m,[39m [32m'Chore created successfully!'[39m)[33m;[39m
2025-08-20T16:00:43.7715867Z      [90m     |[39m                         [31m[1m^[22m[39m
2025-08-20T16:00:43.7716180Z      [90m 367 |[39m       
2025-08-20T16:00:43.7716531Z      [90m 368 |[39m       [90m// Verify chore appears in list[39m
2025-08-20T16:00:43.7716975Z      [90m 369 |[39m       [36mawait[39m waitFor(() [33m=>[39m {[0m
2025-08-20T16:00:43.7717452Z 
2025-08-20T16:00:43.7717774Z       at Object.toHaveBeenCalledWith (src/__tests__/integration/choreManagement.test.tsx:366:25)
2025-08-20T16:00:43.7718407Z       at asyncGeneratorStep (node_modules/@babel/runtime/helpers/asyncToGenerator.js:3:17)
2025-08-20T16:00:43.7719606Z       at _next (node_modules/@babel/runtime/helpers/asyncToGenerator.js:17:9)
2025-08-20T16:00:43.7719886Z 
2025-08-20T16:00:43.7720444Z   ● Chore Management Workflow Integration Tests › Parent Chore Creation Workflow › should handle chore creation validation errors
2025-08-20T16:00:43.7721054Z 
2025-08-20T16:00:43.7721316Z     expect(jest.fn()).toHaveBeenCalledWith(...expected)
2025-08-20T16:00:43.7721664Z 
2025-08-20T16:00:43.7721928Z     Expected: "Error", "Please fill required fields"
2025-08-20T16:00:43.7722281Z 
2025-08-20T16:00:43.7722413Z     Number of calls: 0
2025-08-20T16:00:43.7722634Z 
2025-08-20T16:00:43.7722951Z     [0m [90m 389 |[39m       })[33m;[39m
2025-08-20T16:00:43.7723456Z      [90m 390 |[39m
2025-08-20T16:00:43.7724723Z     [31m[1m>[22m[39m[90m 391 |[39m       expect(mockAlert)[33m.[39mtoHaveBeenCalledWith([32m'Error'[39m[33m,[39m [32m'Please fill required fields'[39m)[33m;[39m
2025-08-20T16:00:43.7725833Z      [90m     |[39m                         [31m[1m^[22m[39m
2025-08-20T16:00:43.7727231Z      [90m 392 |[39m       expect(mockedChoreAPI[33m.[39mcreateChore)[33m.[39mnot[33m.[39mtoHaveBeenCalled()[33m;[39m
2025-08-20T16:00:43.7728146Z      [90m 393 |[39m     })[33m;[39m
2025-08-20T16:00:43.7728595Z      [90m 394 |[39m[0m
2025-08-20T16:00:43.7728818Z 
2025-08-20T16:00:43.7729356Z       at Object.toHaveBeenCalledWith (src/__tests__/integration/choreManagement.test.tsx:391:25)
2025-08-20T16:00:43.7730417Z       at asyncGeneratorStep (node_modules/@babel/runtime/helpers/asyncToGenerator.js:3:17)
2025-08-20T16:00:43.7731305Z       at _next (node_modules/@babel/runtime/helpers/asyncToGenerator.js:17:9)
2025-08-20T16:00:43.7731689Z 
2025-08-20T16:00:43.7732459Z   ● Chore Management Workflow Integration Tests › Parent Chore Creation Workflow › should handle API errors during chore creation
2025-08-20T16:00:43.7733180Z 
2025-08-20T16:00:43.7733452Z     expect(jest.fn()).toHaveBeenCalledWith(...expected)
2025-08-20T16:00:43.7733823Z 
2025-08-20T16:00:43.7734012Z     Expected: "Error", "Server error"
2025-08-20T16:00:43.7734300Z 
2025-08-20T16:00:43.7734435Z     Number of calls: 0
2025-08-20T16:00:43.7734632Z 
2025-08-20T16:00:43.7734902Z     [0m [90m 412 |[39m       })[33m;[39m
2025-08-20T16:00:43.7735359Z      [90m 413 |[39m
2025-08-20T16:00:43.7735993Z     [31m[1m>[22m[39m[90m 414 |[39m       [36mawait[39m waitFor(() [33m=>[39m {
2025-08-20T16:00:43.7736705Z      [90m     |[39m                    [31m[1m^[22m[39m
2025-08-20T16:00:43.7737961Z      [90m 415 |[39m         expect(mockAlert)[33m.[39mtoHaveBeenCalledWith([32m'Error'[39m[33m,[39m [32m'Server error'[39m)[33m;[39m
2025-08-20T16:00:43.7738802Z      [90m 416 |[39m       })[33m;[39m
2025-08-20T16:00:43.7739261Z      [90m 417 |[39m     })[33m;[39m[0m
2025-08-20T16:00:43.7739501Z 
2025-08-20T16:00:43.7739927Z       at Object.<anonymous> (src/__tests__/integration/choreManagement.test.tsx:414:20)
2025-08-20T16:00:43.7740920Z       at asyncGeneratorStep (node_modules/@babel/runtime/helpers/asyncToGenerator.js:3:17)
2025-08-20T16:00:43.7741837Z       at _next (node_modules/@babel/runtime/helpers/asyncToGenerator.js:17:9)
2025-08-20T16:00:43.7742285Z 
2025-08-20T16:00:43.7743199Z   ● Chore Management Workflow Integration Tests › Child Chore Completion Workflow › should complete full chore completion workflow
2025-08-20T16:00:43.7743966Z 
2025-08-20T16:00:43.7744240Z     expect(jest.fn()).toHaveBeenCalledWith(...expected)
2025-08-20T16:00:43.7744599Z 
2025-08-20T16:00:43.7744849Z     Expected: "Success", "Chore marked as completed!"
2025-08-20T16:00:43.7745199Z 
2025-08-20T16:00:43.7745333Z     Number of calls: 0
2025-08-20T16:00:43.7745544Z 
2025-08-20T16:00:43.7745897Z     [0m [90m 492 |[39m       [90m// Verify completion[39m
2025-08-20T16:00:43.7747201Z      [90m 493 |[39m       expect(mockedChoreAPI[33m.[39mcompleteChore)[33m.[39mtoHaveBeenCalledWith([35m1[39m)[33m;[39m
2025-08-20T16:00:43.7748931Z     [31m[1m>[22m[39m[90m 494 |[39m       expect(mockAlert)[33m.[39mtoHaveBeenCalledWith([32m'Success'[39m[33m,[39m [32m'Chore marked as completed!'[39m)[33m;[39m
2025-08-20T16:00:43.7750293Z      [90m     |[39m                         [31m[1m^[22m[39m
2025-08-20T16:00:43.7750788Z      [90m 495 |[39m
2025-08-20T16:00:43.7751312Z      [90m 496 |[39m       [90m// Verify status update[39m
2025-08-20T16:00:43.7752026Z      [90m 497 |[39m       [36mawait[39m waitFor(() [33m=>[39m {[0m
2025-08-20T16:00:43.7752382Z 
2025-08-20T16:00:43.7752906Z       at Object.toHaveBeenCalledWith (src/__tests__/integration/choreManagement.test.tsx:494:25)
2025-08-20T16:00:43.7753959Z       at asyncGeneratorStep (node_modules/@babel/runtime/helpers/asyncToGenerator.js:3:17)
2025-08-20T16:00:43.7754922Z       at _next (node_modules/@babel/runtime/helpers/asyncToGenerator.js:17:9)
2025-08-20T16:00:43.7755379Z 
2025-08-20T16:00:43.7756222Z   ● Chore Management Workflow Integration Tests › Child Chore Completion Workflow › should handle chore completion errors
2025-08-20T16:00:43.7756956Z 
2025-08-20T16:00:43.7757565Z     expect(jest.fn()).toHaveBeenCalledWith(...expected)
2025-08-20T16:00:43.7757944Z 
2025-08-20T16:00:43.7758155Z     Expected: "Error", "Already completed"
2025-08-20T16:00:43.7758453Z 
2025-08-20T16:00:43.7758593Z     Number of calls: 0
2025-08-20T16:00:43.7758797Z 
2025-08-20T16:00:43.7759091Z     [0m [90m 522 |[39m       })[33m;[39m
2025-08-20T16:00:43.7759529Z      [90m 523 |[39m
2025-08-20T16:00:43.7760157Z     [31m[1m>[22m[39m[90m 524 |[39m       [36mawait[39m waitFor(() [33m=>[39m {
2025-08-20T16:00:43.7760863Z      [90m     |[39m                    [31m[1m^[22m[39m
2025-08-20T16:00:43.7762046Z      [90m 525 |[39m         expect(mockAlert)[33m.[39mtoHaveBeenCalledWith([32m'Error'[39m[33m,[39m [32m'Already completed'[39m)[33m;[39m
2025-08-20T16:00:43.7763003Z      [90m 526 |[39m       })[33m;[39m
2025-08-20T16:00:43.7763514Z      [90m 527 |[39m     })[33m;[39m[0m
2025-08-20T16:00:43.7763799Z 
2025-08-20T16:00:43.7764225Z       at Object.<anonymous> (src/__tests__/integration/choreManagement.test.tsx:524:20)
2025-08-20T16:00:43.7765180Z       at asyncGeneratorStep (node_modules/@babel/runtime/helpers/asyncToGenerator.js:3:17)
2025-08-20T16:00:43.7766068Z       at _next (node_modules/@babel/runtime/helpers/asyncToGenerator.js:17:9)
2025-08-20T16:00:43.7766504Z 
2025-08-20T16:00:43.7767528Z   ● Chore Management Workflow Integration Tests › Parent Chore Management Actions › should allow parents to delete chores
2025-08-20T16:00:43.7768257Z 
2025-08-20T16:00:43.7768539Z     expect(jest.fn()).toHaveBeenCalledWith(...expected)
2025-08-20T16:00:43.7768895Z 
2025-08-20T16:00:43.7769151Z     Expected: "Success", "Chore deleted successfully!"
2025-08-20T16:00:43.7769499Z 
2025-08-20T16:00:43.7769629Z     Number of calls: 0
2025-08-20T16:00:43.7769840Z 
2025-08-20T16:00:43.7770031Z     [0m [90m 657 |[39m
2025-08-20T16:00:43.7771005Z      [90m 658 |[39m       expect(mockedChoreAPI[33m.[39mdeleteChore)[33m.[39mtoHaveBeenCalledWith([35m1[39m)[33m;[39m
2025-08-20T16:00:43.7772717Z     [31m[1m>[22m[39m[90m 659 |[39m       expect(mockAlert)[33m.[39mtoHaveBeenCalledWith([32m'Success'[39m[33m,[39m [32m'Chore deleted successfully!'[39m)[33m;[39m
2025-08-20T16:00:43.7773886Z      [90m     |[39m                         [31m[1m^[22m[39m
2025-08-20T16:00:43.7774372Z      [90m 660 |[39m
2025-08-20T16:00:43.7774961Z      [90m 661 |[39m       [90m// Verify chore is removed from list[39m
2025-08-20T16:00:43.7775713Z      [90m 662 |[39m       [36mawait[39m waitFor(() [33m=>[39m {[0m
2025-08-20T16:00:43.7776066Z 
2025-08-20T16:00:43.7776591Z       at Object.toHaveBeenCalledWith (src/__tests__/integration/choreManagement.test.tsx:659:25)
2025-08-20T16:00:43.7777816Z       at asyncGeneratorStep (node_modules/@babel/runtime/helpers/asyncToGenerator.js:3:17)
2025-08-20T16:00:43.7778731Z       at _next (node_modules/@babel/runtime/helpers/asyncToGenerator.js:17:9)
2025-08-20T16:00:43.7779358Z 
2025-08-20T16:00:43.7780200Z   ● Chore Management Workflow Integration Tests › Parent Chore Management Actions › should handle chore deletion errors
2025-08-20T16:00:43.7780922Z 
2025-08-20T16:00:43.7781186Z     expect(jest.fn()).toHaveBeenCalledWith(...expected)
2025-08-20T16:00:43.7781542Z 
2025-08-20T16:00:43.7781801Z     Expected: "Error", "Cannot delete completed chore"
2025-08-20T16:00:43.7782144Z 
2025-08-20T16:00:43.7782283Z     Number of calls: 0
2025-08-20T16:00:43.7782488Z 
2025-08-20T16:00:43.7782755Z     [0m [90m 683 |[39m       })[33m;[39m
2025-08-20T16:00:43.7783190Z      [90m 684 |[39m
2025-08-20T16:00:43.7783830Z     [31m[1m>[22m[39m[90m 685 |[39m       [36mawait[39m waitFor(() [33m=>[39m {
2025-08-20T16:00:43.7784538Z      [90m     |[39m                    [31m[1m^[22m[39m
2025-08-20T16:00:43.7785812Z      [90m 686 |[39m         expect(mockAlert)[33m.[39mtoHaveBeenCalledWith([32m'Error'[39m[33m,[39m [32m'Cannot delete completed chore'[39m)[33m;[39m
2025-08-20T16:00:43.7786981Z      [90m 687 |[39m       })[33m;[39m
2025-08-20T16:00:43.7787702Z      [90m 688 |[39m     })[33m;[39m[0m
2025-08-20T16:00:43.7787976Z 
2025-08-20T16:00:43.7788409Z       at Object.<anonymous> (src/__tests__/integration/choreManagement.test.tsx:685:20)
2025-08-20T16:00:43.7789378Z       at asyncGeneratorStep (node_modules/@babel/runtime/helpers/asyncToGenerator.js:3:17)
2025-08-20T16:00:43.7790293Z       at _next (node_modules/@babel/runtime/helpers/asyncToGenerator.js:17:9)
2025-08-20T16:00:43.7790741Z 
2025-08-20T16:00:47.6990369Z -----------------------------|---------|----------|---------|---------|-------------------
2025-08-20T16:00:47.6991255Z File                         | % Stmts | % Branch | % Funcs | % Lines | Uncovered Line #s 
2025-08-20T16:00:47.6992073Z -----------------------------|---------|----------|---------|---------|-------------------
2025-08-20T16:00:47.6999010Z All files                    |     1.1 |     2.18 |    1.71 |    1.03 |                   
2025-08-20T16:00:47.6999723Z  src                         |       0 |        0 |       0 |       0 |                   
2025-08-20T16:00:47.7000555Z   App.tsx                    |       0 |        0 |       0 |       0 | 7-30              
2025-08-20T16:00:47.7001192Z  src/api                     |       0 |        0 |       0 |       0 |                   
2025-08-20T16:00:47.7002150Z   activities.ts              |       0 |        0 |       0 |       0 | 57-159            
2025-08-20T16:00:47.7003244Z   adjustments.ts             |       0 |        0 |       0 |       0 | 24-60             
2025-08-20T16:00:47.7003934Z   balance.ts                 |       0 |      100 |       0 |       0 | 11-19             
2025-08-20T16:00:47.7005586Z   chores.ts                  |       0 |        0 |       0 |       0 | 33-205            
2025-08-20T16:00:47.7007706Z   client.ts                  |       0 |        0 |       0 |       0 | 6-118             
2025-08-20T16:00:47.7009137Z   reports.ts                 |       0 |        0 |       0 |       0 | 48-126            
2025-08-20T16:00:47.7010462Z   statistics.ts              |       0 |        0 |       0 |       0 | 70-181            
2025-08-20T16:00:47.7011458Z   users.ts                   |       0 |      100 |       0 |       0 | 26-97             
2025-08-20T16:00:47.7012411Z  src/components              |       0 |        0 |       0 |       0 |                   
2025-08-20T16:00:47.7013370Z   ActivityCard.tsx           |       0 |        0 |       0 |       0 | 15-100            
2025-08-20T16:00:47.7014499Z   ActivityFeed.tsx           |       0 |        0 |       0 |       0 | 22-194            
2025-08-20T16:00:47.7015496Z   ChildCard.tsx              |       0 |        0 |       0 |       0 | 12-69             
2025-08-20T16:00:47.7017006Z   ChoreCard.tsx              |       0 |        0 |       0 |       0 | 15-166            
2025-08-20T16:00:47.7018272Z   FinancialSummaryCards.tsx  |       0 |        0 |       0 |       0 | 16-163            
2025-08-20T16:00:47.7019632Z   RejectChoreModal.tsx       |       0 |        0 |       0 |       0 | 22-131            
2025-08-20T16:00:47.7020799Z  src/contexts                |       0 |        0 |       0 |       0 |                   
2025-08-20T16:00:47.7021784Z   AuthContext.tsx            |       0 |        0 |       0 |       0 | 22-150            
2025-08-20T16:00:47.7023322Z  src/navigation              |   37.25 |    45.61 |   31.57 |   34.69 |                   
2025-08-20T16:00:47.7024935Z   AuthNavigator.tsx          |       0 |      100 |       0 |       0 | 6-9               
2025-08-20T16:00:47.7026328Z   MainNavigator.tsx          |       0 |        0 |       0 |       0 | 12-85             
2025-08-20T16:00:47.7027889Z   RootNavigator.tsx          |       0 |        0 |       0 |       0 | 10-36             
2025-08-20T16:00:47.7029314Z   SimpleNavigator.tsx        |   61.29 |    50.98 |   54.54 |   58.62 | 39-51,93-135      
2025-08-20T16:00:47.7078586Z   types.ts                   |       0 |        0 |       0 |       0 |                   
2025-08-20T16:00:47.7079573Z  src/screens                 |       0 |        0 |       0 |       0 |                   
2025-08-20T16:00:47.7080383Z   AdjustmentFormScreen.tsx   |       0 |        0 |       0 |       0 | 23-359            
2025-08-20T16:00:47.7081228Z   AdjustmentsListScreen.tsx  |       0 |        0 |       0 |       0 | 16-251            
2025-08-20T16:00:47.7082088Z   AllowanceSummaryScreen.tsx |       0 |        0 |       0 |       0 | 21-296            
2025-08-20T16:00:47.7082907Z   ApprovalsScreen.tsx        |       0 |        0 |       0 |       0 | 24-454            
2025-08-20T16:00:47.7083643Z   BalanceScreen.tsx          |       0 |        0 |       0 |       0 | 14-176            
2025-08-20T16:00:47.7084114Z   ChildDetailScreen.tsx      |       0 |        0 |       0 |       0 | 23-271            
2025-08-20T16:00:47.7084569Z   ChildrenScreen.tsx         |       0 |        0 |       0 |       0 | 20-302            
2025-08-20T16:00:47.7085025Z   ChoreFormScreen.tsx        |       0 |        0 |       0 |       0 | 22-421            
2025-08-20T16:00:47.7085488Z   ChoresManagementScreen.tsx |       0 |        0 |       0 |       0 | 17-310            
2025-08-20T16:00:47.7085957Z   ChoresScreen.tsx           |       0 |        0 |       0 |       0 | 19-248            
2025-08-20T16:00:47.7086394Z   CreateChildScreen.tsx      |       0 |        0 |       0 |       0 | 18-180            
2025-08-20T16:00:47.7086814Z   HomeScreen.tsx             |       0 |        0 |       0 |       0 | 14-189            
2025-08-20T16:00:47.7087477Z   LoginScreen.tsx            |       0 |        0 |       0 |       0 | 19-113            
2025-08-20T16:00:47.7087924Z   ProfileScreen.tsx          |       0 |        0 |       0 |       0 | 5-50              
2025-08-20T16:00:47.7088379Z   RegisterScreen.tsx         |       0 |        0 |       0 |       0 | 20-203            
2025-08-20T16:00:47.7088830Z   StatisticsScreen.tsx       |       0 |        0 |       0 |       0 | 28-301            
2025-08-20T16:00:47.7089255Z  src/utils                   |       0 |        0 |       0 |       0 |                   
2025-08-20T16:00:47.7089844Z   Alert.ts                   |       0 |        0 |       0 |       0 | 21-158            
2025-08-20T16:00:47.7090509Z -----------------------------|---------|----------|---------|---------|-------------------
2025-08-20T16:00:47.7090760Z 
2025-08-20T16:00:47.7091053Z =============================== Coverage summary ===============================
2025-08-20T16:00:47.7091391Z Statements   : 1.1% ( 19/1720 )
2025-08-20T16:00:47.7091656Z Branches     : 2.18% ( 26/1189 )
2025-08-20T16:00:47.7091917Z Functions    : 1.71% ( 6/350 )
2025-08-20T16:00:47.7092173Z Lines        : 1.03% ( 17/1645 )
2025-08-20T16:00:47.7092483Z ================================================================================
2025-08-20T16:00:47.8156831Z Jest: "global" coverage threshold for statements (80%) not met: 1.4%
2025-08-20T16:00:47.8158375Z Jest: "global" coverage threshold for branches (75%) not met: 2.43%
2025-08-20T16:00:47.8159240Z Jest: "global" coverage threshold for lines (80%) not met: 1.3%
2025-08-20T16:00:47.8160117Z Jest: "global" coverage threshold for functions (80%) not met: 2.06%
2025-08-20T16:00:47.8161607Z Jest: "/home/runner/work/chores-tracker/chores-tracker/frontend/src/api/adjustments.ts" coverage threshold for statements (95%) not met: 0%
2025-08-20T16:00:47.8163623Z Jest: "/home/runner/work/chores-tracker/chores-tracker/frontend/src/api/adjustments.ts" coverage threshold for branches (90%) not met: 0%
2025-08-20T16:00:47.8165586Z Jest: "/home/runner/work/chores-tracker/chores-tracker/frontend/src/api/adjustments.ts" coverage threshold for lines (95%) not met: 0%
2025-08-20T16:00:47.8167794Z Jest: "/home/runner/work/chores-tracker/chores-tracker/frontend/src/api/adjustments.ts" coverage threshold for functions (95%) not met: 0%
2025-08-20T16:00:47.8170065Z Jest: "/home/runner/work/chores-tracker/chores-tracker/frontend/src/api/chores.ts" coverage threshold for statements (95%) not met: 0%
2025-08-20T16:00:47.8171963Z Jest: "/home/runner/work/chores-tracker/chores-tracker/frontend/src/api/chores.ts" coverage threshold for branches (90%) not met: 0%
2025-08-20T16:00:47.8173705Z Jest: "/home/runner/work/chores-tracker/chores-tracker/frontend/src/api/chores.ts" coverage threshold for lines (95%) not met: 0%
2025-08-20T16:00:47.8175465Z Jest: "/home/runner/work/chores-tracker/chores-tracker/frontend/src/api/chores.ts" coverage threshold for functions (95%) not met: 0%
2025-08-20T16:00:47.8177428Z Jest: "/home/runner/work/chores-tracker/chores-tracker/frontend/src/api/client.ts" coverage threshold for statements (95%) not met: 0%
2025-08-20T16:00:47.8179187Z Jest: "/home/runner/work/chores-tracker/chores-tracker/frontend/src/api/client.ts" coverage threshold for branches (90%) not met: 0%
2025-08-20T16:00:47.8180890Z Jest: "/home/runner/work/chores-tracker/chores-tracker/frontend/src/api/client.ts" coverage threshold for lines (95%) not met: 0%
2025-08-20T16:00:47.8182600Z Jest: "/home/runner/work/chores-tracker/chores-tracker/frontend/src/api/client.ts" coverage threshold for functions (95%) not met: 0%
2025-08-20T16:00:47.8184368Z Jest: "/home/runner/work/chores-tracker/chores-tracker/frontend/src/api/activities.ts" coverage threshold for statements (95%) not met: 0%
2025-08-20T16:00:47.8186156Z Jest: "/home/runner/work/chores-tracker/chores-tracker/frontend/src/api/activities.ts" coverage threshold for branches (90%) not met: 0%
2025-08-20T16:00:47.8188077Z Jest: "/home/runner/work/chores-tracker/chores-tracker/frontend/src/api/activities.ts" coverage threshold for lines (95%) not met: 0%
2025-08-20T16:00:47.8189862Z Jest: "/home/runner/work/chores-tracker/chores-tracker/frontend/src/api/activities.ts" coverage threshold for functions (95%) not met: 0%
2025-08-20T16:00:47.8191621Z Jest: "/home/runner/work/chores-tracker/chores-tracker/frontend/src/api/balance.ts" coverage threshold for statements (95%) not met: 0%
2025-08-20T16:00:47.8193361Z Jest: "/home/runner/work/chores-tracker/chores-tracker/frontend/src/api/balance.ts" coverage threshold for lines (95%) not met: 0%
2025-08-20T16:00:47.8195090Z Jest: "/home/runner/work/chores-tracker/chores-tracker/frontend/src/api/balance.ts" coverage threshold for functions (95%) not met: 0%
2025-08-20T16:00:47.8196837Z Jest: "/home/runner/work/chores-tracker/chores-tracker/frontend/src/api/users.ts" coverage threshold for statements (95%) not met: 0%
2025-08-20T16:00:47.8198692Z Jest: "/home/runner/work/chores-tracker/chores-tracker/frontend/src/api/users.ts" coverage threshold for lines (95%) not met: 0%
2025-08-20T16:00:47.8200388Z Jest: "/home/runner/work/chores-tracker/chores-tracker/frontend/src/api/users.ts" coverage threshold for functions (95%) not met: 0%
2025-08-20T16:00:47.8202151Z Jest: "/home/runner/work/chores-tracker/chores-tracker/frontend/src/api/statistics.ts" coverage threshold for statements (95%) not met: 0%
2025-08-20T16:00:47.8204238Z Jest: "/home/runner/work/chores-tracker/chores-tracker/frontend/src/api/statistics.ts" coverage threshold for branches (90%) not met: 0%
2025-08-20T16:00:47.8206019Z Jest: "/home/runner/work/chores-tracker/chores-tracker/frontend/src/api/statistics.ts" coverage threshold for lines (95%) not met: 0%
2025-08-20T16:00:47.8207935Z Jest: "/home/runner/work/chores-tracker/chores-tracker/frontend/src/api/statistics.ts" coverage threshold for functions (95%) not met: 0%
2025-08-20T16:00:47.8209707Z Jest: "/home/runner/work/chores-tracker/chores-tracker/frontend/src/api/reports.ts" coverage threshold for statements (95%) not met: 0%
2025-08-20T16:00:47.8211462Z Jest: "/home/runner/work/chores-tracker/chores-tracker/frontend/src/api/reports.ts" coverage threshold for branches (90%) not met: 0%
2025-08-20T16:00:47.8213174Z Jest: "/home/runner/work/chores-tracker/chores-tracker/frontend/src/api/reports.ts" coverage threshold for lines (95%) not met: 0%
2025-08-20T16:00:47.8214900Z Jest: "/home/runner/work/chores-tracker/chores-tracker/frontend/src/api/reports.ts" coverage threshold for functions (95%) not met: 0%
2025-08-20T16:00:47.8216982Z Jest: "/home/runner/work/chores-tracker/chores-tracker/frontend/src/contexts/AuthContext.tsx" coverage threshold for statements (90%) not met: 0%
2025-08-20T16:00:47.8219105Z Jest: "/home/runner/work/chores-tracker/chores-tracker/frontend/src/contexts/AuthContext.tsx" coverage threshold for branches (85%) not met: 0%
2025-08-20T16:00:47.8220355Z Jest: "/home/runner/work/chores-tracker/chores-tracker/frontend/src/contexts/AuthContext.tsx" coverage threshold for lines (90%) not met: 0%
2025-08-20T16:00:47.8221462Z Jest: "/home/runner/work/chores-tracker/chores-tracker/frontend/src/contexts/AuthContext.tsx" coverage threshold for functions (90%) not met: 0%
2025-08-20T16:00:47.8222132Z Test Suites: 3 failed, 3 total
2025-08-20T16:00:47.8222440Z Tests:       18 failed, 22 passed, 40 total
2025-08-20T16:00:47.8222717Z Snapshots:   0 total
2025-08-20T16:00:47.8222936Z Time:        16.805 s
2025-08-20T16:00:47.8223216Z Ran all test suites matching /integration/i.
2025-08-20T16:00:47.8325422Z ##[error]Process completed with exit code 1.
2025-08-20T16:00:47.8425697Z Post job cleanup.
2025-08-20T16:00:47.9337496Z [command]/usr/bin/git version
2025-08-20T16:00:47.9371700Z git version 2.50.1
2025-08-20T16:00:47.9418406Z Temporarily overriding HOME='/home/runner/work/_temp/83bac6c5-e98a-4f8a-9507-2d91b4370b3f' before making global git config changes
2025-08-20T16:00:47.9419239Z Adding repository directory to the temporary git global config as a safe directory
2025-08-20T16:00:47.9423228Z [command]/usr/bin/git config --global --add safe.directory /home/runner/work/chores-tracker/chores-tracker
2025-08-20T16:00:47.9454930Z [command]/usr/bin/git config --local --name-only --get-regexp core\.sshCommand
2025-08-20T16:00:47.9485193Z [command]/usr/bin/git submodule foreach --recursive sh -c "git config --local --name-only --get-regexp 'core\.sshCommand' && git config --local --unset-all 'core.sshCommand' || :"
2025-08-20T16:00:47.9704524Z [command]/usr/bin/git config --local --name-only --get-regexp http\.https\:\/\/github\.com\/\.extraheader
2025-08-20T16:00:47.9724586Z http.https://github.com/.extraheader
2025-08-20T16:00:47.9736469Z [command]/usr/bin/git config --local --unset-all http.https://github.com/.extraheader
2025-08-20T16:00:47.9765317Z [command]/usr/bin/git submodule foreach --recursive sh -c "git config --local --name-only --get-regexp 'http\.https\:\/\/github\.com\/\.extraheader' && git config --local --unset-all 'http.https://github.com/.extraheader' || :"
2025-08-20T16:00:48.0079436Z Cleaning up orphan processes
