2025-08-20T16:00:14.4121160Z Current runner version: '2.327.1'
2025-08-20T16:00:14.4145238Z ##[group]Runner Image Provisioner
2025-08-20T16:00:14.4146014Z Hosted Compute Agent
2025-08-20T16:00:14.4146506Z Version: 20250818.377
2025-08-20T16:00:14.4147198Z Commit: 3c593e9f75fe0b87e893bca80d6e12ba089c61fc
2025-08-20T16:00:14.4148010Z Build Date: 2025-08-18T14:52:18Z
2025-08-20T16:00:14.4148638Z ##[endgroup]
2025-08-20T16:00:14.4149233Z ##[group]Operating System
2025-08-20T16:00:14.4149759Z Ubuntu
2025-08-20T16:00:14.4150263Z 24.04.2
2025-08-20T16:00:14.4150703Z LTS
2025-08-20T16:00:14.4151154Z ##[endgroup]
2025-08-20T16:00:14.4151618Z ##[group]Runner Image
2025-08-20T16:00:14.4152208Z Image: ubuntu-24.04
2025-08-20T16:00:14.4152671Z Version: 20250810.1.0
2025-08-20T16:00:14.4153648Z Included Software: https://github.com/actions/runner-images/blob/ubuntu24/20250810.1/images/ubuntu/Ubuntu2404-Readme.md
2025-08-20T16:00:14.4155217Z Image Release: https://github.com/actions/runner-images/releases/tag/ubuntu24%2F20250810.1
2025-08-20T16:00:14.4156245Z ##[endgroup]
2025-08-20T16:00:14.4157284Z ##[group]GITHUB_TOKEN Permissions
2025-08-20T16:00:14.4159440Z Contents: read
2025-08-20T16:00:14.4160105Z Metadata: read
2025-08-20T16:00:14.4160604Z Packages: read
2025-08-20T16:00:14.4161082Z ##[endgroup]
2025-08-20T16:00:14.4163155Z Secret source: Actions
2025-08-20T16:00:14.4163805Z Prepare workflow directory
2025-08-20T16:00:14.4691342Z Prepare all required actions
2025-08-20T16:00:14.4730609Z Getting action download info
2025-08-20T16:00:14.7540606Z Download action repository 'actions/checkout@v4' (SHA:08eba0b27e820071cde6df949e0beb9ba4906955)
2025-08-20T16:00:14.9959130Z Download action repository 'actions/setup-node@v4' (SHA:49933ea5288caeca8642d1e84afbd3f7d6820020)
2025-08-20T16:00:15.1515786Z Complete job name: Quality Checks
2025-08-20T16:00:15.2149135Z ##[group]Run actions/checkout@v4
2025-08-20T16:00:15.2150068Z with:
2025-08-20T16:00:15.2150652Z   repository: arigsela/chores-tracker
2025-08-20T16:00:15.2151413Z   token: ***
2025-08-20T16:00:15.2151949Z   ssh-strict: true
2025-08-20T16:00:15.2152410Z   ssh-user: git
2025-08-20T16:00:15.2152875Z   persist-credentials: true
2025-08-20T16:00:15.2153350Z   clean: true
2025-08-20T16:00:15.2153774Z   sparse-checkout-cone-mode: true
2025-08-20T16:00:15.2154284Z   fetch-depth: 1
2025-08-20T16:00:15.2154698Z   fetch-tags: false
2025-08-20T16:00:15.2155134Z   show-progress: true
2025-08-20T16:00:15.2155577Z   lfs: false
2025-08-20T16:00:15.2155979Z   submodules: false
2025-08-20T16:00:15.2156416Z   set-safe-directory: true
2025-08-20T16:00:15.2157123Z env:
2025-08-20T16:00:15.2157520Z   NODE_VERSION: 20
2025-08-20T16:00:15.2158106Z   WORKING_DIRECTORY: ./frontend
2025-08-20T16:00:15.2158590Z ##[endgroup]
2025-08-20T16:00:15.3228984Z Syncing repository: arigsela/chores-tracker
2025-08-20T16:00:15.3230942Z ##[group]Getting Git version info
2025-08-20T16:00:15.3231746Z Working directory is '/home/runner/work/chores-tracker/chores-tracker'
2025-08-20T16:00:15.3232822Z [command]/usr/bin/git version
2025-08-20T16:00:15.3261028Z git version 2.50.1
2025-08-20T16:00:15.3286914Z ##[endgroup]
2025-08-20T16:00:15.3300626Z Temporarily overriding HOME='/home/runner/work/_temp/b7d29d86-f65e-42a3-ab88-7d6f4ba15865' before making global git config changes
2025-08-20T16:00:15.3302180Z Adding repository directory to the temporary git global config as a safe directory
2025-08-20T16:00:15.3305561Z [command]/usr/bin/git config --global --add safe.directory /home/runner/work/chores-tracker/chores-tracker
2025-08-20T16:00:15.3338950Z Deleting the contents of '/home/runner/work/chores-tracker/chores-tracker'
2025-08-20T16:00:15.3342546Z ##[group]Initializing the repository
2025-08-20T16:00:15.3346201Z [command]/usr/bin/git init /home/runner/work/chores-tracker/chores-tracker
2025-08-20T16:00:15.3416539Z hint: Using 'master' as the name for the initial branch. This default branch name
2025-08-20T16:00:15.3418917Z hint: is subject to change. To configure the initial branch name to use in all
2025-08-20T16:00:15.3420587Z hint: of your new repositories, which will suppress this warning, call:
2025-08-20T16:00:15.3421660Z hint:
2025-08-20T16:00:15.3422222Z hint: 	git config --global init.defaultBranch <name>
2025-08-20T16:00:15.3422898Z hint:
2025-08-20T16:00:15.3423517Z hint: Names commonly chosen instead of 'master' are 'main', 'trunk' and
2025-08-20T16:00:15.3424901Z hint: 'development'. The just-created branch can be renamed via this command:
2025-08-20T16:00:15.3425896Z hint:
2025-08-20T16:00:15.3426346Z hint: 	git branch -m <name>
2025-08-20T16:00:15.3426872Z hint:
2025-08-20T16:00:15.3427550Z hint: Disable this message with "git config set advice.defaultBranchName false"
2025-08-20T16:00:15.3429108Z Initialized empty Git repository in /home/runner/work/chores-tracker/chores-tracker/.git/
2025-08-20T16:00:15.3431502Z [command]/usr/bin/git remote add origin https://github.com/arigsela/chores-tracker
2025-08-20T16:00:15.3462255Z ##[endgroup]
2025-08-20T16:00:15.3463674Z ##[group]Disabling automatic garbage collection
2025-08-20T16:00:15.3467160Z [command]/usr/bin/git config --local gc.auto 0
2025-08-20T16:00:15.3496434Z ##[endgroup]
2025-08-20T16:00:15.3498145Z ##[group]Setting up auth
2025-08-20T16:00:15.3504003Z [command]/usr/bin/git config --local --name-only --get-regexp core\.sshCommand
2025-08-20T16:00:15.3534615Z [command]/usr/bin/git submodule foreach --recursive sh -c "git config --local --name-only --get-regexp 'core\.sshCommand' && git config --local --unset-all 'core.sshCommand' || :"
2025-08-20T16:00:15.3801345Z [command]/usr/bin/git config --local --name-only --get-regexp http\.https\:\/\/github\.com\/\.extraheader
2025-08-20T16:00:15.3832894Z [command]/usr/bin/git submodule foreach --recursive sh -c "git config --local --name-only --get-regexp 'http\.https\:\/\/github\.com\/\.extraheader' && git config --local --unset-all 'http.https://github.com/.extraheader' || :"
2025-08-20T16:00:15.4069112Z [command]/usr/bin/git config --local http.https://github.com/.extraheader AUTHORIZATION: basic ***
2025-08-20T16:00:15.4102816Z ##[endgroup]
2025-08-20T16:00:15.4111100Z ##[group]Fetching the repository
2025-08-20T16:00:15.4113767Z [command]/usr/bin/git -c protocol.version=2 fetch --no-tags --prune --no-recurse-submodules --depth=1 origin +7425ee200e7d63255eb28ae2bdb1ab891363f95a:refs/remotes/pull/41/merge
2025-08-20T16:00:15.7304036Z From https://github.com/arigsela/chores-tracker
2025-08-20T16:00:15.7324873Z  * [new ref]         7425ee200e7d63255eb28ae2bdb1ab891363f95a -> pull/41/merge
2025-08-20T16:00:15.7329229Z ##[endgroup]
2025-08-20T16:00:15.7331018Z ##[group]Determining the checkout info
2025-08-20T16:00:15.7333006Z ##[endgroup]
2025-08-20T16:00:15.7335081Z [command]/usr/bin/git sparse-checkout disable
2025-08-20T16:00:15.7374356Z [command]/usr/bin/git config --local --unset-all extensions.worktreeConfig
2025-08-20T16:00:15.7402776Z ##[group]Checking out the ref
2025-08-20T16:00:15.7405397Z [command]/usr/bin/git checkout --progress --force refs/remotes/pull/41/merge
2025-08-20T16:00:15.7754351Z Note: switching to 'refs/remotes/pull/41/merge'.
2025-08-20T16:00:15.7755583Z 
2025-08-20T16:00:15.7756531Z You are in 'detached HEAD' state. You can look around, make experimental
2025-08-20T16:00:15.7759169Z changes and commit them, and you can discard any commits you make in this
2025-08-20T16:00:15.7761062Z state without impacting any branches by switching back to a branch.
2025-08-20T16:00:15.7762005Z 
2025-08-20T16:00:15.7762813Z If you want to create a new branch to retain commits you create, you may
2025-08-20T16:00:15.7764671Z do so (now or later) by using -c with the switch command. Example:
2025-08-20T16:00:15.7765507Z 
2025-08-20T16:00:15.7765847Z   git switch -c <new-branch-name>
2025-08-20T16:00:15.7766438Z 
2025-08-20T16:00:15.7766759Z Or undo this operation with:
2025-08-20T16:00:15.7767283Z 
2025-08-20T16:00:15.7767592Z   git switch -
2025-08-20T16:00:15.7768209Z 
2025-08-20T16:00:15.7768928Z Turn off this advice by setting config variable advice.detachedHead to false
2025-08-20T16:00:15.7770036Z 
2025-08-20T16:00:15.7771329Z HEAD is now at 7425ee2 Merge 3268993e5e3a6425fe1e99d2f688d9eec86bf235 into bbe44a1c2a2f15d52c13cc436ed7e6f923d23874
2025-08-20T16:00:15.7775341Z ##[endgroup]
2025-08-20T16:00:15.7800741Z [command]/usr/bin/git log -1 --format=%H
2025-08-20T16:00:15.7822088Z 7425ee200e7d63255eb28ae2bdb1ab891363f95a
2025-08-20T16:00:15.8132281Z ##[group]Run actions/setup-node@v4
2025-08-20T16:00:15.8133428Z with:
2025-08-20T16:00:15.8134222Z   node-version: 20
2025-08-20T16:00:15.8135090Z   cache: npm
2025-08-20T16:00:15.8136133Z   cache-dependency-path: ./frontend/package-lock.json
2025-08-20T16:00:15.8137517Z   always-auth: false
2025-08-20T16:00:15.8138633Z   check-latest: false
2025-08-20T16:00:15.8139807Z   token: ***
2025-08-20T16:00:15.8140643Z env:
2025-08-20T16:00:15.8141421Z   NODE_VERSION: 20
2025-08-20T16:00:15.8142339Z   WORKING_DIRECTORY: ./frontend
2025-08-20T16:00:15.8143371Z ##[endgroup]
2025-08-20T16:00:16.0002200Z Found in cache @ /opt/hostedtoolcache/node/20.19.4/x64
2025-08-20T16:00:16.0008691Z ##[group]Environment details
2025-08-20T16:00:17.4988362Z node: v20.19.4
2025-08-20T16:00:17.4988949Z npm: 10.8.2
2025-08-20T16:00:17.4989321Z yarn: 1.22.22
2025-08-20T16:00:17.4991070Z ##[endgroup]
2025-08-20T16:00:17.5012677Z [command]/opt/hostedtoolcache/node/20.19.4/x64/bin/npm config get cache
2025-08-20T16:00:17.7539839Z /home/runner/.npm
2025-08-20T16:00:17.8348429Z npm cache is not found
2025-08-20T16:00:17.8500655Z ##[group]Run npm ci
2025-08-20T16:00:17.8500988Z [36;1mnpm ci[0m
2025-08-20T16:00:17.8575440Z shell: /usr/bin/bash -e {0}
2025-08-20T16:00:17.8575740Z env:
2025-08-20T16:00:17.8575947Z   NODE_VERSION: 20
2025-08-20T16:00:17.8576185Z   WORKING_DIRECTORY: ./frontend
2025-08-20T16:00:17.8576435Z ##[endgroup]
2025-08-20T16:00:22.3369863Z npm warn deprecated rimraf@3.0.2: Rimraf versions prior to v4 are no longer supported
2025-08-20T16:00:23.4300214Z npm warn deprecated inflight@1.0.6: This module is not supported, and leaks memory. Do not use it. Check out lru-cache if you want a good and tested way to coalesce async requests by a key value, which is much more comprehensive and powerful.
2025-08-20T16:00:23.9972225Z npm warn deprecated domexception@4.0.0: Use your platform's native DOMException instead
2025-08-20T16:00:24.4214192Z npm warn deprecated abab@2.0.6: Use your platform's native atob() and btoa() methods instead
2025-08-20T16:00:24.9849063Z npm warn deprecated @humanwhocodes/object-schema@2.0.3: Use @eslint/object-schema instead
2025-08-20T16:00:25.0422279Z npm warn deprecated @humanwhocodes/config-array@0.13.0: Use @eslint/config-array instead
2025-08-20T16:00:25.1677158Z npm warn deprecated @testing-library/jest-native@5.4.3: DEPRECATED: This package is no longer maintained.
2025-08-20T16:00:25.1680214Z npm warn deprecated Please use the built-in Jest matchers available in @testing-library/react-native v12.4+.
2025-08-20T16:00:25.1681119Z npm warn deprecated
2025-08-20T16:00:25.1682322Z npm warn deprecated See migration guide: https://callstack.github.io/react-native-testing-library/docs/migration/jest-matchers
2025-08-20T16:00:25.8135914Z npm warn deprecated glob@7.2.3: Glob versions prior to v9 are no longer supported
2025-08-20T16:00:25.8776578Z npm warn deprecated glob@7.2.3: Glob versions prior to v9 are no longer supported
2025-08-20T16:00:25.9274729Z npm warn deprecated glob@7.2.3: Glob versions prior to v9 are no longer supported
2025-08-20T16:00:26.1619144Z npm warn deprecated glob@7.2.3: Glob versions prior to v9 are no longer supported
2025-08-20T16:00:26.1824968Z npm warn deprecated glob@7.2.3: Glob versions prior to v9 are no longer supported
2025-08-20T16:00:26.5261425Z npm warn deprecated glob@7.2.3: Glob versions prior to v9 are no longer supported
2025-08-20T16:00:26.5460490Z npm warn deprecated glob@7.2.3: Glob versions prior to v9 are no longer supported
2025-08-20T16:00:28.2264313Z npm warn deprecated eslint@8.57.1: This version is no longer supported. Please see https://eslint.org/version-support for other options.
2025-08-20T16:00:31.7053520Z 
2025-08-20T16:00:31.7054273Z added 1151 packages, and audited 1152 packages in 14s
2025-08-20T16:00:31.7055221Z 
2025-08-20T16:00:31.7055502Z 193 packages are looking for funding
2025-08-20T16:00:31.7055961Z   run `npm fund` for details
2025-08-20T16:00:31.7067111Z 
2025-08-20T16:00:31.7067320Z found 0 vulnerabilities
2025-08-20T16:00:31.7430047Z ##[group]Run echo "🔍 Checking TypeScript compilation..."
2025-08-20T16:00:31.7430481Z [36;1mecho "🔍 Checking TypeScript compilation..."[0m
2025-08-20T16:00:31.7430783Z [36;1mif npm run type-check; then[0m
2025-08-20T16:00:31.7431054Z [36;1m  echo "✅ TypeScript compilation successful"[0m
2025-08-20T16:00:31.7431313Z [36;1melse[0m
2025-08-20T16:00:31.7431530Z [36;1m  echo "⚠️  TypeScript compilation errors found"[0m
2025-08-20T16:00:31.7431944Z [36;1m  echo "Note: CI will continue, but these should be fixed for production readiness"[0m
2025-08-20T16:00:31.7432359Z [36;1m  echo "See the logs above for specific error details"[0m
2025-08-20T16:00:31.7432642Z [36;1mfi[0m
2025-08-20T16:00:31.7472947Z shell: /usr/bin/bash -e {0}
2025-08-20T16:00:31.7473172Z env:
2025-08-20T16:00:31.7473338Z   NODE_VERSION: 20
2025-08-20T16:00:31.7473531Z   WORKING_DIRECTORY: ./frontend
2025-08-20T16:00:31.7473744Z ##[endgroup]
2025-08-20T16:00:31.7533983Z 🔍 Checking TypeScript compilation...
2025-08-20T16:00:31.8568356Z 
2025-08-20T16:00:31.8568896Z > frontend@1.0.0 type-check
2025-08-20T16:00:31.8569215Z > tsc --noEmit
2025-08-20T16:00:31.8569362Z 
2025-08-20T16:00:36.2137771Z ##[error]src/__tests__/integration/approvalWorkflow.test.tsx(10,10): error TS2614: Module '"../../components/ChildCard"' has no exported member 'ChildCard'. Did you mean to use 'import ChildCard from "../../components/ChildCard"' instead?
2025-08-20T16:00:36.2151988Z ##[error]src/__tests__/integration/approvalWorkflow.test.tsx(69,33): error TS2554: Expected 0-1 arguments, but got 2.
2025-08-20T16:00:36.2153569Z ##[error]src/__tests__/integration/approvalWorkflow.test.tsx(74,33): error TS2554: Expected 0-1 arguments, but got 2.
2025-08-20T16:00:36.2154988Z ##[error]src/__tests__/integration/approvalWorkflow.test.tsx(77,31): error TS2554: Expected 0-1 arguments, but got 2.
2025-08-20T16:00:36.2156348Z ##[error]src/__tests__/integration/approvalWorkflow.test.tsx(87,31): error TS2554: Expected 0-1 arguments, but got 2.
2025-08-20T16:00:36.2157675Z ##[error]src/__tests__/integration/approvalWorkflow.test.tsx(96,31): error TS2554: Expected 0-1 arguments, but got 2.
2025-08-20T16:00:36.2159891Z ##[error]src/__tests__/integration/approvalWorkflow.test.tsx(210,53): error TS2353: Object literal may only specify known properties, and 'success' does not exist in type 'Chore | Promise<Chore>'.
2025-08-20T16:00:36.2161971Z ##[error]src/__tests__/integration/approvalWorkflow.test.tsx(211,52): error TS2353: Object literal may only specify known properties, and 'success' does not exist in type 'Chore | Promise<Chore>'.
2025-08-20T16:00:36.2165646Z ##[error]src/__tests__/integration/approvalWorkflow.test.tsx(212,20): error TS2551: Property 'getChildren' does not exist on type 'Mocked<{ getMe: () => Promise<User>; getMyChildren: () => Promise<ChildWithChores[]>; getAllowanceSummary: () => Promise<ChildAllowanceSummary[]>; createChildAccount: (childData: { ...; }) => Promise<...>; resetChildPassword: (childId: number, newPassword: string) => Promise<...>; }>'. Did you mean 'getMyChildren'?
2025-08-20T16:00:36.2170040Z ##[error]src/__tests__/integration/approvalWorkflow.test.tsx(213,20): error TS2339: Property 'getUserBalance' does not exist on type 'Mocked<{ getMe: () => Promise<User>; getMyChildren: () => Promise<ChildWithChores[]>; getAllowanceSummary: () => Promise<ChildAllowanceSummary[]>; createChildAccount: (childData: { ...; }) => Promise<...>; resetChildPassword: (childId: number, newPassword: string) => Promise<...>; }>'.
2025-08-20T16:00:36.2172823Z ##[error]src/__tests__/integration/approvalWorkflow.test.tsx(214,63): error TS2345: Argument of type 'never[]' is not assignable to parameter of type 'ActivityListResponse | Promise<ActivityListResponse>'.
2025-08-20T16:00:36.2175235Z ##[error]src/__tests__/integration/approvalWorkflow.test.tsx(225,9): error TS2353: Object literal may only specify known properties, and 'assignee' does not exist in type 'Partial<Chore>'.
2025-08-20T16:00:36.2177569Z ##[error]src/__tests__/integration/approvalWorkflow.test.tsx(230,43): error TS2322: Type '{ chore: Chore; onApprovalChange: Mock<any, any, any>; }' is not assignable to type 'IntrinsicAttributes & ChoreCardProps'.
2025-08-20T16:00:36.2179306Z   Property 'onApprovalChange' does not exist on type 'IntrinsicAttributes & ChoreCardProps'.
2025-08-20T16:00:36.2180763Z ##[error]src/__tests__/integration/approvalWorkflow.test.tsx(262,9): error TS2353: Object literal may only specify known properties, and 'needs_approval' does not exist in type 'Partial<Chore>'.
2025-08-20T16:00:36.2182907Z ##[error]src/__tests__/integration/approvalWorkflow.test.tsx(268,45): error TS2322: Type '{ chore: Chore; onApprovalChange: Mock<any, any, any>; }' is not assignable to type 'IntrinsicAttributes & ChoreCardProps'.
2025-08-20T16:00:36.2184227Z   Property 'onApprovalChange' does not exist on type 'IntrinsicAttributes & ChoreCardProps'.
2025-08-20T16:00:36.2185604Z ##[error]src/__tests__/integration/approvalWorkflow.test.tsx(292,9): error TS2353: Object literal may only specify known properties, and 'needs_approval' does not exist in type 'Partial<Chore>'.
2025-08-20T16:00:36.2187701Z ##[error]src/__tests__/integration/approvalWorkflow.test.tsx(298,43): error TS2322: Type '{ chore: Chore; onApprovalChange: Mock<any, any, any>; }' is not assignable to type 'IntrinsicAttributes & ChoreCardProps'.
2025-08-20T16:00:36.2189255Z   Property 'onApprovalChange' does not exist on type 'IntrinsicAttributes & ChoreCardProps'.
2025-08-20T16:00:36.2190664Z ##[error]src/__tests__/integration/approvalWorkflow.test.tsx(315,9): error TS2353: Object literal may only specify known properties, and 'needs_approval' does not exist in type 'Partial<Chore>'.
2025-08-20T16:00:36.2192791Z ##[error]src/__tests__/integration/approvalWorkflow.test.tsx(321,43): error TS2322: Type '{ chore: Chore; onApprovalChange: Mock<any, any, any>; }' is not assignable to type 'IntrinsicAttributes & ChoreCardProps'.
2025-08-20T16:00:36.2194097Z   Property 'onApprovalChange' does not exist on type 'IntrinsicAttributes & ChoreCardProps'.
2025-08-20T16:00:36.2195431Z ##[error]src/__tests__/integration/approvalWorkflow.test.tsx(342,9): error TS2353: Object literal may only specify known properties, and 'assignee' does not exist in type 'Partial<Chore>'.
2025-08-20T16:00:36.2199034Z ##[error]src/__tests__/integration/approvalWorkflow.test.tsx(376,22): error TS2339: Property 'getUserBalance' does not exist on type 'Mocked<{ getMe: () => Promise<User>; getMyChildren: () => Promise<ChildWithChores[]>; getAllowanceSummary: () => Promise<ChildAllowanceSummary[]>; createChildAccount: (childData: { ...; }) => Promise<...>; resetChildPassword: (childId: number, newPassword: string) => Promise<...>; }>'.
2025-08-20T16:00:36.2202617Z ##[error]src/__tests__/integration/approvalWorkflow.test.tsx(412,65): error TS2345: Argument of type '{ id: number; type: string; description: string; amount: number; created_at: string; user: { id: number; username: string; role: string; }; }[]' is not assignable to parameter of type 'ActivityListResponse | Promise<ActivityListResponse>'.
2025-08-20T16:00:36.2205894Z ##[error]src/__tests__/integration/approvalWorkflow.test.tsx(442,65): error TS2345: Argument of type '{ id: number; type: string; description: string; amount: number; created_at: string; user: { id: number; username: string; role: string; }; }[]' is not assignable to parameter of type 'ActivityListResponse | Promise<ActivityListResponse>'.
2025-08-20T16:00:36.2208466Z ##[error]src/__tests__/integration/approvalWorkflow.test.tsx(463,9): error TS2353: Object literal may only specify known properties, and 'needs_approval' does not exist in type 'Partial<Chore>'.
2025-08-20T16:00:36.2212165Z ##[error]src/__tests__/integration/approvalWorkflow.test.tsx(474,22): error TS2339: Property 'getUserBalance' does not exist on type 'Mocked<{ getMe: () => Promise<User>; getMyChildren: () => Promise<ChildWithChores[]>; getAllowanceSummary: () => Promise<ChildAllowanceSummary[]>; createChildAccount: (childData: { ...; }) => Promise<...>; resetChildPassword: (childId: number, newPassword: string) => Promise<...>; }>'.
2025-08-20T16:00:36.2216616Z ##[error]src/__tests__/integration/approvalWorkflow.test.tsx(481,26): error TS2339: Property 'getUserBalance' does not exist on type 'Mocked<{ getMe: () => Promise<User>; getMyChildren: () => Promise<ChildWithChores[]>; getAllowanceSummary: () => Promise<ChildAllowanceSummary[]>; createChildAccount: (childData: { ...; }) => Promise<...>; resetChildPassword: (childId: number, newPassword: string) => Promise<...>; }>'.
2025-08-20T16:00:36.2219630Z ##[error]src/__tests__/integration/approvalWorkflow.test.tsx(491,45): error TS2322: Type '{ chore: Chore; onApprovalChange: Mock<any, any, any>; }' is not assignable to type 'IntrinsicAttributes & ChoreCardProps'.
2025-08-20T16:00:36.2220982Z   Property 'onApprovalChange' does not exist on type 'IntrinsicAttributes & ChoreCardProps'.
2025-08-20T16:00:36.2223798Z ##[error]src/__tests__/integration/approvalWorkflow.test.tsx(514,71): error TS2322: Type '{ chore: { is_approved: true; id: number; title: string; description: string | null; reward: number | null; is_range_reward: boolean; min_reward: number | null; max_reward: number | null; ... 16 more ...; next_available_at?: string | ... 1 more ... | undefined; }; onApprovalChange: Mock<...>; }' is not assignable to type 'IntrinsicAttributes & ChoreCardProps'.
2025-08-20T16:00:36.2225695Z   Property 'onApprovalChange' does not exist on type 'IntrinsicAttributes & ChoreCardProps'.
2025-08-20T16:00:36.2227085Z ##[error]src/__tests__/integration/approvalWorkflow.test.tsx(533,11): error TS2353: Object literal may only specify known properties, and 'needs_approval' does not exist in type 'Partial<Chore>'.
2025-08-20T16:00:36.2229381Z ##[error]src/__tests__/integration/approvalWorkflow.test.tsx(540,11): error TS2353: Object literal may only specify known properties, and 'needs_approval' does not exist in type 'Partial<Chore>'.
2025-08-20T16:00:36.2231571Z ##[error]src/__tests__/integration/approvalWorkflow.test.tsx(549,53): error TS2322: Type '{ key: number; chore: Chore; onApprovalChange: Mock<any, any, any>; }' is not assignable to type 'IntrinsicAttributes & ChoreCardProps'.
2025-08-20T16:00:36.2232944Z   Property 'onApprovalChange' does not exist on type 'IntrinsicAttributes & ChoreCardProps'.
2025-08-20T16:00:36.2234300Z ##[error]src/__tests__/integration/approvalWorkflow.test.tsx(574,9): error TS2353: Object literal may only specify known properties, and 'needs_approval' does not exist in type 'Partial<Chore>'.
2025-08-20T16:00:36.2236384Z ##[error]src/__tests__/integration/approvalWorkflow.test.tsx(580,43): error TS2322: Type '{ chore: Chore; onApprovalChange: Mock<any, any, any>; }' is not assignable to type 'IntrinsicAttributes & ChoreCardProps'.
2025-08-20T16:00:36.2237700Z   Property 'onApprovalChange' does not exist on type 'IntrinsicAttributes & ChoreCardProps'.
2025-08-20T16:00:36.2239292Z ##[error]src/__tests__/integration/approvalWorkflow.test.tsx(600,9): error TS2353: Object literal may only specify known properties, and 'needs_approval' does not exist in type 'Partial<Chore>'.
2025-08-20T16:00:36.2241429Z ##[error]src/__tests__/integration/approvalWorkflow.test.tsx(604,45): error TS2322: Type '{ chore: Chore; onApprovalChange: Mock<any, any, any>; }' is not assignable to type 'IntrinsicAttributes & ChoreCardProps'.
2025-08-20T16:00:36.2242740Z   Property 'onApprovalChange' does not exist on type 'IntrinsicAttributes & ChoreCardProps'.
2025-08-20T16:00:36.2244095Z ##[error]src/__tests__/integration/approvalWorkflow.test.tsx(627,9): error TS2353: Object literal may only specify known properties, and 'needs_approval' does not exist in type 'Partial<Chore>'.
2025-08-20T16:00:36.2246227Z ##[error]src/__tests__/integration/approvalWorkflow.test.tsx(633,43): error TS2322: Type '{ chore: Chore; onApprovalChange: Mock<any, any, any>; }' is not assignable to type 'IntrinsicAttributes & ChoreCardProps'.
2025-08-20T16:00:36.2247737Z   Property 'onApprovalChange' does not exist on type 'IntrinsicAttributes & ChoreCardProps'.
2025-08-20T16:00:36.2249063Z ##[error]src/__tests__/integration/authFlow.test.tsx(461,31): error TS2339: Property 'full_name' does not exist on type 'User'.
2025-08-20T16:00:36.2250528Z ##[error]src/__tests__/integration/choreManagement.test.tsx(91,19): error TS7006: Parameter 'prev' implicitly has an 'any' type.
2025-08-20T16:00:36.2251920Z ##[error]src/__tests__/integration/choreManagement.test.tsx(104,19): error TS7006: Parameter 'prev' implicitly has an 'any' type.
2025-08-20T16:00:36.2253320Z ##[error]src/__tests__/integration/choreManagement.test.tsx(104,36): error TS7006: Parameter 'chore' implicitly has an 'any' type.
2025-08-20T16:00:36.2254715Z ##[error]src/__tests__/integration/choreManagement.test.tsx(119,19): error TS7006: Parameter 'prev' implicitly has an 'any' type.
2025-08-20T16:00:36.2256110Z ##[error]src/__tests__/integration/choreManagement.test.tsx(119,39): error TS7006: Parameter 'chore' implicitly has an 'any' type.
2025-08-20T16:00:36.2257486Z ##[error]src/__tests__/integration/choreManagement.test.tsx(146,29): error TS7006: Parameter 'text' implicitly has an 'any' type.
2025-08-20T16:00:36.2259102Z ##[error]src/__tests__/integration/choreManagement.test.tsx(146,49): error TS7006: Parameter 'prev' implicitly has an 'any' type.
2025-08-20T16:00:36.2260480Z ##[error]src/__tests__/integration/choreManagement.test.tsx(152,29): error TS7006: Parameter 'text' implicitly has an 'any' type.
2025-08-20T16:00:36.2261847Z ##[error]src/__tests__/integration/choreManagement.test.tsx(152,49): error TS7006: Parameter 'prev' implicitly has an 'any' type.
2025-08-20T16:00:36.2263250Z ##[error]src/__tests__/integration/choreManagement.test.tsx(158,29): error TS7006: Parameter 'text' implicitly has an 'any' type.
2025-08-20T16:00:36.2264630Z ##[error]src/__tests__/integration/choreManagement.test.tsx(158,49): error TS7006: Parameter 'prev' implicitly has an 'any' type.
2025-08-20T16:00:36.2266008Z ##[error]src/__tests__/integration/choreManagement.test.tsx(165,29): error TS7006: Parameter 'text' implicitly has an 'any' type.
2025-08-20T16:00:36.2267378Z ##[error]src/__tests__/integration/choreManagement.test.tsx(165,49): error TS7006: Parameter 'prev' implicitly has an 'any' type.
2025-08-20T16:00:36.2269421Z ##[error]src/__tests__/integration/choreManagement.test.tsx(475,56): error TS2353: Object literal may only specify known properties, and 'success' does not exist in type 'Chore | Promise<Chore>'.
2025-08-20T16:00:36.2271382Z ##[error]src/__tests__/integration/choreManagement.test.tsx(642,54): error TS2353: Object literal may only specify known properties, and 'success' does not exist in type 'Promise<void>'.
2025-08-20T16:00:36.2272854Z ##[error]src/api/__tests__/chores.test.ts(572,20): error TS2339: Property 'code' does not exist on type 'Error'.
2025-08-20T16:00:36.2274275Z ##[error]src/api/__tests__/client.test.ts(98,15): error TS2339: Property 'response' does not exist on type 'Error'.
2025-08-20T16:00:36.2275732Z ##[error]src/components/__tests__/ActivityFeed.test.tsx(40,7): error TS2322: Type 'MockActivity[]' is not assignable to type 'Activity[]'.
2025-08-20T16:00:36.2276935Z   Type 'MockActivity' is missing the following properties from type 'Activity': activity_type, activity_data
2025-08-20T16:00:36.2278156Z ##[error]src/components/__tests__/ActivityFeed.test.tsx(92,9): error TS2322: Type 'MockActivity[]' is not assignable to type 'Activity[]'.
2025-08-20T16:00:36.2279353Z   Type 'MockActivity' is missing the following properties from type 'Activity': activity_type, activity_data
2025-08-20T16:00:36.2280405Z ##[error]src/components/__tests__/ActivityFeed.test.tsx(138,11): error TS2322: Type 'MockActivity[]' is not assignable to type 'Activity[]'.
2025-08-20T16:00:36.2281556Z   Type 'MockActivity' is missing the following properties from type 'Activity': activity_type, activity_data
2025-08-20T16:00:36.2282767Z ##[error]src/components/__tests__/ActivityFeed.test.tsx(159,9): error TS2322: Type 'MockActivity[]' is not assignable to type 'Activity[]'.
2025-08-20T16:00:36.2284049Z   Type 'MockActivity' is missing the following properties from type 'Activity': activity_type, activity_data
2025-08-20T16:00:36.2285099Z ##[error]src/components/__tests__/ActivityFeed.test.tsx(204,11): error TS2322: Type 'MockActivity[]' is not assignable to type 'Activity[]'.
2025-08-20T16:00:36.2286252Z   Type 'MockActivity' is missing the following properties from type 'Activity': activity_type, activity_data
2025-08-20T16:00:36.2287269Z ##[error]src/components/__tests__/ActivityFeed.test.tsx(208,11): error TS2322: Type 'MockActivity[]' is not assignable to type 'Activity[]'.
2025-08-20T16:00:36.2288634Z   Type 'MockActivity' is missing the following properties from type 'Activity': activity_type, activity_data
2025-08-20T16:00:36.2289531Z ##[error]src/components/__tests__/ActivityFeed.test.tsx(208,49): error TS2554: Expected 0-1 arguments, but got 2.
2025-08-20T16:00:36.2290959Z ##[error]src/components/__tests__/ActivityFeed.test.tsx(237,9): error TS2322: Type 'MockActivity[]' is not assignable to type 'Activity[]'.
2025-08-20T16:00:36.2292111Z   Type 'MockActivity' is missing the following properties from type 'Activity': activity_type, activity_data
2025-08-20T16:00:36.2293144Z ##[error]src/components/__tests__/ActivityFeed.test.tsx(253,9): error TS2322: Type 'MockActivity[]' is not assignable to type 'Activity[]'.
2025-08-20T16:00:36.2294289Z   Type 'MockActivity' is missing the following properties from type 'Activity': activity_type, activity_data
2025-08-20T16:00:36.2295341Z ##[error]src/components/__tests__/ActivityFeed.test.tsx(306,32): error TS2339: Property 'activity_data' does not exist on type 'MockActivity'.
2025-08-20T16:00:36.2296817Z ##[error]src/components/__tests__/ActivityFeed.test.tsx(313,9): error TS2322: Type 'MockActivity[]' is not assignable to type 'Activity[]'.
2025-08-20T16:00:36.2298137Z   Type 'MockActivity' is missing the following properties from type 'Activity': activity_type, activity_data
2025-08-20T16:00:36.2299192Z ##[error]src/components/__tests__/ActivityFeed.test.tsx(389,9): error TS2322: Type 'MockActivity[]' is not assignable to type 'Activity[]'.
2025-08-20T16:00:36.2300359Z   Type 'MockActivity' is missing the following properties from type 'Activity': activity_type, activity_data
2025-08-20T16:00:36.2301318Z ##[error]src/contexts/__tests__/AuthContext.test.tsx(643,31): error TS2339: Property 'full_name' does not exist on type 'User'.
2025-08-20T16:00:36.2303111Z ##[error]src/navigation/AuthNavigator.tsx(15,34): error TS2322: Type 'FC<LoginScreenProps>' is not assignable to type 'ScreenComponentType<AuthStackParamList, "Login"> | undefined'.
2025-08-20T16:00:36.2304370Z   Type 'FunctionComponent<LoginScreenProps>' is not assignable to type 'FunctionComponent<{}>'.
2025-08-20T16:00:36.2305028Z     Property 'onNavigateToRegister' is missing in type '{}' but required in type 'LoginScreenProps'.
2025-08-20T16:00:36.2306032Z ##[error]src/screens/AdjustmentFormScreen.tsx(186,38): error TS2339: Property 'balance' does not exist on type 'ChildWithChores'.
2025-08-20T16:00:36.2307491Z ##[error]src/screens/AdjustmentsListScreen.tsx(190,31): error TS2339: Property 'balance' does not exist on type 'ChildWithChores'.
2025-08-20T16:00:36.2309027Z ##[error]src/screens/ChildDetailScreen.tsx(232,50): error TS18047: 'chore.min_reward' is possibly 'null'.
2025-08-20T16:00:36.2310256Z ##[error]src/screens/ChildDetailScreen.tsx(232,85): error TS18047: 'chore.max_reward' is possibly 'null'.
2025-08-20T16:00:36.2311899Z ##[error]src/screens/ChoresManagementScreen.tsx(207,29): error TS2345: Argument of type 'number | null | undefined' is not assignable to parameter of type 'number | null'.
2025-08-20T16:00:36.2313001Z   Type 'undefined' is not assignable to type 'number | null'.
2025-08-20T16:00:36.2314019Z ##[error]src/screens/ChoresManagementScreen.tsx(216,13): error TS2322: Type 'boolean | "" | null | undefined' is not assignable to type 'boolean | undefined'.
2025-08-20T16:00:36.2315250Z   Type 'null' is not assignable to type 'boolean | undefined'.
2025-08-20T16:00:36.2316380Z ##[error]src/screens/ChoresManagementScreen.tsx(236,13): error TS2322: Type 'boolean | "" | null | undefined' is not assignable to type 'boolean | undefined'.
2025-08-20T16:00:36.2317451Z   Type 'null' is not assignable to type 'boolean | undefined'.
2025-08-20T16:00:36.2318363Z ##[error]src/screens/ChoresScreen.tsx(138,29): error TS18047: 'chore.min_reward' is possibly 'null'.
2025-08-20T16:00:36.2319590Z ##[error]src/screens/ChoresScreen.tsx(138,59): error TS18047: 'chore.max_reward' is possibly 'null'.
2025-08-20T16:00:36.2321308Z ##[error]src/screens/StatisticsScreen.tsx(95,37): error TS2345: Argument of type 'WeeklyDataPoint[] | MonthlyDataPoint[]' is not assignable to parameter of type 'WeeklyDataPoint[]'.
2025-08-20T16:00:36.2322477Z   Type 'MonthlyDataPoint[]' is not assignable to type 'WeeklyDataPoint[]'.
2025-08-20T16:00:36.2323113Z     Type 'MonthlyDataPoint' is missing the following properties from type 'WeeklyDataPoint': week_start, week_end
2025-08-20T16:00:36.2324505Z ##[error]src/screens/StatisticsScreen.tsx(96,39): error TS2345: Argument of type 'WeeklyDataPoint[] | MonthlyDataPoint[]' is not assignable to parameter of type 'MonthlyDataPoint[]'.
2025-08-20T16:00:36.2325686Z   Type 'WeeklyDataPoint[]' is not assignable to type 'MonthlyDataPoint[]'.
2025-08-20T16:00:36.2326327Z     Type 'WeeklyDataPoint' is missing the following properties from type 'MonthlyDataPoint': month, year, month_number
2025-08-20T16:00:36.2327518Z ##[error]src/screens/StatisticsScreen.tsx(144,46): error TS2339: Property 'average_per_week' does not exist on type 'WeeklySummary | MonthlySummary'.
2025-08-20T16:00:36.2328833Z   Property 'average_per_week' does not exist on type 'MonthlySummary'.
2025-08-20T16:00:36.2329909Z ##[error]src/screens/StatisticsScreen.tsx(144,84): error TS2339: Property 'average_per_month' does not exist on type 'WeeklySummary | MonthlySummary'.
2025-08-20T16:00:36.2330998Z   Property 'average_per_month' does not exist on type 'WeeklySummary'.
2025-08-20T16:00:36.2332115Z ##[error]src/screens/__tests__/ChoresScreen.test.tsx(10,10): error TS2459: Module '"../../contexts/AuthContext"' declares 'AuthContext' locally, but it is not exported.
2025-08-20T16:00:36.2333880Z ##[error]src/screens/__tests__/ChoresScreen.test.tsx(81,3): error TS2353: Object literal may only specify known properties, and 'role' does not exist in type 'User'.
2025-08-20T16:00:36.2335675Z ##[error]src/screens/__tests__/ChoresScreen.test.tsx(101,3): error TS2353: Object literal may only specify known properties, and 'updated_at' does not exist in type 'Chore'.
2025-08-20T16:00:36.2337448Z ##[error]src/screens/__tests__/ChoresScreen.test.tsx(132,52): error TS2345: Argument of type 'undefined' is not assignable to parameter of type 'Chore | Promise<Chore>'.
2025-08-20T16:00:36.2339410Z ##[error]src/screens/__tests__/ChoresScreen.test.tsx(133,51): error TS2345: Argument of type 'undefined' is not assignable to parameter of type 'Chore | Promise<Chore>'.
2025-08-20T16:00:36.2341251Z ##[error]src/screens/__tests__/ChoresScreen.test.tsx(138,43): error TS2353: Object literal may only specify known properties, and 'role' does not exist in type 'Partial<User>'.
2025-08-20T16:00:36.2343071Z ##[error]src/screens/__tests__/ChoresScreen.test.tsx(151,42): error TS2353: Object literal may only specify known properties, and 'role' does not exist in type 'Partial<User>'.
2025-08-20T16:00:36.2344893Z ##[error]src/screens/__tests__/ChoresScreen.test.tsx(167,42): error TS2353: Object literal may only specify known properties, and 'role' does not exist in type 'Partial<User>'.
2025-08-20T16:00:36.2346746Z ##[error]src/screens/__tests__/ChoresScreen.test.tsx(181,42): error TS2353: Object literal may only specify known properties, and 'role' does not exist in type 'Partial<User>'.
2025-08-20T16:00:36.2348765Z ##[error]src/screens/__tests__/ChoresScreen.test.tsx(199,42): error TS2353: Object literal may only specify known properties, and 'role' does not exist in type 'Partial<User>'.
2025-08-20T16:00:36.2350915Z ##[error]src/screens/__tests__/ChoresScreen.test.tsx(220,42): error TS2353: Object literal may only specify known properties, and 'role' does not exist in type 'Partial<User>'.
2025-08-20T16:00:36.2352778Z ##[error]src/screens/__tests__/ChoresScreen.test.tsx(242,49): error TS2353: Object literal may only specify known properties, and 'role' does not exist in type 'Partial<User>'.
2025-08-20T16:00:36.2354585Z ##[error]src/screens/__tests__/ChoresScreen.test.tsx(271,49): error TS2353: Object literal may only specify known properties, and 'role' does not exist in type 'Partial<User>'.
2025-08-20T16:00:36.2356385Z ##[error]src/screens/__tests__/ChoresScreen.test.tsx(298,42): error TS2353: Object literal may only specify known properties, and 'role' does not exist in type 'Partial<User>'.
2025-08-20T16:00:36.2358378Z ##[error]src/screens/__tests__/ChoresScreen.test.tsx(311,42): error TS2353: Object literal may only specify known properties, and 'role' does not exist in type 'Partial<User>'.
2025-08-20T16:00:36.2360277Z ##[error]src/screens/__tests__/ChoresScreen.test.tsx(326,42): error TS2353: Object literal may only specify known properties, and 'role' does not exist in type 'Partial<User>'.
2025-08-20T16:00:36.2362096Z ##[error]src/screens/__tests__/ChoresScreen.test.tsx(357,42): error TS2353: Object literal may only specify known properties, and 'role' does not exist in type 'Partial<User>'.
2025-08-20T16:00:36.2363904Z ##[error]src/screens/__tests__/ChoresScreen.test.tsx(384,42): error TS2353: Object literal may only specify known properties, and 'role' does not exist in type 'Partial<User>'.
2025-08-20T16:00:36.2365711Z ##[error]src/screens/__tests__/ChoresScreen.test.tsx(416,42): error TS2353: Object literal may only specify known properties, and 'role' does not exist in type 'Partial<User>'.
2025-08-20T16:00:36.2367506Z ##[error]src/screens/__tests__/ChoresScreen.test.tsx(450,42): error TS2353: Object literal may only specify known properties, and 'role' does not exist in type 'Partial<User>'.
2025-08-20T16:00:36.2369783Z ##[error]src/screens/__tests__/ChoresScreen.test.tsx(461,24): error TS7053: Element implicitly has an 'any' type because expression of type '1' can't be used to index type 'AlertButton[] | ((text: string) => void)'.
2025-08-20T16:00:36.2371024Z   Property '1' does not exist on type 'AlertButton[] | ((text: string) => void)'.
2025-08-20T16:00:36.2372429Z ##[error]src/screens/__tests__/ChoresScreen.test.tsx(461,38): error TS7053: Element implicitly has an 'any' type because expression of type '1' can't be used to index type 'AlertButton[] | ((text: string) => void)'.
2025-08-20T16:00:36.2373661Z   Property '1' does not exist on type 'AlertButton[] | ((text: string) => void)'.
2025-08-20T16:00:36.2375029Z ##[error]src/screens/__tests__/ChoresScreen.test.tsx(462,11): error TS7053: Element implicitly has an 'any' type because expression of type '1' can't be used to index type 'AlertButton[] | ((text: string) => void)'.
2025-08-20T16:00:36.2376257Z   Property '1' does not exist on type 'AlertButton[] | ((text: string) => void)'.
2025-08-20T16:00:36.2377434Z ##[error]src/screens/__tests__/ChoresScreen.test.tsx(482,42): error TS2353: Object literal may only specify known properties, and 'role' does not exist in type 'Partial<User>'.
2025-08-20T16:00:36.2379487Z ##[error]src/screens/__tests__/ChoresScreen.test.tsx(514,42): error TS2353: Object literal may only specify known properties, and 'role' does not exist in type 'Partial<User>'.
2025-08-20T16:00:36.2381308Z ##[error]src/screens/__tests__/ChoresScreen.test.tsx(539,42): error TS2353: Object literal may only specify known properties, and 'role' does not exist in type 'Partial<User>'.
2025-08-20T16:00:36.2383125Z ##[error]src/screens/__tests__/ChoresScreen.test.tsx(560,42): error TS2353: Object literal may only specify known properties, and 'role' does not exist in type 'Partial<User>'.
2025-08-20T16:00:36.2385124Z ##[error]src/screens/__tests__/ChoresScreen.test.tsx(581,42): error TS2353: Object literal may only specify known properties, and 'role' does not exist in type 'Partial<User>'.
2025-08-20T16:00:36.2387070Z ##[error]src/screens/__tests__/ChoresScreen.test.tsx(603,42): error TS2353: Object literal may only specify known properties, and 'role' does not exist in type 'Partial<User>'.
2025-08-20T16:00:36.2389157Z ##[error]src/screens/__tests__/ChoresScreen.test.tsx(637,49): error TS2353: Object literal may only specify known properties, and 'role' does not exist in type 'Partial<User>'.
2025-08-20T16:00:36.2390975Z ##[error]src/screens/__tests__/ChoresScreen.test.tsx(677,42): error TS2353: Object literal may only specify known properties, and 'role' does not exist in type 'Partial<User>'.
2025-08-20T16:00:36.2392783Z ##[error]src/screens/__tests__/ChoresScreen.test.tsx(689,43): error TS2353: Object literal may only specify known properties, and 'role' does not exist in type 'Partial<User>'.
2025-08-20T16:00:36.2394544Z ##[error]src/screens/__tests__/LoginScreen.test.tsx(10,10): error TS2459: Module '"../../contexts/AuthContext"' declares 'AuthContext' locally, but it is not exported.
2025-08-20T16:00:36.2396180Z ##[error]src/test-utils/IntegrationTestWrapper.tsx(7,22): error TS2307: Cannot find module '../types/User' or its corresponding type declarations.
2025-08-20T16:00:36.2398001Z ##[error]src/test-utils/mocks.ts(6,10): error TS2459: Module '"@/contexts/AuthContext"' declares 'AuthContextType' locally, but it is not exported.
2025-08-20T16:00:36.2399771Z ##[error]src/test-utils/renderWithProviders.tsx(8,24): error TS2459: Module '"@/contexts/AuthContext"' declares 'AuthContextType' locally, but it is not exported.
2025-08-20T16:00:36.2514212Z ⚠️  TypeScript compilation errors found
2025-08-20T16:00:36.2514706Z Note: CI will continue, but these should be fixed for production readiness
2025-08-20T16:00:36.2515135Z See the logs above for specific error details
2025-08-20T16:00:36.2553222Z ##[group]Run echo "🔍 Running ESLint check..."
2025-08-20T16:00:36.2553599Z [36;1mecho "🔍 Running ESLint check..."[0m
2025-08-20T16:00:36.2553856Z [36;1mif npm run lint; then[0m
2025-08-20T16:00:36.2554105Z [36;1m  echo "✅ ESLint check passed"[0m
2025-08-20T16:00:36.2554342Z [36;1melse[0m
2025-08-20T16:00:36.2554522Z [36;1m  echo "⚠️  ESLint issues found"[0m
2025-08-20T16:00:36.2554880Z [36;1m  echo "Note: CI will continue, but these should be addressed for code quality"[0m
2025-08-20T16:00:36.2555301Z [36;1m  echo "Run 'npm run lint:fix' locally to auto-fix some issues"[0m
2025-08-20T16:00:36.2555596Z [36;1mfi[0m
2025-08-20T16:00:36.2594814Z shell: /usr/bin/bash -e {0}
2025-08-20T16:00:36.2595036Z env:
2025-08-20T16:00:36.2595196Z   NODE_VERSION: 20
2025-08-20T16:00:36.2595390Z   WORKING_DIRECTORY: ./frontend
2025-08-20T16:00:36.2595606Z ##[endgroup]
2025-08-20T16:00:36.2653588Z 🔍 Running ESLint check...
2025-08-20T16:00:36.3695127Z 
2025-08-20T16:00:36.3695723Z > frontend@1.0.0 lint
2025-08-20T16:00:36.3696182Z > eslint . --ext .ts,.tsx,.js,.jsx
2025-08-20T16:00:36.3696411Z 
2025-08-20T16:00:41.2701612Z 
2025-08-20T16:00:41.2703001Z /home/runner/work/chores-tracker/chores-tracker/frontend/src/__tests__/integration/approvalWorkflow.test.tsx
2025-08-20T16:00:41.2719579Z ##[error]    7:10  error  'render' is defined but never used                  @typescript-eslint/no-unused-vars
2025-08-20T16:00:41.2722215Z ##[error]   50:44  error  Unexpected any. Specify a different type            @typescript-eslint/no-explicit-any
2025-08-20T16:00:41.2724245Z ##[error]   51:57  error  Require statement not part of import statement      @typescript-eslint/no-var-requires
2025-08-20T16:00:41.2726274Z ##[error]   52:19  error  Require statement not part of import statement      @typescript-eslint/no-var-requires
2025-08-20T16:00:41.2728463Z ##[error]   64:30  error  Require statement not part of import statement      @typescript-eslint/no-var-requires
2025-08-20T16:00:41.2730515Z ##[error]   76:23  error  Unexpected any. Specify a different type            @typescript-eslint/no-explicit-any
2025-08-20T16:00:41.2732866Z ##[error]   83:30  error  Require statement not part of import statement      @typescript-eslint/no-var-requires
2025-08-20T16:00:41.2734821Z ##[error]   86:23  error  Unexpected any. Specify a different type            @typescript-eslint/no-explicit-any
2025-08-20T16:00:41.2736877Z ##[error]   93:30  error  Require statement not part of import statement      @typescript-eslint/no-var-requires
2025-08-20T16:00:41.2739088Z ##[error]   95:23  error  Unexpected any. Specify a different type            @typescript-eslint/no-explicit-any
2025-08-20T16:00:41.2741180Z ##[error]  141:38  error  Unexpected any. Specify a different type            @typescript-eslint/no-explicit-any
2025-08-20T16:00:41.2743163Z ##[error]  142:28  error  Require statement not part of import statement      @typescript-eslint/no-var-requires
2025-08-20T16:00:41.2745162Z ##[error]  143:19  error  Require statement not part of import statement      @typescript-eslint/no-var-requires
2025-08-20T16:00:41.2747164Z ##[error]  149:32  error  Require statement not part of import statement      @typescript-eslint/no-var-requires
2025-08-20T16:00:41.2749370Z ##[error]  171:41  error  Unexpected any. Specify a different type            @typescript-eslint/no-explicit-any
2025-08-20T16:00:41.2751355Z ##[error]  172:28  error  Require statement not part of import statement      @typescript-eslint/no-var-requires
2025-08-20T16:00:41.2753341Z ##[error]  173:19  error  Require statement not part of import statement      @typescript-eslint/no-var-requires
2025-08-20T16:00:41.2755324Z ##[error]  179:37  error  Require statement not part of import statement      @typescript-eslint/no-var-requires
2025-08-20T16:00:41.2757315Z ##[error]  192:36  error  Unexpected any. Specify a different type            @typescript-eslint/no-explicit-any
2025-08-20T16:00:41.2759846Z ##[error]  229:28  error  'queryByTestId' is assigned a value but never used  @typescript-eslint/no-unused-vars
2025-08-20T16:00:41.2761073Z 
2025-08-20T16:00:41.2761819Z /home/runner/work/chores-tracker/chores-tracker/frontend/src/__tests__/integration/authFlow.test.tsx
2025-08-20T16:00:41.2763723Z ##[error]   11:25  error    'createMockUser' is defined but never used                                                                                                         @typescript-eslint/no-unused-vars
2025-08-20T16:00:41.2766171Z ##[error]   38:43  error    Unexpected any. Specify a different type                                                                                                           @typescript-eslint/no-explicit-any
2025-08-20T16:00:41.2768764Z ##[error]   39:11  error    'mockReact' is assigned a value but never used                                                                                                     @typescript-eslint/no-unused-vars
2025-08-20T16:00:41.2771272Z ##[error]   39:23  error    Require statement not part of import statement                                                                                                     @typescript-eslint/no-var-requires
2025-08-20T16:00:41.2773784Z ##[error]   40:46  error    Require statement not part of import statement                                                                                                     @typescript-eslint/no-var-requires
2025-08-20T16:00:41.2776263Z ##[error]   50:33  error    Require statement not part of import statement                                                                                                     @typescript-eslint/no-var-requires
2025-08-20T16:00:41.2779422Z ##[error]   51:31  error    React Hook "useAuth" cannot be called inside a callback. React Hooks must be called in a React function component or a custom React Hook function  react-hooks/rules-of-hooks
2025-08-20T16:00:41.2782834Z ##[warning]   54:13  warning  Unexpected console statement                                                                                                                       no-console
2025-08-20T16:00:41.2785665Z ##[error]   61:33  error    Require statement not part of import statement                                                                                                     @typescript-eslint/no-var-requires
2025-08-20T16:00:41.2789008Z ##[error]   62:31  error    React Hook "useAuth" cannot be called inside a callback. React Hooks must be called in a React function component or a custom React Hook function  react-hooks/rules-of-hooks
2025-08-20T16:00:41.2791901Z ##[warning]   65:13  warning  Unexpected console statement                                                                                                                       no-console
2025-08-20T16:00:41.2794327Z ##[error]   76:39  error    Unexpected any. Specify a different type                                                                                                           @typescript-eslint/no-explicit-any
2025-08-20T16:00:41.2796834Z ##[error]   77:46  error    Require statement not part of import statement                                                                                                     @typescript-eslint/no-var-requires
2025-08-20T16:00:41.2799385Z ##[warning]   85:11  warning  Unexpected console statement                                                                                                                       no-console
2025-08-20T16:00:41.2801788Z ##[error]   96:32  error    Unexpected any. Specify a different type                                                                                                           @typescript-eslint/no-explicit-any
2025-08-20T16:00:41.2804284Z ##[error]   97:46  error    Require statement not part of import statement                                                                                                     @typescript-eslint/no-var-requires
2025-08-20T16:00:41.2807009Z ##[error]   98:25  error    Require statement not part of import statement                                                                                                     @typescript-eslint/no-var-requires
2025-08-20T16:00:41.2809787Z ##[error]  121:28  error    Require statement not part of import statement                                                                                                     @typescript-eslint/no-var-requires
2025-08-20T16:00:41.2812337Z ##[error]  128:28  error    Require statement not part of import statement                                                                                                     @typescript-eslint/no-var-requires
2025-08-20T16:00:41.2814893Z ##[error]  135:28  error    Require statement not part of import statement                                                                                                     @typescript-eslint/no-var-requires
2025-08-20T16:00:41.2817552Z ##[error]  142:28  error    Require statement not part of import statement                                                                                                     @typescript-eslint/no-var-requires
2025-08-20T16:00:41.2820340Z ##[error]  150:28  error    Require statement not part of import statement                                                                                                     @typescript-eslint/no-var-requires
2025-08-20T16:00:41.2822919Z ##[error]  157:28  error    Require statement not part of import statement                                                                                                     @typescript-eslint/no-var-requires
2025-08-20T16:00:41.2825461Z ##[error]  164:28  error    Require statement not part of import statement                                                                                                     @typescript-eslint/no-var-requires
2025-08-20T16:00:41.2826738Z 
2025-08-20T16:00:41.2827528Z /home/runner/work/chores-tracker/chores-tracker/frontend/src/__tests__/integration/choreManagement.test.tsx
2025-08-20T16:00:41.2829336Z ##[error]   42:76  error  Require statement not part of import statement  @typescript-eslint/no-var-requires
2025-08-20T16:00:41.2831578Z ##[error]   43:23  error  Require statement not part of import statement  @typescript-eslint/no-var-requires
2025-08-20T16:00:41.2833571Z ##[error]   54:25  error  Require statement not part of import statement  @typescript-eslint/no-var-requires
2025-08-20T16:00:41.2835548Z ##[error]   65:30  error  Require statement not part of import statement  @typescript-eslint/no-var-requires
2025-08-20T16:00:41.2870357Z ##[error]   82:30  error  Require statement not part of import statement  @typescript-eslint/no-var-requires
2025-08-20T16:00:41.2872631Z ##[error]   95:23  error  Unexpected any. Specify a different type        @typescript-eslint/no-explicit-any
2025-08-20T16:00:41.2874728Z ##[error]  102:30  error  Require statement not part of import statement  @typescript-eslint/no-var-requires
2025-08-20T16:00:41.2876791Z ##[error]  110:23  error  Unexpected any. Specify a different type        @typescript-eslint/no-explicit-any
2025-08-20T16:00:41.2879030Z ##[error]  117:30  error  Require statement not part of import statement  @typescript-eslint/no-var-requires
2025-08-20T16:00:41.2880977Z ##[error]  121:23  error  Unexpected any. Specify a different type        @typescript-eslint/no-explicit-any
2025-08-20T16:00:41.2882931Z ##[error]  180:32  error  Unexpected any. Specify a different type        @typescript-eslint/no-explicit-any
2025-08-20T16:00:41.2884974Z ##[error]  220:28  error  Require statement not part of import statement  @typescript-eslint/no-var-requires
2025-08-20T16:00:41.2886989Z ##[error]  230:32  error  Unexpected any. Specify a different type        @typescript-eslint/no-explicit-any
2025-08-20T16:00:41.2889203Z ##[error]  231:46  error  Require statement not part of import statement  @typescript-eslint/no-var-requires
2025-08-20T16:00:41.2891235Z ##[error]  232:25  error  Require statement not part of import statement  @typescript-eslint/no-var-requires
2025-08-20T16:00:41.2893451Z ##[error]  249:28  error  Require statement not part of import statement  @typescript-eslint/no-var-requires
2025-08-20T16:00:41.2895475Z ##[error]  256:28  error  Require statement not part of import statement  @typescript-eslint/no-var-requires
2025-08-20T16:00:41.2897445Z ##[error]  263:28  error  Require statement not part of import statement  @typescript-eslint/no-var-requires
2025-08-20T16:00:41.2899638Z ##[error]  271:28  error  Require statement not part of import statement  @typescript-eslint/no-var-requires
2025-08-20T16:00:41.2901646Z ##[error]  278:28  error  Require statement not part of import statement  @typescript-eslint/no-var-requires
2025-08-20T16:00:41.2903663Z ##[error]  285:28  error  Require statement not part of import statement  @typescript-eslint/no-var-requires
2025-08-20T16:00:41.2905636Z ##[error]  292:28  error  Require statement not part of import statement  @typescript-eslint/no-var-requires
2025-08-20T16:00:41.2907630Z ##[error]  556:35  error  Unexpected any. Specify a different type        @typescript-eslint/no-explicit-any
2025-08-20T16:00:41.2909869Z ##[error]  561:74  error  Unexpected any. Specify a different type        @typescript-eslint/no-explicit-any
2025-08-20T16:00:41.2911053Z 
2025-08-20T16:00:41.2911690Z /home/runner/work/chores-tracker/chores-tracker/frontend/src/api/__tests__/balance.test.ts
2025-08-20T16:00:41.2913328Z ##[error]  12:3  error  'createMockApiError' is defined but never used  @typescript-eslint/no-unused-vars
2025-08-20T16:00:41.2914490Z 
2025-08-20T16:00:41.2915099Z /home/runner/work/chores-tracker/chores-tracker/frontend/src/api/__tests__/users.test.ts
2025-08-20T16:00:41.2916501Z ##[error]  18:3  error  'createMockApiError' is defined but never used  @typescript-eslint/no-unused-vars
2025-08-20T16:00:41.2917659Z 
2025-08-20T16:00:41.2918362Z /home/runner/work/chores-tracker/chores-tracker/frontend/src/api/chores.ts
2025-08-20T16:00:41.2919668Z ##[error]  37:21  error  Unexpected any. Specify a different type  @typescript-eslint/no-explicit-any
2025-08-20T16:00:41.2921623Z ##[error]  85:19  error  Unexpected any. Specify a different type  @typescript-eslint/no-explicit-any
2025-08-20T16:00:41.2922988Z 
2025-08-20T16:00:41.2923501Z /home/runner/work/chores-tracker/chores-tracker/frontend/src/api/client.ts
2025-08-20T16:00:41.2924637Z ##[warning]  57:5   warning  Unexpected console statement              no-console
2025-08-20T16:00:41.2926285Z ##[warning]  58:5   warning  Unexpected console statement              no-console
2025-08-20T16:00:41.2928101Z ##[warning]  67:7   warning  Unexpected console statement              no-console
2025-08-20T16:00:41.2929796Z ##[warning]  68:7   warning  Unexpected console statement              no-console
2025-08-20T16:00:41.2931431Z ##[warning]  72:9   warning  Unexpected console statement              no-console
2025-08-20T16:00:41.2933087Z ##[warning]  76:9   warning  Unexpected console statement              no-console
2025-08-20T16:00:41.2934751Z ##[warning]  78:9   warning  Unexpected console statement              no-console
2025-08-20T16:00:41.2936647Z ##[error]  89:21  error    Unexpected any. Specify a different type  @typescript-eslint/no-explicit-any
2025-08-20T16:00:41.2937984Z 
2025-08-20T16:00:41.2938530Z /home/runner/work/chores-tracker/chores-tracker/frontend/src/api/statistics.ts
2025-08-20T16:00:41.2939834Z ##[error]  67:16  error  Unexpected any. Specify a different type  @typescript-eslint/no-explicit-any
2025-08-20T16:00:41.2941031Z 
2025-08-20T16:00:41.2941512Z /home/runner/work/chores-tracker/chores-tracker/frontend/src/api/users.ts
2025-08-20T16:00:41.2942777Z ##[error]  13:12  error  Unexpected any. Specify a different type  @typescript-eslint/no-explicit-any
2025-08-20T16:00:41.2943964Z 
2025-08-20T16:00:41.2944574Z /home/runner/work/chores-tracker/chores-tracker/frontend/src/components/ActivityCard.tsx
2025-08-20T16:00:41.2945380Z   85:15  warning  Inline style: {
2025-08-20T16:00:41.2946293Z   color: 'isMoneyActivity && activity.activity_data.amount !== undefined && activity.activity_data.amount < 0 \n' +
2025-08-20T16:00:41.2947352Z     "                  ? '#F44336' \n" +
2025-08-20T16:00:41.2947971Z     "                  : '#4CAF50'"
2025-08-20T16:00:41.2948452Z }  react-native/no-inline-styles
2025-08-20T16:00:41.2948709Z 
2025-08-20T16:00:41.2949302Z /home/runner/work/chores-tracker/chores-tracker/frontend/src/components/ActivityFeed.tsx
2025-08-20T16:00:41.2950820Z ##[error]  35:58  error  'isRefresh' is assigned a value but never used  @typescript-eslint/no-unused-vars
2025-08-20T16:00:41.2952062Z 
2025-08-20T16:00:41.2952665Z /home/runner/work/chores-tracker/chores-tracker/frontend/src/components/ChoreCard.tsx
2025-08-20T16:00:41.2954023Z ##[error]  22:3  error  'isChild' is assigned a value but never used  @typescript-eslint/no-unused-vars
2025-08-20T16:00:41.2955207Z 
2025-08-20T16:00:41.2955862Z /home/runner/work/chores-tracker/chores-tracker/frontend/src/components/RejectChoreModal.tsx
2025-08-20T16:00:41.2957334Z ##[error]  69:19  error  `"` can be escaped with `&quot;`, `&ldquo;`, `&#34;`, `&rdquo;`  react/no-unescaped-entities
2025-08-20T16:00:41.2959648Z ##[error]  69:32  error  `"` can be escaped with `&quot;`, `&ldquo;`, `&#34;`, `&rdquo;`  react/no-unescaped-entities
2025-08-20T16:00:41.2960825Z 
2025-08-20T16:00:41.2961569Z /home/runner/work/chores-tracker/chores-tracker/frontend/src/components/__tests__/ActivityFeed.test.tsx
2025-08-20T16:00:41.2963265Z ##[error]    7:38  error  'act' is defined but never used                                         @typescript-eslint/no-unused-vars
2025-08-20T16:00:41.2965518Z ##[error]   25:29  error  'type' is defined but never used. Allowed unused args must match /^_/u  @typescript-eslint/no-unused-vars
2025-08-20T16:00:41.2968048Z ##[error]   26:30  error  'type' is defined but never used. Allowed unused args must match /^_/u  @typescript-eslint/no-unused-vars
2025-08-20T16:00:41.2970427Z ##[error]  219:13  error  'scrollEvent' is assigned a value but never used                        @typescript-eslint/no-unused-vars
2025-08-20T16:00:41.2972680Z ##[error]  375:29  error  Unexpected any. Specify a different type                                @typescript-eslint/no-explicit-any
2025-08-20T16:00:41.2974151Z 
2025-08-20T16:00:41.2974893Z /home/runner/work/chores-tracker/chores-tracker/frontend/src/components/__tests__/ChildCard.test.tsx
2025-08-20T16:00:41.2976370Z ##[error]  408:14  error  Unexpected any. Specify a different type  @typescript-eslint/no-explicit-any
2025-08-20T16:00:41.2977554Z 
2025-08-20T16:00:41.2978536Z /home/runner/work/chores-tracker/chores-tracker/frontend/src/components/__tests__/FinancialSummaryCards.test.tsx
2025-08-20T16:00:41.2980114Z ##[error]  358:74  error  Unexpected any. Specify a different type  @typescript-eslint/no-explicit-any
2025-08-20T16:00:41.2982112Z ##[error]  577:12  error  Unexpected any. Specify a different type  @typescript-eslint/no-explicit-any
2025-08-20T16:00:41.2983292Z 
2025-08-20T16:00:41.2984077Z /home/runner/work/chores-tracker/chores-tracker/frontend/src/components/__tests__/RejectChoreModal.test.tsx
2025-08-20T16:00:41.2985595Z ##[error]  236:29  error  Unexpected any. Specify a different type  @typescript-eslint/no-explicit-any
2025-08-20T16:00:41.2987631Z ##[error]  237:33  error  Unexpected any. Specify a different type  @typescript-eslint/no-explicit-any
2025-08-20T16:00:41.2989015Z 
2025-08-20T16:00:41.2989738Z /home/runner/work/chores-tracker/chores-tracker/frontend/src/contexts/__tests__/AuthContext.test.tsx
2025-08-20T16:00:41.2991574Z ##[error]   11:25  error  'createMockApiUser' is defined but never used             @typescript-eslint/no-unused-vars
2025-08-20T16:00:41.2993768Z ##[error]   26:75  error  Unexpected any. Specify a different type                  @typescript-eslint/no-explicit-any
2025-08-20T16:00:41.2995960Z ##[error]   39:7   error  'mockOnContextChange' is assigned a value but never used  @typescript-eslint/no-unused-vars
2025-08-20T16:00:41.2998361Z ##[error]   60:25  error  Unexpected any. Specify a different type                  @typescript-eslint/no-explicit-any
2025-08-20T16:00:41.3000233Z ##[error]   89:25  error  Unexpected any. Specify a different type                  @typescript-eslint/no-explicit-any
2025-08-20T16:00:41.3001524Z ##[error]  111:25  error  Unexpected any. Specify a different type                  @typescript-eslint/no-explicit-any
2025-08-20T16:00:41.3002785Z ##[error]  134:25  error  Unexpected any. Specify a different type                  @typescript-eslint/no-explicit-any
2025-08-20T16:00:41.3004011Z ##[error]  162:25  error  Unexpected any. Specify a different type                  @typescript-eslint/no-explicit-any
2025-08-20T16:00:41.3005231Z ##[error]  183:25  error  Unexpected any. Specify a different type                  @typescript-eslint/no-explicit-any
2025-08-20T16:00:41.3006441Z ##[error]  210:24  error  Unexpected any. Specify a different type                  @typescript-eslint/no-explicit-any
2025-08-20T16:00:41.3007672Z ##[error]  248:24  error  Unexpected any. Specify a different type                  @typescript-eslint/no-explicit-any
2025-08-20T16:00:41.3009195Z ##[error]  273:24  error  Unexpected any. Specify a different type                  @typescript-eslint/no-explicit-any
2025-08-20T16:00:41.3010419Z ##[error]  302:24  error  Unexpected any. Specify a different type                  @typescript-eslint/no-explicit-any
2025-08-20T16:00:41.3011630Z ##[error]  333:24  error  Unexpected any. Specify a different type                  @typescript-eslint/no-explicit-any
2025-08-20T16:00:41.3012848Z ##[error]  370:24  error  Unexpected any. Specify a different type                  @typescript-eslint/no-explicit-any
2025-08-20T16:00:41.3014058Z ##[error]  398:24  error  Unexpected any. Specify a different type                  @typescript-eslint/no-explicit-any
2025-08-20T16:00:41.3015262Z ##[error]  433:24  error  Unexpected any. Specify a different type                  @typescript-eslint/no-explicit-any
2025-08-20T16:00:41.3016468Z ##[error]  463:24  error  Unexpected any. Specify a different type                  @typescript-eslint/no-explicit-any
2025-08-20T16:00:41.3017678Z ##[error]  500:24  error  Unexpected any. Specify a different type                  @typescript-eslint/no-explicit-any
2025-08-20T16:00:41.3019363Z ##[error]  534:24  error  Unexpected any. Specify a different type                  @typescript-eslint/no-explicit-any
2025-08-20T16:00:41.3020601Z ##[error]  557:24  error  Unexpected any. Specify a different type                  @typescript-eslint/no-explicit-any
2025-08-20T16:00:41.3021824Z ##[error]  590:24  error  Unexpected any. Specify a different type                  @typescript-eslint/no-explicit-any
2025-08-20T16:00:41.3023036Z ##[error]  621:24  error  Unexpected any. Specify a different type                  @typescript-eslint/no-explicit-any
2025-08-20T16:00:41.3024246Z ##[error]  655:24  error  Unexpected any. Specify a different type                  @typescript-eslint/no-explicit-any
2025-08-20T16:00:41.3025447Z ##[error]  678:24  error  Unexpected any. Specify a different type                  @typescript-eslint/no-explicit-any
2025-08-20T16:00:41.3026150Z 
2025-08-20T16:00:41.3026599Z /home/runner/work/chores-tracker/chores-tracker/frontend/src/navigation/__tests__/SimpleNavigator.test.tsx
2025-08-20T16:00:41.3027682Z ##[error]   19:43  error  Unexpected any. Specify a different type        @typescript-eslint/no-explicit-any
2025-08-20T16:00:41.3029103Z ##[error]   20:40  error  Require statement not part of import statement  @typescript-eslint/no-var-requires
2025-08-20T16:00:41.3030282Z ##[error]   33:39  error  Unexpected any. Specify a different type        @typescript-eslint/no-explicit-any
2025-08-20T16:00:41.3031449Z ##[error]   34:40  error  Require statement not part of import statement  @typescript-eslint/no-var-requires
2025-08-20T16:00:41.3032604Z ##[error]   47:32  error  Unexpected any. Specify a different type        @typescript-eslint/no-explicit-any
2025-08-20T16:00:41.3033758Z ##[error]   48:40  error  Require statement not part of import statement  @typescript-eslint/no-var-requires
2025-08-20T16:00:41.3035062Z ##[error]   64:22  error  Require statement not part of import statement  @typescript-eslint/no-var-requires
2025-08-20T16:00:41.3036274Z ##[error]   71:22  error  Require statement not part of import statement  @typescript-eslint/no-var-requires
2025-08-20T16:00:41.3037511Z ##[error]   78:22  error  Require statement not part of import statement  @typescript-eslint/no-var-requires
2025-08-20T16:00:41.3038904Z ##[error]   85:22  error  Require statement not part of import statement  @typescript-eslint/no-var-requires
2025-08-20T16:00:41.3040068Z ##[error]   93:22  error  Require statement not part of import statement  @typescript-eslint/no-var-requires
2025-08-20T16:00:41.3041229Z ##[error]  100:22  error  Require statement not part of import statement  @typescript-eslint/no-var-requires
2025-08-20T16:00:41.3042392Z ##[error]  107:22  error  Require statement not part of import statement  @typescript-eslint/no-var-requires
2025-08-20T16:00:41.3043589Z ##[error]  467:67  error  Unexpected any. Specify a different type        @typescript-eslint/no-explicit-any
2025-08-20T16:00:41.3044289Z 
2025-08-20T16:00:41.3044666Z /home/runner/work/chores-tracker/chores-tracker/frontend/src/screens/AdjustmentFormScreen.tsx
2025-08-20T16:00:41.3046026Z ##[warning]   38:6   warning  React Hook useEffect has a missing dependency: 'fetchChildren'. Either include it or remove the dependency array  react-hooks/exhaustive-deps
2025-08-20T16:00:41.3047587Z ##[error]   96:13  error    'childName' is assigned a value but never used                                                                    @typescript-eslint/no-unused-vars
2025-08-20T16:00:41.3049229Z ##[error]  108:21  error    Unexpected any. Specify a different type                                                                          @typescript-eslint/no-explicit-any
2025-08-20T16:00:41.3050572Z ##[error]  159:50  error    `'` can be escaped with `&apos;`, `&lsquo;`, `&#39;`, `&rsquo;`                                                   react/no-unescaped-entities
2025-08-20T16:00:41.3051281Z 
2025-08-20T16:00:41.3051662Z /home/runner/work/chores-tracker/chores-tracker/frontend/src/screens/AdjustmentsListScreen.tsx
2025-08-20T16:00:41.3053108Z ##[warning]   27:6   warning  React Hook useEffect has a missing dependency: 'fetchData'. Either include it or remove the dependency array         react-hooks/exhaustive-deps
2025-08-20T16:00:41.3054899Z ##[warning]   33:6   warning  React Hook useEffect has a missing dependency: 'fetchAdjustments'. Either include it or remove the dependency array  react-hooks/exhaustive-deps
2025-08-20T16:00:41.3056395Z ##[error]  174:37  error    `'` can be escaped with `&apos;`, `&lsquo;`, `&#39;`, `&rsquo;`                                                      react/no-unescaped-entities
2025-08-20T16:00:41.3057692Z ##[error]  208:23  error    `"` can be escaped with `&quot;`, `&ldquo;`, `&#34;`, `&rdquo;`                                                      react/no-unescaped-entities
2025-08-20T16:00:41.3059252Z ##[error]  208:27  error    `"` can be escaped with `&quot;`, `&ldquo;`, `&#34;`, `&rdquo;`                                                      react/no-unescaped-entities
2025-08-20T16:00:41.3060718Z ##[warning]  228:23  warning  Inline style: { backgroundColor: "color === '#4caf50' ? '#e8f5e9' : '#ffebee'" }                                     react-native/no-inline-styles
2025-08-20T16:00:41.3061511Z 
2025-08-20T16:00:41.3061897Z /home/runner/work/chores-tracker/chores-tracker/frontend/src/screens/AllowanceSummaryScreen.tsx
2025-08-20T16:00:41.3062868Z ##[error]  136:38  error  Unexpected any. Specify a different type                                 @typescript-eslint/no-explicit-any
2025-08-20T16:00:41.3064205Z ##[error]  136:43  error  'index' is defined but never used. Allowed unused args must match /^_/u  @typescript-eslint/no-unused-vars
2025-08-20T16:00:41.3064967Z 
2025-08-20T16:00:41.3065302Z /home/runner/work/chores-tracker/chores-tracker/frontend/src/screens/BalanceScreen.tsx
2025-08-20T16:00:41.3066407Z ##[warning]  35:9   warning  Unexpected console statement                                                                                     no-console
2025-08-20T16:00:41.3067735Z ##[warning]  39:9   warning  Unexpected console statement                                                                                     no-console
2025-08-20T16:00:41.3069569Z ##[warning]  63:6   warning  React Hook useEffect has a missing dependency: 'fetchBalance'. Either include it or remove the dependency array  react-hooks/exhaustive-deps
2025-08-20T16:00:41.3071066Z ##[error]  90:59  error    `'` can be escaped with `&apos;`, `&lsquo;`, `&#39;`, `&rsquo;`                                                  react/no-unescaped-entities
2025-08-20T16:00:41.3072386Z ##[error]  94:21  error    `'` can be escaped with `&apos;`, `&lsquo;`, `&#39;`, `&rsquo;`                                                  react/no-unescaped-entities
2025-08-20T16:00:41.3073085Z 
2025-08-20T16:00:41.3073440Z /home/runner/work/chores-tracker/chores-tracker/frontend/src/screens/ChildDetailScreen.tsx
2025-08-20T16:00:41.3074512Z ##[error]   12:27  error    'ChildAllowanceSummary' is defined but never used                                                             @typescript-eslint/no-unused-vars
2025-08-20T16:00:41.3076130Z ##[warning]   64:6   warning  React Hook useEffect has a missing dependency: 'fetchData'. Either include it or remove the dependency array  react-hooks/exhaustive-deps
2025-08-20T16:00:41.3077579Z ##[error]  147:52  error    `'` can be escaped with `&apos;`, `&lsquo;`, `&#39;`, `&rsquo;`                                               react/no-unescaped-entities
2025-08-20T16:00:41.3078804Z 
2025-08-20T16:00:41.3079422Z /home/runner/work/chores-tracker/chores-tracker/frontend/src/screens/ChoreFormScreen.tsx
2025-08-20T16:00:41.3080953Z ##[warning]   68:9   warning  Unexpected console statement                                                                                           no-console
2025-08-20T16:00:41.3082275Z ##[warning]   77:9   warning  Unexpected console statement                                                                                           no-console
2025-08-20T16:00:41.3083752Z ##[warning]   83:9   warning  Unexpected console statement                                                                                           no-console
2025-08-20T16:00:41.3085029Z ##[warning]   89:9   warning  Unexpected console statement                                                                                           no-console
2025-08-20T16:00:41.3086302Z ##[warning]  112:5   warning  Unexpected console statement                                                                                           no-console
2025-08-20T16:00:41.3087570Z ##[warning]  113:5   warning  Unexpected console statement                                                                                           no-console
2025-08-20T16:00:41.3089118Z ##[warning]  127:7   warning  Unexpected console statement                                                                                           no-console
2025-08-20T16:00:41.3090494Z ##[error]  133:22  error    Unexpected any. Specify a different type                                                                               @typescript-eslint/no-explicit-any
2025-08-20T16:00:41.3091817Z ##[warning]  164:7   warning  Unexpected console statement                                                                                           no-console
2025-08-20T16:00:41.3093173Z ##[error]  175:21  error    Unexpected any. Specify a different type                                                                               @typescript-eslint/no-explicit-any
2025-08-20T16:00:41.3094053Z   194:22  warning  Inline style: {
2025-08-20T16:00:41.3094293Z   flex: 1,
2025-08-20T16:00:41.3094474Z   padding: 8,
2025-08-20T16:00:41.3094661Z   borderWidth: 1,
2025-08-20T16:00:41.3094863Z   borderColor: '#ddd',
2025-08-20T16:00:41.3095070Z   borderRadius: 4,
2025-08-20T16:00:41.3095254Z   fontSize: 16
2025-08-20T16:00:41.3095635Z }  react-native/no-inline-styles
2025-08-20T16:00:41.3096476Z ##[warning]  206:17  warning  Unexpected console statement                                                                                           no-console
2025-08-20T16:00:41.3097959Z ##[warning]  220:17  warning  Unexpected console statement                                                                                           no-console
2025-08-20T16:00:41.3099283Z ##[warning]  225:17  warning  Unexpected console statement                                                                                           no-console
2025-08-20T16:00:41.3100546Z ##[warning]  335:17  warning  Unexpected console statement                                                                                           no-console
2025-08-20T16:00:41.3101805Z ##[warning]  339:19  warning  Unexpected console statement                                                                                           no-console
2025-08-20T16:00:41.3103067Z ##[warning]  343:19  warning  Unexpected console statement                                                                                           no-console
2025-08-20T16:00:41.3103779Z 
2025-08-20T16:00:41.3104174Z /home/runner/work/chores-tracker/chores-tracker/frontend/src/screens/ChoresManagementScreen.tsx
2025-08-20T16:00:41.3105099Z ##[warning]   62:5   warning  Unexpected console statement                                                  no-console
2025-08-20T16:00:41.3106448Z ##[error]   72:23  error    'savedChore' is defined but never used. Allowed unused args must match /^_/u  @typescript-eslint/no-unused-vars
2025-08-20T16:00:41.3107756Z ##[warning]  246:5   warning  Unexpected console statement                                                  no-console
2025-08-20T16:00:41.3109254Z ##[error]  297:19  error    `"` can be escaped with `&quot;`, `&ldquo;`, `&#34;`, `&rdquo;`               react/no-unescaped-entities
2025-08-20T16:00:41.3110484Z ##[error]  297:29  error    `"` can be escaped with `&quot;`, `&ldquo;`, `&#34;`, `&rdquo;`               react/no-unescaped-entities
2025-08-20T16:00:41.3111340Z 
2025-08-20T16:00:41.3111682Z /home/runner/work/chores-tracker/chores-tracker/frontend/src/screens/ChoresScreen.tsx
2025-08-20T16:00:41.3112942Z ##[error]   29:37  error    React Hook "useState" is called conditionally. React Hooks must be called in the exact same order in every component render   react-hooks/rules-of-hooks
2025-08-20T16:00:41.3114735Z ##[error]   30:31  error    React Hook "useState" is called conditionally. React Hooks must be called in the exact same order in every component render   react-hooks/rules-of-hooks
2025-08-20T16:00:41.3116533Z ##[error]   31:37  error    React Hook "useState" is called conditionally. React Hooks must be called in the exact same order in every component render   react-hooks/rules-of-hooks
2025-08-20T16:00:41.3118523Z ##[error]   32:43  error    React Hook "useState" is called conditionally. React Hooks must be called in the exact same order in every component render   react-hooks/rules-of-hooks
2025-08-20T16:00:41.3120066Z ##[warning]   69:13  warning  Unexpected console statement                                                                                                  no-console
2025-08-20T16:00:41.3121379Z ##[warning]   70:13  warning  Unexpected console statement                                                                                                  no-console
2025-08-20T16:00:41.3122663Z ##[warning]   90:13  warning  Unexpected console statement                                                                                                  no-console
2025-08-20T16:00:41.3123940Z ##[warning]   91:13  warning  Unexpected console statement                                                                                                  no-console
2025-08-20T16:00:41.3125548Z ##[error]  106:3   error    React Hook "useEffect" is called conditionally. React Hooks must be called in the exact same order in every component render  react-hooks/rules-of-hooks
2025-08-20T16:00:41.3127529Z ##[warning]  108:6   warning  React Hook useEffect has a missing dependency: 'fetchChores'. Either include it or remove the dependency array                react-hooks/exhaustive-deps
2025-08-20T16:00:41.3129509Z ##[error]  126:9   error    'handleApproveChore' is assigned a value but never used                                                                       @typescript-eslint/no-unused-vars
2025-08-20T16:00:41.3130307Z 
2025-08-20T16:00:41.3130665Z /home/runner/work/chores-tracker/chores-tracker/frontend/src/screens/CreateChildScreen.tsx
2025-08-20T16:00:41.3131486Z ##[error]  67:21  error  Unexpected any. Specify a different type  @typescript-eslint/no-explicit-any
2025-08-20T16:00:41.3132181Z 
2025-08-20T16:00:41.3132497Z /home/runner/work/chores-tracker/chores-tracker/frontend/src/screens/HomeScreen.tsx
2025-08-20T16:00:41.3133764Z ##[warning]   24:6   warning  React Hook useEffect has a missing dependency: 'fetchDashboardStats'. Either include it or remove the dependency array  react-hooks/exhaustive-deps
2025-08-20T16:00:41.3135358Z ##[error]  269:26  error    Unexpected any. Specify a different type                                                                                @typescript-eslint/no-explicit-any
2025-08-20T16:00:41.3136116Z 
2025-08-20T16:00:41.3136438Z /home/runner/work/chores-tracker/chores-tracker/frontend/src/screens/LoginScreen.tsx
2025-08-20T16:00:41.3137289Z ##[warning]   33:7   warning  Unexpected console statement                                     no-console
2025-08-20T16:00:41.3138682Z ##[warning]   35:7   warning  Unexpected console statement                                     no-console
2025-08-20T16:00:41.3139917Z ##[error]   37:21  error    Unexpected any. Specify a different type                         @typescript-eslint/no-explicit-any
2025-08-20T16:00:41.3141127Z ##[error]  104:18  error    `'` can be escaped with `&apos;`, `&lsquo;`, `&#39;`, `&rsquo;`  react/no-unescaped-entities
2025-08-20T16:00:41.3141812Z 
2025-08-20T16:00:41.3142155Z /home/runner/work/chores-tracker/chores-tracker/frontend/src/screens/RegisterScreen.tsx
2025-08-20T16:00:41.3143050Z ##[warning]  55:7   warning  Unexpected console statement              no-console
2025-08-20T16:00:41.3144043Z ##[warning]  74:7   warning  Unexpected console statement              no-console
2025-08-20T16:00:41.3145108Z ##[error]  85:21  error    Unexpected any. Specify a different type  @typescript-eslint/no-explicit-any
2025-08-20T16:00:41.3145787Z 
2025-08-20T16:00:41.3146137Z /home/runner/work/chores-tracker/chores-tracker/frontend/src/screens/StatisticsScreen.tsx
2025-08-20T16:00:41.3147160Z ##[error]   28:16  error    'screenWidth' is assigned a value but never used                                                                    @typescript-eslint/no-unused-vars
2025-08-20T16:00:41.3149044Z ##[warning]   41:6   warning  React Hook useEffect has a missing dependency: 'fetchStatistics'. Either include it or remove the dependency array  react-hooks/exhaustive-deps
2025-08-20T16:00:41.3150648Z ##[warning]  155:15  warning  Inline style: { color: "periodChange >= 0 ? '#4caf50' : '#f44336'" }                                                react-native/no-inline-styles
2025-08-20T16:00:41.3152073Z ##[error]  165:35  error    Unexpected any. Specify a different type                                                                            @typescript-eslint/no-explicit-any
2025-08-20T16:00:41.3153409Z ##[error]  289:56  error    `'` can be escaped with `&apos;`, `&lsquo;`, `&#39;`, `&rsquo;`                                                     react/no-unescaped-entities
2025-08-20T16:00:41.3154115Z 
2025-08-20T16:00:41.3154512Z /home/runner/work/chores-tracker/chores-tracker/frontend/src/screens/__tests__/ChoresScreen.test.tsx
2025-08-20T16:00:41.3155528Z ##[error]   50:20  error  Require statement not part of import statement         @typescript-eslint/no-var-requires
2025-08-20T16:00:41.3156772Z ##[error]   58:67  error  Unexpected any. Specify a different type               @typescript-eslint/no-explicit-any
2025-08-20T16:00:41.3158341Z ##[error]   59:46  error  Require statement not part of import statement         @typescript-eslint/no-var-requires
2025-08-20T16:00:41.3159670Z ##[error]  451:13  error  'rangeRewardChore' is assigned a value but never used  @typescript-eslint/no-unused-vars
2025-08-20T16:00:41.3160910Z ##[error]  483:13  error  'fixedRewardChore' is assigned a value but never used  @typescript-eslint/no-unused-vars
2025-08-20T16:00:41.3161618Z 
2025-08-20T16:00:41.3162011Z /home/runner/work/chores-tracker/chores-tracker/frontend/src/screens/__tests__/HomeScreen.test.tsx
2025-08-20T16:00:41.3162844Z ##[error]  10:10  error  'User' is defined but never used                @typescript-eslint/no-unused-vars
2025-08-20T16:00:41.3163986Z ##[error]  26:53  error  Unexpected any. Specify a different type        @typescript-eslint/no-explicit-any
2025-08-20T16:00:41.3165146Z ##[error]  27:22  error  Require statement not part of import statement  @typescript-eslint/no-var-requires
2025-08-20T16:00:41.3166302Z ##[error]  37:58  error  Unexpected any. Specify a different type        @typescript-eslint/no-explicit-any
2025-08-20T16:00:41.3167463Z ##[error]  38:40  error  Require statement not part of import statement  @typescript-eslint/no-var-requires
2025-08-20T16:00:41.3168372Z 
2025-08-20T16:00:41.3168837Z /home/runner/work/chores-tracker/chores-tracker/frontend/src/screens/__tests__/LoginScreen.simple.test.tsx
2025-08-20T16:00:41.3169714Z ##[error]  7:29  error  'waitFor' is defined but never used       @typescript-eslint/no-unused-vars
2025-08-20T16:00:41.3170836Z ##[error]  9:10  error  'AuthProvider' is defined but never used  @typescript-eslint/no-unused-vars
2025-08-20T16:00:41.3171928Z ##[error]  9:24  error  'useAuth' is defined but never used       @typescript-eslint/no-unused-vars
2025-08-20T16:00:41.3172576Z 
2025-08-20T16:00:41.3172971Z /home/runner/work/chores-tracker/chores-tracker/frontend/src/screens/__tests__/LoginScreen.test.tsx
2025-08-20T16:00:41.3173810Z ##[error]  37:70  error  Unexpected any. Specify a different type  @typescript-eslint/no-explicit-any
2025-08-20T16:00:41.3174658Z 
2025-08-20T16:00:41.3175071Z /home/runner/work/chores-tracker/chores-tracker/frontend/src/screens/__tests__/RegisterScreen.test.tsx
2025-08-20T16:00:41.3175935Z ##[error]  491:67  error  Unexpected any. Specify a different type  @typescript-eslint/no-explicit-any
2025-08-20T16:00:41.3177082Z ##[error]  530:67  error  Unexpected any. Specify a different type  @typescript-eslint/no-explicit-any
2025-08-20T16:00:41.3178420Z ##[error]  618:67  error  Unexpected any. Specify a different type  @typescript-eslint/no-explicit-any
2025-08-20T16:00:41.3179109Z 
2025-08-20T16:00:41.3179506Z /home/runner/work/chores-tracker/chores-tracker/frontend/src/test-utils/IntegrationTestWrapper.tsx
2025-08-20T16:00:41.3180465Z ##[error]  15:32  error  Unexpected any. Specify a different type        @typescript-eslint/no-explicit-any
2025-08-20T16:00:41.3181660Z ##[error]  16:33  error  Unexpected any. Specify a different type        @typescript-eslint/no-explicit-any
2025-08-20T16:00:41.3182825Z ##[error]  17:42  error  Unexpected any. Specify a different type        @typescript-eslint/no-explicit-any
2025-08-20T16:00:41.3183975Z ##[error]  42:22  error  Require statement not part of import statement  @typescript-eslint/no-var-requires
2025-08-20T16:00:41.3185127Z ##[error]  48:27  error  Require statement not part of import statement  @typescript-eslint/no-var-requires
2025-08-20T16:00:41.3185813Z 
2025-08-20T16:00:41.3186202Z /home/runner/work/chores-tracker/chores-tracker/frontend/src/test-utils/__tests__/testUtils.test.ts
2025-08-20T16:00:41.3187142Z ##[error]  159:28  error  Require statement not part of import statement  @typescript-eslint/no-var-requires
2025-08-20T16:00:41.3188030Z 
2025-08-20T16:00:41.3188369Z /home/runner/work/chores-tracker/chores-tracker/frontend/src/test-utils/factories.ts
2025-08-20T16:00:41.3189538Z ##[error]  269:17  error  Unexpected any. Specify a different type                                                                             @typescript-eslint/no-explicit-any
2025-08-20T16:00:41.3191202Z ##[error]  371:3   error  Use "@ts-expect-error" instead of "@ts-ignore", as "@ts-ignore" will do nothing if the following line is error-free  @typescript-eslint/ban-ts-comment
2025-08-20T16:00:41.3192735Z ##[error]  384:8   error  Unexpected any. Specify a different type                                                                             @typescript-eslint/no-explicit-any
2025-08-20T16:00:41.3193466Z 
2025-08-20T16:00:41.3193771Z /home/runner/work/chores-tracker/chores-tracker/frontend/src/test-utils/index.ts
2025-08-20T16:00:41.3194537Z ##[error]  24:66  error  Unexpected any. Specify a different type  @typescript-eslint/no-explicit-any
2025-08-20T16:00:41.3195660Z ##[error]  24:81  error  Unexpected any. Specify a different type  @typescript-eslint/no-explicit-any
2025-08-20T16:00:41.3196766Z ##[error]  28:67  error  Unexpected any. Specify a different type  @typescript-eslint/no-explicit-any
2025-08-20T16:00:41.3198058Z ##[error]  47:41  error  Unexpected any. Specify a different type  @typescript-eslint/no-explicit-any
2025-08-20T16:00:41.3199239Z ##[error]  51:42  error  Unexpected any. Specify a different type  @typescript-eslint/no-explicit-any
2025-08-20T16:00:41.3200371Z ##[error]  56:45  error  Unexpected any. Specify a different type  @typescript-eslint/no-explicit-any
2025-08-20T16:00:41.3201492Z ##[error]  73:43  error  Unexpected any. Specify a different type  @typescript-eslint/no-explicit-any
2025-08-20T16:00:41.3202167Z 
2025-08-20T16:00:41.3202481Z /home/runner/work/chores-tracker/chores-tracker/frontend/src/test-utils/mocks.ts
2025-08-20T16:00:41.3203245Z ##[error]  26:8  error  Unexpected any. Specify a different type  @typescript-eslint/no-explicit-any
2025-08-20T16:00:41.3203934Z 
2025-08-20T16:00:41.3204315Z /home/runner/work/chores-tracker/chores-tracker/frontend/src/test-utils/renderWithProviders.tsx
2025-08-20T16:00:41.3205148Z ##[error]    8:10  error  'AuthProvider' is defined but never used  @typescript-eslint/no-unused-vars
2025-08-20T16:00:41.3206464Z ##[error]  133:9   error  Unexpected any. Specify a different type  @typescript-eslint/no-explicit-any
2025-08-20T16:00:41.3207149Z 
2025-08-20T16:00:41.3207452Z /home/runner/work/chores-tracker/chores-tracker/frontend/src/test-utils/setup.ts
2025-08-20T16:00:41.3208439Z ##[error]   97:28  error  Unexpected any. Specify a different type  @typescript-eslint/no-explicit-any
2025-08-20T16:00:41.3209589Z ##[error]  110:29  error  Unexpected any. Specify a different type  @typescript-eslint/no-explicit-any
2025-08-20T16:00:41.3210279Z 
2025-08-20T16:00:41.3210611Z /home/runner/work/chores-tracker/chores-tracker/frontend/src/tests/performance_test.js
2025-08-20T16:00:41.3211445Z ##[warning]   37:5   warning  Unexpected console statement                    no-console
2025-08-20T16:00:41.3212439Z ##[error]   37:5   error    'console' is not defined                        no-undef
2025-08-20T16:00:41.3213445Z ##[warning]   41:5   warning  Unexpected console statement                    no-console
2025-08-20T16:00:41.3214429Z ##[error]   41:5   error    'console' is not defined                        no-undef
2025-08-20T16:00:41.3215407Z ##[warning]   45:5   warning  Unexpected console statement                    no-console
2025-08-20T16:00:41.3216369Z ##[error]   45:5   error    'console' is not defined                        no-undef
2025-08-20T16:00:41.3217347Z ##[warning]   47:7   warning  Unexpected console statement                    no-console
2025-08-20T16:00:41.3218541Z ##[error]   47:7   error    'console' is not defined                        no-undef
2025-08-20T16:00:41.3219536Z ##[warning]   51:5   warning  Unexpected console statement                    no-console
2025-08-20T16:00:41.3220504Z ##[error]   51:5   error    'console' is not defined                        no-undef
2025-08-20T16:00:41.3221487Z ##[warning]   54:7   warning  Unexpected console statement                    no-console
2025-08-20T16:00:41.3222594Z ##[error]   54:7   error    'console' is not defined                        no-undef
2025-08-20T16:00:41.3223617Z ##[warning]   56:7   warning  Unexpected console statement                    no-console
2025-08-20T16:00:41.3224586Z ##[error]   56:7   error    'console' is not defined                        no-undef
2025-08-20T16:00:41.3225571Z ##[warning]   58:7   warning  Unexpected console statement                    no-console
2025-08-20T16:00:41.3226539Z ##[error]   58:7   error    'console' is not defined                        no-undef
2025-08-20T16:00:41.3227516Z ##[warning]   67:5   warning  Unexpected console statement                    no-console
2025-08-20T16:00:41.3229128Z ##[error]   67:5   error    'console' is not defined                        no-undef
2025-08-20T16:00:41.3230720Z ##[error]   73:17  error    'performance' is not defined                    no-undef
2025-08-20T16:00:41.3231925Z ##[error]   76:33  error    'performance' is not defined                    no-undef
2025-08-20T16:00:41.3232883Z ##[error]   80:5   error    'console' is not defined                        no-undef
2025-08-20T16:00:41.3233819Z ##[error]   87:26  error    'fetch' is not defined                          no-undef
2025-08-20T16:00:41.3234742Z ##[error]   97:10  error    'fetch' is not defined                          no-undef
2025-08-20T16:00:41.3235726Z ##[warning]  106:3   warning  Unexpected console statement                    no-console
2025-08-20T16:00:41.3236744Z ##[error]  106:3   error    'console' is not defined                        no-undef
2025-08-20T16:00:41.3237737Z ##[warning]  107:3   warning  Unexpected console statement                    no-console
2025-08-20T16:00:41.3239000Z ##[error]  107:3   error    'console' is not defined                        no-undef
2025-08-20T16:00:41.3239967Z ##[error]  113:32  error    'fetch' is not defined                          no-undef
2025-08-20T16:00:41.3240909Z ##[error]  174:32  error    'fetch' is not defined                          no-undef
2025-08-20T16:00:41.3241855Z ##[error]  262:34  error    'fetch' is not defined                          no-undef
2025-08-20T16:00:41.3242990Z ##[error]  279:5   error    'console' is not defined                        no-undef
2025-08-20T16:00:41.3243935Z ##[error]  289:3   error    'global' is not defined                         no-undef
2025-08-20T16:00:41.3245031Z ##[error]  289:24  error    Require statement not part of import statement  @typescript-eslint/no-var-requires
2025-08-20T16:00:41.3246089Z ##[error]  289:24  error    'require' is not defined                        no-undef
2025-08-20T16:00:41.3247047Z ##[error]  290:3   error    'global' is not defined                         no-undef
2025-08-20T16:00:41.3248202Z ##[error]  290:18  error    'require' is not defined                        no-undef
2025-08-20T16:00:41.3249198Z ##[error]  291:36  error    'process' is not defined                        no-undef
2025-08-20T16:00:41.3250158Z ##[error]  298:38  error    'module' is not defined                         no-undef
2025-08-20T16:00:41.3251108Z ##[error]  299:3   error    'module' is not defined                         no-undef
2025-08-20T16:00:41.3251710Z 
2025-08-20T16:00:41.3252009Z /home/runner/work/chores-tracker/chores-tracker/frontend/src/utils/Alert.ts
2025-08-20T16:00:41.3252825Z ##[error]  91:9  error  'buttonText' is never reassigned. Use 'const' instead  prefer-const
2025-08-20T16:00:41.3253484Z 
2025-08-20T16:00:41.3253773Z /home/runner/work/chores-tracker/chores-tracker/frontend/test-chores-ui.js
2025-08-20T16:00:41.3254513Z ##[error]   4:16  error    'testChoresUI' is defined but never used  @typescript-eslint/no-unused-vars
2025-08-20T16:00:41.3255557Z ##[warning]   5:3   warning  Unexpected console statement              no-console
2025-08-20T16:00:41.3256496Z ##[error]   5:3   error    'console' is not defined                  no-undef
2025-08-20T16:00:41.3257409Z ##[error]   8:23  error    'AsyncStorage' is not defined             no-undef
2025-08-20T16:00:41.3258610Z ##[error]  10:5   error    'console' is not defined                  no-undef
2025-08-20T16:00:41.3259568Z ##[error]  15:25  error    'AsyncStorage' is not defined             no-undef
2025-08-20T16:00:41.3260521Z ##[warning]  17:3   warning  Unexpected console statement              no-console
2025-08-20T16:00:41.3261455Z ##[error]  17:3   error    'console' is not defined                  no-undef
2025-08-20T16:00:41.3262355Z ##[error]  20:25  error    'window' is not defined                   no-undef
2025-08-20T16:00:41.3263300Z ##[warning]  22:5   warning  Unexpected console statement              no-console
2025-08-20T16:00:41.3264228Z ##[error]  22:5   error    'console' is not defined                  no-undef
2025-08-20T16:00:41.3265135Z ##[error]  26:22  error    'document' is not defined                 no-undef
2025-08-20T16:00:41.3266073Z ##[warning]  27:3   warning  Unexpected console statement              no-console
2025-08-20T16:00:41.3267004Z ##[error]  27:3   error    'console' is not defined                  no-undef
2025-08-20T16:00:41.3268022Z ##[error]  30:24  error    'document' is not defined                 no-undef
2025-08-20T16:00:41.3268988Z ##[warning]  32:5   warning  Unexpected console statement              no-console
2025-08-20T16:00:41.3269913Z ##[error]  32:5   error    'console' is not defined                  no-undef
2025-08-20T16:00:41.3270845Z ##[warning]  34:5   warning  Unexpected console statement              no-console
2025-08-20T16:00:41.3271765Z ##[error]  34:5   error    'console' is not defined                  no-undef
2025-08-20T16:00:41.3272666Z ##[error]  39:29  error    'document' is not defined                 no-undef
2025-08-20T16:00:41.3273593Z ##[warning]  40:5   warning  Unexpected console statement              no-console
2025-08-20T16:00:41.3274518Z ##[error]  40:5   error    'console' is not defined                  no-undef
2025-08-20T16:00:41.3275447Z ##[warning]  43:3   warning  Unexpected console statement              no-console
2025-08-20T16:00:41.3276370Z ##[error]  43:3   error    'console' is not defined                  no-undef
2025-08-20T16:00:41.3277115Z 
2025-08-20T16:00:41.3277511Z ✖ 306 problems (239 errors, 67 warnings)
2025-08-20T16:00:41.3278147Z   1 error and 0 warnings potentially fixable with the `--fix` option.
2025-08-20T16:00:41.3278404Z 
2025-08-20T16:00:41.3448454Z ⚠️  ESLint issues found
2025-08-20T16:00:41.3449147Z Note: CI will continue, but these should be addressed for code quality
2025-08-20T16:00:41.3449896Z Run 'npm run lint:fix' locally to auto-fix some issues
2025-08-20T16:00:41.3532086Z ##[group]Run echo "💅 Running Prettier format check..."
2025-08-20T16:00:41.3532489Z [36;1mecho "💅 Running Prettier format check..."[0m
2025-08-20T16:00:41.3532779Z [36;1mif npm run format:check; then[0m
2025-08-20T16:00:41.3533054Z [36;1m  echo "✅ Prettier format check passed"[0m
2025-08-20T16:00:41.3533305Z [36;1melse[0m
2025-08-20T16:00:41.3533508Z [36;1m  echo "⚠️  Code formatting issues found"[0m
2025-08-20T16:00:41.3533863Z [36;1m  echo "Note: CI will continue, but code should be formatted consistently"[0m
2025-08-20T16:00:41.3534285Z [36;1m  echo "Run 'npm run format' locally to auto-fix formatting"[0m
2025-08-20T16:00:41.3534576Z [36;1mfi[0m
2025-08-20T16:00:41.3574557Z shell: /usr/bin/bash -e {0}
2025-08-20T16:00:41.3574773Z env:
2025-08-20T16:00:41.3574940Z   NODE_VERSION: 20
2025-08-20T16:00:41.3575125Z   WORKING_DIRECTORY: ./frontend
2025-08-20T16:00:41.3575337Z ##[endgroup]
2025-08-20T16:00:41.3634491Z 💅 Running Prettier format check...
2025-08-20T16:00:41.4686448Z 
2025-08-20T16:00:41.4686728Z > frontend@1.0.0 format:check
2025-08-20T16:00:41.4687200Z > prettier --check "src/**/*.{ts,tsx,js,jsx,json}"
2025-08-20T16:00:41.4687480Z 
2025-08-20T16:00:41.5500581Z Checking formatting...
2025-08-20T16:00:41.8305381Z [[33mwarn[39m] src/__tests__/integration/approvalWorkflow.test.tsx
2025-08-20T16:00:41.9425680Z [[33mwarn[39m] src/__tests__/integration/authFlow.test.tsx
2025-08-20T16:00:42.0879165Z [[33mwarn[39m] src/__tests__/integration/choreManagement.test.tsx
2025-08-20T16:00:42.1003593Z [[33mwarn[39m] src/api/__tests__/auth.test.ts
2025-08-20T16:00:42.1523061Z [[33mwarn[39m] src/api/__tests__/balance.test.ts
2025-08-20T16:00:42.2189773Z [[33mwarn[39m] src/api/__tests__/chores.test.ts
2025-08-20T16:00:42.2485962Z [[33mwarn[39m] src/api/__tests__/client.test.ts
2025-08-20T16:00:42.2876964Z [[33mwarn[39m] src/api/__tests__/users.test.ts
2025-08-20T16:00:42.3052454Z [[33mwarn[39m] src/api/activities.ts
2025-08-20T16:00:42.3123440Z [[33mwarn[39m] src/api/adjustments.ts
2025-08-20T16:00:42.3165073Z [[33mwarn[39m] src/api/balance.ts
2025-08-20T16:00:42.3363959Z [[33mwarn[39m] src/api/chores.ts
2025-08-20T16:00:42.3484234Z [[33mwarn[39m] src/api/client.ts
2025-08-20T16:00:42.3669036Z [[33mwarn[39m] src/api/reports.ts
2025-08-20T16:00:42.4108212Z [[33mwarn[39m] src/api/statistics.ts
2025-08-20T16:00:42.4183766Z [[33mwarn[39m] src/api/users.ts
2025-08-20T16:00:42.4230224Z [[33mwarn[39m] src/App.tsx
2025-08-20T16:00:42.4640130Z [[33mwarn[39m] src/components/__tests__/ActivityCard.test.tsx
2025-08-20T16:00:42.4963807Z [[33mwarn[39m] src/components/__tests__/ActivityFeed.test.tsx
2025-08-20T16:00:42.5329669Z [[33mwarn[39m] src/components/__tests__/ChildCard.test.tsx
2025-08-20T16:00:42.5814832Z [[33mwarn[39m] src/components/__tests__/ChoreCard.test.tsx
2025-08-20T16:00:42.6196768Z [[33mwarn[39m] src/components/__tests__/FinancialSummaryCards.test.tsx
2025-08-20T16:00:42.6541501Z [[33mwarn[39m] src/components/__tests__/RejectChoreModal.test.tsx
2025-08-20T16:00:42.6655070Z [[33mwarn[39m] src/components/ActivityCard.tsx
2025-08-20T16:00:42.6858636Z [[33mwarn[39m] src/components/ActivityFeed.tsx
2025-08-20T16:00:42.6985349Z [[33mwarn[39m] src/components/ChildCard.tsx
2025-08-20T16:00:42.7154262Z [[33mwarn[39m] src/components/ChoreCard.tsx
2025-08-20T16:00:42.7533696Z [[33mwarn[39m] src/components/FinancialSummaryCards.tsx
2025-08-20T16:00:42.7756917Z [[33mwarn[39m] src/components/RejectChoreModal.tsx
2025-08-20T16:00:42.8325540Z [[33mwarn[39m] src/contexts/__tests__/AuthContext.test.tsx
2025-08-20T16:00:42.8430102Z [[33mwarn[39m] src/contexts/AuthContext.tsx
2025-08-20T16:00:42.8810293Z [[33mwarn[39m] src/navigation/__tests__/SimpleNavigator.test.tsx
2025-08-20T16:00:42.8841611Z [[33mwarn[39m] src/navigation/AuthNavigator.tsx
2025-08-20T16:00:42.8895706Z [[33mwarn[39m] src/navigation/MainNavigator.tsx
2025-08-20T16:00:42.8953816Z [[33mwarn[39m] src/navigation/RootNavigator.tsx
2025-08-20T16:00:42.9072556Z [[33mwarn[39m] src/navigation/SimpleNavigator.tsx
2025-08-20T16:00:42.9110616Z [[33mwarn[39m] src/navigation/types.ts
2025-08-20T16:00:42.9565326Z [[33mwarn[39m] src/screens/__tests__/ChoresScreen.test.tsx
2025-08-20T16:00:42.9817352Z [[33mwarn[39m] src/screens/__tests__/HomeScreen.test.tsx
2025-08-20T16:00:42.9928047Z [[33mwarn[39m] src/screens/__tests__/LoginScreen.simple.test.tsx
2025-08-20T16:00:43.0340901Z [[33mwarn[39m] src/screens/__tests__/LoginScreen.test.tsx
2025-08-20T16:00:43.0879821Z [[33mwarn[39m] src/screens/__tests__/RegisterScreen.test.tsx
2025-08-20T16:00:43.1171811Z [[33mwarn[39m] src/screens/AdjustmentFormScreen.tsx
2025-08-20T16:00:43.1385377Z [[33mwarn[39m] src/screens/AdjustmentsListScreen.tsx
2025-08-20T16:00:43.1721447Z [[33mwarn[39m] src/screens/AllowanceSummaryScreen.tsx
2025-08-20T16:00:43.2173639Z [[33mwarn[39m] src/screens/ApprovalsScreen.tsx
2025-08-20T16:00:43.2338118Z [[33mwarn[39m] src/screens/BalanceScreen.tsx
2025-08-20T16:00:43.2685052Z [[33mwarn[39m] src/screens/ChildDetailScreen.tsx
2025-08-20T16:00:43.2937113Z [[33mwarn[39m] src/screens/ChildrenScreen.tsx
2025-08-20T16:00:43.3196554Z [[33mwarn[39m] src/screens/ChoreFormScreen.tsx
2025-08-20T16:00:43.3415284Z [[33mwarn[39m] src/screens/ChoresManagementScreen.tsx
2025-08-20T16:00:43.3559667Z [[33mwarn[39m] src/screens/ChoresScreen.tsx
2025-08-20T16:00:43.3719832Z [[33mwarn[39m] src/screens/CreateChildScreen.tsx
2025-08-20T16:00:43.3920236Z [[33mwarn[39m] src/screens/HomeScreen.tsx
2025-08-20T16:00:43.4057002Z [[33mwarn[39m] src/screens/LoginScreen.tsx
2025-08-20T16:00:43.4281358Z [[33mwarn[39m] src/screens/ProfileScreen.tsx
2025-08-20T16:00:43.4482727Z [[33mwarn[39m] src/screens/RegisterScreen.tsx
2025-08-20T16:00:43.4949869Z [[33mwarn[39m] src/screens/StatisticsScreen.tsx
2025-08-20T16:00:43.5233039Z [[33mwarn[39m] src/test-utils/__tests__/testUtils.test.ts
2025-08-20T16:00:43.5664282Z [[33mwarn[39m] src/test-utils/factories.ts
2025-08-20T16:00:43.5770383Z [[33mwarn[39m] src/test-utils/index.ts
2025-08-20T16:00:43.5816975Z [[33mwarn[39m] src/test-utils/IntegrationTestWrapper.tsx
2025-08-20T16:00:43.5951179Z [[33mwarn[39m] src/test-utils/mocks.ts
2025-08-20T16:00:43.6054459Z [[33mwarn[39m] src/test-utils/renderWithProviders.tsx
2025-08-20T16:00:43.6168568Z [[33mwarn[39m] src/test-utils/setup.ts
2025-08-20T16:00:43.6745362Z [[33mwarn[39m] src/tests/performance_test.js
2025-08-20T16:00:43.6880276Z [[33mwarn[39m] src/utils/Alert.ts
2025-08-20T16:00:43.6880991Z [[33mwarn[39m] Code style issues found in 67 files. Run Prettier with --write to fix.
2025-08-20T16:00:43.7132302Z ⚠️  Code formatting issues found
2025-08-20T16:00:43.7133100Z Note: CI will continue, but code should be formatted consistently
2025-08-20T16:00:43.7133903Z Run 'npm run format' locally to auto-fix formatting
2025-08-20T16:00:43.7161895Z ##[group]Run if grep -r "console\.log\|debugger\|\.only\|\.skip" src/ --include="*.ts" --include="*.tsx" || true; then
2025-08-20T16:00:43.7162566Z [36;1mif grep -r "console\.log\|debugger\|\.only\|\.skip" src/ --include="*.ts" --include="*.tsx" || true; then[0m
2025-08-20T16:00:43.7163042Z [36;1m  echo "⚠️  Warning: Found debug code in source files"[0m
2025-08-20T16:00:43.7163461Z [36;1m  echo "Please remove console.log, debugger, .only, or .skip before merging"[0m
2025-08-20T16:00:43.7163877Z [36;1m  # Note: This is a warning, not a failure - adjust as needed[0m
2025-08-20T16:00:43.7164176Z [36;1mfi[0m
2025-08-20T16:00:43.7204606Z shell: /usr/bin/bash -e {0}
2025-08-20T16:00:43.7204822Z env:
2025-08-20T16:00:43.7205165Z   NODE_VERSION: 20
2025-08-20T16:00:43.7205354Z   WORKING_DIRECTORY: ./frontend
2025-08-20T16:00:43.7205562Z ##[endgroup]
2025-08-20T16:00:43.7293564Z src/api/client.ts:    console.log('API Client: Logging in to', `${API_URL}/users/login`);
2025-08-20T16:00:43.7294658Z src/api/client.ts:    console.log('API Client: Form data:', formData.toString());
2025-08-20T16:00:43.7295670Z src/api/client.ts:      console.log('API Client: Login response status:', response.status);
2025-08-20T16:00:43.7296849Z src/api/client.ts:      console.log('API Client: Login response data:', response.data);
2025-08-20T16:00:43.7297749Z src/api/client.ts:        console.log('API Client: Storing token');
2025-08-20T16:00:43.7298540Z src/api/client.ts:        console.log('API Client: Fetching user data');
2025-08-20T16:00:43.7299411Z src/api/client.ts:        console.log('API Client: User data:', userResponse.data);
2025-08-20T16:00:43.7300132Z src/__tests__/integration/authFlow.test.tsx:            console.log('Login failed:', error);
2025-08-20T16:00:43.7300825Z src/__tests__/integration/authFlow.test.tsx:            console.log('Expected login error');
2025-08-20T16:00:43.7301564Z src/__tests__/integration/authFlow.test.tsx:          console.log('Mock registration success');
2025-08-20T16:00:43.7302433Z src/screens/ChoresScreen.tsx:            console.log('[CHORES AUDIT] Total chores returned from API:', allChores.length);
2025-08-20T16:00:43.7303366Z src/screens/ChoresScreen.tsx:            console.log('[CHORES AUDIT] Filtered completed chores:', fetchedChores.length);
2025-08-20T16:00:43.7304258Z src/screens/ChoresScreen.tsx:            console.log('[CHORES AUDIT] Completed chores breakdown:', choreDetails);
2025-08-20T16:00:43.7305184Z src/screens/ChoresScreen.tsx:            console.log('[CHORES AUDIT] Manual sum of visible chore rewards:', totalRewardSum);
2025-08-20T16:00:43.7306147Z src/screens/ChoreFormScreen.tsx:        console.log('Validation failed: minReward=', minReward, 'maxReward=', maxReward);
2025-08-20T16:00:43.7307036Z src/screens/ChoreFormScreen.tsx:        console.log('Validation failed: min=', min, 'max=', max);
2025-08-20T16:00:43.7308018Z src/screens/ChoreFormScreen.tsx:        console.log('Validation failed: min >= max', min, '>=', max);
2025-08-20T16:00:43.7308825Z src/screens/ChoreFormScreen.tsx:        console.log('Validation failed: negative values', min, max);
2025-08-20T16:00:43.7309521Z src/screens/ChoreFormScreen.tsx:    console.log('Submit button clicked');
2025-08-20T16:00:43.7310096Z src/screens/ChoreFormScreen.tsx:    console.log('Form state:', {
2025-08-20T16:00:43.7310682Z src/screens/ChoreFormScreen.tsx:      console.log('Form validation failed');
2025-08-20T16:00:43.7311367Z src/screens/ChoreFormScreen.tsx:      console.log('Submitting chore data:', choreData);
2025-08-20T16:00:43.7312102Z src/screens/ChoreFormScreen.tsx:                console.log('Min reward input changed to:', text);
2025-08-20T16:00:43.7312718Z src/screens/ChoreFormScreen.tsx:                console.log('Max reward changed to:', text);
2025-08-20T16:00:43.7313318Z src/screens/ChoreFormScreen.tsx:                console.log('Max reward onChange:', text);
2025-08-20T16:00:43.7314409Z src/screens/ChoreFormScreen.tsx:                console.log('Range reward toggle:', value, 'fixedReward:', fixedReward, 'minReward:', minReward, 'maxReward:', maxReward);
2025-08-20T16:00:43.7315393Z src/screens/ChoreFormScreen.tsx:                  console.log('Initializing min/max rewards with fixed reward value:', fixedReward);
2025-08-20T16:00:43.7316649Z src/screens/ChoreFormScreen.tsx:                  console.log('Not initializing because:', 'value:', value, 'fixedReward:', fixedReward, 'minReward check:', (!minReward || minReward === ''), 'maxReward check:', (!maxReward || maxReward === ''));
2025-08-20T16:00:43.7317653Z src/screens/ChoresManagementScreen.tsx:    console.log('Create New Chore clicked');
2025-08-20T16:00:43.7318656Z src/screens/ChoresManagementScreen.tsx:    console.log('Showing ChoreFormScreen, editing:', editingChore);
2025-08-20T16:00:43.7319484Z src/screens/LoginScreen.tsx:      console.log('Attempting login for:', username);
2025-08-20T16:00:43.7320009Z src/screens/LoginScreen.tsx:      console.log('Login successful');
2025-08-20T16:00:43.7320736Z src/screens/BalanceScreen.tsx:        console.log('[BALANCE AUDIT] Raw balance API response:', JSON.stringify(balanceData, null, 2));
2025-08-20T16:00:43.7321474Z src/screens/BalanceScreen.tsx:        console.log('[BALANCE AUDIT] Manual calculation:', {
2025-08-20T16:00:43.7322099Z src/screens/RegisterScreen.tsx:      console.log('Attempting registration for:', username);
2025-08-20T16:00:43.7322732Z src/screens/RegisterScreen.tsx:      console.log('Registration successful:', response.data);
2025-08-20T16:00:43.7323374Z ⚠️  Warning: Found debug code in source files
2025-08-20T16:00:43.7323809Z Please remove console.log, debugger, .only, or .skip before merging
2025-08-20T16:00:43.7380276Z Post job cleanup.
2025-08-20T16:00:44.0667977Z [command]/usr/bin/tar --posix -cf cache.tzst --exclude cache.tzst -P -C /home/runner/work/chores-tracker/chores-tracker --files-from manifest.txt --use-compress-program zstdmt
2025-08-20T16:00:44.3627287Z Failed to save: Unable to reserve cache with key node-cache-Linux-x64-npm-cc577964850e6fb2ca58f53a9498f9cf9ee61d28f33daa34757e4b4e05a94924, another job may be creating this cache.
2025-08-20T16:00:44.3905520Z Post job cleanup.
2025-08-20T16:00:44.4842996Z [command]/usr/bin/git version
2025-08-20T16:00:44.4881002Z git version 2.50.1
2025-08-20T16:00:44.4930002Z Temporarily overriding HOME='/home/runner/work/_temp/0758e4ad-289f-40b3-9b2c-94254baebf02' before making global git config changes
2025-08-20T16:00:44.4931064Z Adding repository directory to the temporary git global config as a safe directory
2025-08-20T16:00:44.4934989Z [command]/usr/bin/git config --global --add safe.directory /home/runner/work/chores-tracker/chores-tracker
2025-08-20T16:00:44.4968780Z [command]/usr/bin/git config --local --name-only --get-regexp core\.sshCommand
2025-08-20T16:00:44.5001241Z [command]/usr/bin/git submodule foreach --recursive sh -c "git config --local --name-only --get-regexp 'core\.sshCommand' && git config --local --unset-all 'core.sshCommand' || :"
2025-08-20T16:00:44.5225499Z [command]/usr/bin/git config --local --name-only --get-regexp http\.https\:\/\/github\.com\/\.extraheader
2025-08-20T16:00:44.5245642Z http.https://github.com/.extraheader
2025-08-20T16:00:44.5257724Z [command]/usr/bin/git config --local --unset-all http.https://github.com/.extraheader
2025-08-20T16:00:44.5287187Z [command]/usr/bin/git submodule foreach --recursive sh -c "git config --local --name-only --get-regexp 'http\.https\:\/\/github\.com\/\.extraheader' && git config --local --unset-all 'http.https://github.com/.extraheader' || :"
2025-08-20T16:00:44.5602684Z Cleaning up orphan processes
